 Walking01_withElmos_sfun

 Timestamp is 5576105c (Mon Jun 08 17:59:56 2015)

 Preferred load address is 0000000180000000

 Start         Length     Name                   Class
 0001:00000000 002ed24aH .text                   CODE
 0001:002ed250 00000092H .text$x                 CODE
 0002:00000000 000006c0H .idata$5                DATA
 0002:000006c0 00000008H .CRT$XCA                DATA
 0002:000006c8 00000008H .CRT$XCZ                DATA
 0002:000006d0 00000008H .CRT$XIA                DATA
 0002:000006d8 00000008H .CRT$XIAA               DATA
 0002:000006e0 00000008H .CRT$XIZ                DATA
 0002:000006f0 00000c4cH .rdata                  DATA
 0002:00001340 00000008H .rtc$IAA                DATA
 0002:00001348 00000008H .rtc$IZZ                DATA
 0002:00001350 00000008H .rtc$TAA                DATA
 0002:00001358 00000008H .rtc$TZZ                DATA
 0002:00001360 00004bccH .xdata                  DATA
 0002:00005f2c 000000a0H .idata$2                DATA
 0002:00005fcc 00000014H .idata$3                DATA
 0002:00005fe0 000006c0H .idata$4                DATA
 0002:000066a0 00001398H .idata$6                DATA
 0002:00007a40 0000005eH .edata                  DATA
 0003:00000000 000c9858H .data                   DATA
 0003:000c9860 00001230H .bss                    DATA
 0004:00000000 00005898H .pdata                  DATA

  Address         Publics by Value              Rva+Base               Lib:Object

 0000:00000000       ___safe_se_handler_table   0000000000000000     <absolute>
 0000:00000000       ___safe_se_handler_count   0000000000000000     <absolute>
 0000:00000000       __ImageBase                0000000180000000     <linker-defined>
 0001:00000000       Walking01_withElmos_initializer 0000000180001000 f   Walking01_withElmos_sfun.obj
 0001:00000010       Walking01_withElmos_terminator 0000000180001010 f   Walking01_withElmos_sfun.obj
 0001:00000020       sf_Walking01_withElmos_method_dispatcher 0000000180001020 f   Walking01_withElmos_sfun.obj
 0001:00000380       sf_Walking01_withElmos_uses_exported_functions 0000000180001380 f   Walking01_withElmos_sfun.obj
 0001:000003c0       sf_Walking01_withElmos_process_testpoint_info_call 00000001800013c0 f   Walking01_withElmos_sfun.obj
 0001:00000600       sf_Walking01_withElmos_process_check_sum_call 0000000180001600 f   Walking01_withElmos_sfun.obj
 0001:00000c00       sf_Walking01_withElmos_autoinheritance_info 0000000180001c00 f   Walking01_withElmos_sfun.obj
 0001:00001420       sf_Walking01_withElmos_get_eml_resolved_functions_info 0000000180002420 f   Walking01_withElmos_sfun.obj
 0001:00001ab0       sf_Walking01_withElmos_third_party_uses_info 0000000180002ab0 f   Walking01_withElmos_sfun.obj
 0001:00002040       sf_Walking01_withElmos_jit_fallback_info 0000000180003040 f   Walking01_withElmos_sfun.obj
 0001:000025d0       sf_Walking01_withElmos_updateBuildInfo_args_info 00000001800035d0 f   Walking01_withElmos_sfun.obj
 0001:00002b60       sf_Walking01_withElmos_get_post_codegen_info 0000000180003b60 f   Walking01_withElmos_sfun.obj
 0001:000030d0       Walking01_withElmos_debug_initialize 00000001800040d0 f   Walking01_withElmos_sfun.obj
 0001:00003150       Walking01_withElmos_register_exported_symbols 0000000180004150 f   Walking01_withElmos_sfun.obj
 0001:00003160       load_Walking01_withElmos_optimization_info 0000000180004160 f   Walking01_withElmos_sfun.obj
 0001:000031b0       unload_Walking01_withElmos_optimization_info 00000001800041b0 f   Walking01_withElmos_sfun.obj
 0001:000031e0       sf_c1_Walking01_withElmos_get_eml_resolved_functions_info 00000001800041e0 f   c1_Walking01_withElmos.obj
 0001:0000b9b0       sf_c1_Walking01_withElmos_get_check_sum 000000018000c9b0 f   c1_Walking01_withElmos.obj
 0001:0000ba30       sf_c1_Walking01_withElmos_get_autoinheritance_info 000000018000ca30 f   c1_Walking01_withElmos.obj
 0001:0000be90       sf_c1_Walking01_withElmos_third_party_uses_info 000000018000ce90 f   c1_Walking01_withElmos.obj
 0001:0000bec0       sf_c1_Walking01_withElmos_jit_fallback_info 000000018000cec0 f   c1_Walking01_withElmos.obj
 0001:0000bf90       sf_c1_Walking01_withElmos_updateBuildInfo_args_info 000000018000cf90 f   c1_Walking01_withElmos.obj
 0001:0000bfc0       sf_c1_Walking01_withElmos_get_post_codegen_info 000000018000cfc0 f   c1_Walking01_withElmos.obj
 0001:0000c090       c1_Walking01_withElmos_method_dispatcher 000000018000d090 f   c1_Walking01_withElmos.obj
 0001:0000ea40       sf_c2_Walking01_withElmos_get_eml_resolved_functions_info 000000018000fa40 f   c2_Walking01_withElmos.obj
 0001:00013ea0       sf_c2_Walking01_withElmos_get_check_sum 0000000180014ea0 f   c2_Walking01_withElmos.obj
 0001:00013f20       sf_c2_Walking01_withElmos_get_autoinheritance_info 0000000180014f20 f   c2_Walking01_withElmos.obj
 0001:000144d0       sf_c2_Walking01_withElmos_third_party_uses_info 00000001800154d0 f   c2_Walking01_withElmos.obj
 0001:00014500       sf_c2_Walking01_withElmos_jit_fallback_info 0000000180015500 f   c2_Walking01_withElmos.obj
 0001:000145d0       sf_c2_Walking01_withElmos_updateBuildInfo_args_info 00000001800155d0 f   c2_Walking01_withElmos.obj
 0001:00014600       sf_c2_Walking01_withElmos_get_post_codegen_info 0000000180015600 f   c2_Walking01_withElmos.obj
 0001:000146d0       c2_Walking01_withElmos_method_dispatcher 00000001800156d0 f   c2_Walking01_withElmos.obj
 0001:000174a0       sf_c3_Walking01_withElmos_get_eml_resolved_functions_info 00000001800184a0 f   c3_Walking01_withElmos.obj
 0001:00017ce0       sf_c3_Walking01_withElmos_get_check_sum 0000000180018ce0 f   c3_Walking01_withElmos.obj
 0001:00017d60       sf_c3_Walking01_withElmos_get_autoinheritance_info 0000000180018d60 f   c3_Walking01_withElmos.obj
 0001:00018c40       sf_c3_Walking01_withElmos_third_party_uses_info 0000000180019c40 f   c3_Walking01_withElmos.obj
 0001:00018c70       sf_c3_Walking01_withElmos_jit_fallback_info 0000000180019c70 f   c3_Walking01_withElmos.obj
 0001:00018d40       sf_c3_Walking01_withElmos_updateBuildInfo_args_info 0000000180019d40 f   c3_Walking01_withElmos.obj
 0001:00018d70       sf_c3_Walking01_withElmos_get_post_codegen_info 0000000180019d70 f   c3_Walking01_withElmos.obj
 0001:00018e40       sf_c3_Walking01_withElmos_get_testpoint_info 0000000180019e40 f   c3_Walking01_withElmos.obj
 0001:00018e50       c3_Walking01_withElmos_method_dispatcher 0000000180019e50 f   c3_Walking01_withElmos.obj
 0001:00021510       sf_c5_Walking01_withElmos_get_eml_resolved_functions_info 0000000180022510 f   c5_Walking01_withElmos.obj
 0001:0002c8b0       sf_c5_Walking01_withElmos_get_check_sum 000000018002d8b0 f   c5_Walking01_withElmos.obj
 0001:0002c930       sf_c5_Walking01_withElmos_get_autoinheritance_info 000000018002d930 f   c5_Walking01_withElmos.obj
 0001:0002dba0       sf_c5_Walking01_withElmos_third_party_uses_info 000000018002eba0 f   c5_Walking01_withElmos.obj
 0001:0002dbd0       sf_c5_Walking01_withElmos_jit_fallback_info 000000018002ebd0 f   c5_Walking01_withElmos.obj
 0001:0002dca0       sf_c5_Walking01_withElmos_updateBuildInfo_args_info 000000018002eca0 f   c5_Walking01_withElmos.obj
 0001:0002dcd0       sf_c5_Walking01_withElmos_get_post_codegen_info 000000018002ecd0 f   c5_Walking01_withElmos.obj
 0001:0002dda0       c5_Walking01_withElmos_method_dispatcher 000000018002eda0 f   c5_Walking01_withElmos.obj
 0001:00036870       sf_c6_Walking01_withElmos_get_eml_resolved_functions_info 0000000180037870 f   c6_Walking01_withElmos.obj
 0001:0003f040       sf_c6_Walking01_withElmos_get_check_sum 0000000180040040 f   c6_Walking01_withElmos.obj
 0001:0003f0c0       sf_c6_Walking01_withElmos_get_autoinheritance_info 00000001800400c0 f   c6_Walking01_withElmos.obj
 0001:0003f520       sf_c6_Walking01_withElmos_third_party_uses_info 0000000180040520 f   c6_Walking01_withElmos.obj
 0001:0003f550       sf_c6_Walking01_withElmos_jit_fallback_info 0000000180040550 f   c6_Walking01_withElmos.obj
 0001:0003f620       sf_c6_Walking01_withElmos_updateBuildInfo_args_info 0000000180040620 f   c6_Walking01_withElmos.obj
 0001:0003f650       sf_c6_Walking01_withElmos_get_post_codegen_info 0000000180040650 f   c6_Walking01_withElmos.obj
 0001:0003f720       c6_Walking01_withElmos_method_dispatcher 0000000180040720 f   c6_Walking01_withElmos.obj
 0001:00042100       sf_c7_Walking01_withElmos_get_eml_resolved_functions_info 0000000180043100 f   c7_Walking01_withElmos.obj
 0001:00048b70       sf_c7_Walking01_withElmos_get_check_sum 0000000180049b70 f   c7_Walking01_withElmos.obj
 0001:00048bf0       sf_c7_Walking01_withElmos_get_autoinheritance_info 0000000180049bf0 f   c7_Walking01_withElmos.obj
 0001:00049be0       sf_c7_Walking01_withElmos_third_party_uses_info 000000018004abe0 f   c7_Walking01_withElmos.obj
 0001:00049c10       sf_c7_Walking01_withElmos_jit_fallback_info 000000018004ac10 f   c7_Walking01_withElmos.obj
 0001:00049ce0       sf_c7_Walking01_withElmos_updateBuildInfo_args_info 000000018004ace0 f   c7_Walking01_withElmos.obj
 0001:00049d10       sf_c7_Walking01_withElmos_get_post_codegen_info 000000018004ad10 f   c7_Walking01_withElmos.obj
 0001:00049de0       c7_Walking01_withElmos_method_dispatcher 000000018004ade0 f   c7_Walking01_withElmos.obj
 0001:00054f70       sf_c9_Walking01_withElmos_get_eml_resolved_functions_info 0000000180055f70 f   c9_Walking01_withElmos.obj
 0001:000557b0       sf_c9_Walking01_withElmos_get_check_sum 00000001800567b0 f   c9_Walking01_withElmos.obj
 0001:00055830       sf_c9_Walking01_withElmos_get_autoinheritance_info 0000000180056830 f   c9_Walking01_withElmos.obj
 0001:00056850       sf_c9_Walking01_withElmos_third_party_uses_info 0000000180057850 f   c9_Walking01_withElmos.obj
 0001:00056880       sf_c9_Walking01_withElmos_jit_fallback_info 0000000180057880 f   c9_Walking01_withElmos.obj
 0001:00056950       sf_c9_Walking01_withElmos_updateBuildInfo_args_info 0000000180057950 f   c9_Walking01_withElmos.obj
 0001:00056980       sf_c9_Walking01_withElmos_get_post_codegen_info 0000000180057980 f   c9_Walking01_withElmos.obj
 0001:00056a50       sf_c9_Walking01_withElmos_get_testpoint_info 0000000180057a50 f   c9_Walking01_withElmos.obj
 0001:00056a60       c9_Walking01_withElmos_method_dispatcher 0000000180057a60 f   c9_Walking01_withElmos.obj
 0001:00060720       sf_c10_Walking01_withElmos_get_eml_resolved_functions_info 0000000180061720 f   c10_Walking01_withElmos.obj
 0001:00061e40       sf_c10_Walking01_withElmos_get_check_sum 0000000180062e40 f   c10_Walking01_withElmos.obj
 0001:00061ec0       sf_c10_Walking01_withElmos_get_autoinheritance_info 0000000180062ec0 f   c10_Walking01_withElmos.obj
 0001:00062320       sf_c10_Walking01_withElmos_third_party_uses_info 0000000180063320 f   c10_Walking01_withElmos.obj
 0001:00062350       sf_c10_Walking01_withElmos_jit_fallback_info 0000000180063350 f   c10_Walking01_withElmos.obj
 0001:00062420       sf_c10_Walking01_withElmos_updateBuildInfo_args_info 0000000180063420 f   c10_Walking01_withElmos.obj
 0001:00062450       sf_c10_Walking01_withElmos_get_post_codegen_info 0000000180063450 f   c10_Walking01_withElmos.obj
 0001:00062520       c10_Walking01_withElmos_method_dispatcher 0000000180063520 f   c10_Walking01_withElmos.obj
 0001:00064ac0       sf_c11_Walking01_withElmos_get_eml_resolved_functions_info 0000000180065ac0 f   c11_Walking01_withElmos.obj
 0001:00076ca0       sf_c11_Walking01_withElmos_get_check_sum 0000000180077ca0 f   c11_Walking01_withElmos.obj
 0001:00076d20       sf_c11_Walking01_withElmos_get_autoinheritance_info 0000000180077d20 f   c11_Walking01_withElmos.obj
 0001:00077800       sf_c11_Walking01_withElmos_third_party_uses_info 0000000180078800 f   c11_Walking01_withElmos.obj
 0001:00077830       sf_c11_Walking01_withElmos_jit_fallback_info 0000000180078830 f   c11_Walking01_withElmos.obj
 0001:00077900       sf_c11_Walking01_withElmos_updateBuildInfo_args_info 0000000180078900 f   c11_Walking01_withElmos.obj
 0001:00077930       sf_c11_Walking01_withElmos_get_post_codegen_info 0000000180078930 f   c11_Walking01_withElmos.obj
 0001:00077a00       c11_Walking01_withElmos_method_dispatcher 0000000180078a00 f   c11_Walking01_withElmos.obj
 0001:00082780       sf_c15_Walking01_withElmos_get_eml_resolved_functions_info 0000000180083780 f   c15_Walking01_withElmos.obj
 0001:00083ea0       sf_c15_Walking01_withElmos_get_check_sum 0000000180084ea0 f   c15_Walking01_withElmos.obj
 0001:00083f20       sf_c15_Walking01_withElmos_get_autoinheritance_info 0000000180084f20 f   c15_Walking01_withElmos.obj
 0001:00084380       sf_c15_Walking01_withElmos_third_party_uses_info 0000000180085380 f   c15_Walking01_withElmos.obj
 0001:000843b0       sf_c15_Walking01_withElmos_jit_fallback_info 00000001800853b0 f   c15_Walking01_withElmos.obj
 0001:00084480       sf_c15_Walking01_withElmos_updateBuildInfo_args_info 0000000180085480 f   c15_Walking01_withElmos.obj
 0001:000844b0       sf_c15_Walking01_withElmos_get_post_codegen_info 00000001800854b0 f   c15_Walking01_withElmos.obj
 0001:00084580       c15_Walking01_withElmos_method_dispatcher 0000000180085580 f   c15_Walking01_withElmos.obj
 0001:00086c00       sf_c16_Walking01_withElmos_get_eml_resolved_functions_info 0000000180087c00 f   c16_Walking01_withElmos.obj
 0001:00088320       sf_c16_Walking01_withElmos_get_check_sum 0000000180089320 f   c16_Walking01_withElmos.obj
 0001:000883a0       sf_c16_Walking01_withElmos_get_autoinheritance_info 00000001800893a0 f   c16_Walking01_withElmos.obj
 0001:00088800       sf_c16_Walking01_withElmos_third_party_uses_info 0000000180089800 f   c16_Walking01_withElmos.obj
 0001:00088830       sf_c16_Walking01_withElmos_jit_fallback_info 0000000180089830 f   c16_Walking01_withElmos.obj
 0001:00088900       sf_c16_Walking01_withElmos_updateBuildInfo_args_info 0000000180089900 f   c16_Walking01_withElmos.obj
 0001:00088930       sf_c16_Walking01_withElmos_get_post_codegen_info 0000000180089930 f   c16_Walking01_withElmos.obj
 0001:00088a00       c16_Walking01_withElmos_method_dispatcher 0000000180089a00 f   c16_Walking01_withElmos.obj
 0001:0008b160       sf_c17_Walking01_withElmos_get_eml_resolved_functions_info 000000018008c160 f   c17_Walking01_withElmos.obj
 0001:0008c880       sf_c17_Walking01_withElmos_get_check_sum 000000018008d880 f   c17_Walking01_withElmos.obj
 0001:0008c900       sf_c17_Walking01_withElmos_get_autoinheritance_info 000000018008d900 f   c17_Walking01_withElmos.obj
 0001:0008cd60       sf_c17_Walking01_withElmos_third_party_uses_info 000000018008dd60 f   c17_Walking01_withElmos.obj
 0001:0008cd90       sf_c17_Walking01_withElmos_jit_fallback_info 000000018008dd90 f   c17_Walking01_withElmos.obj
 0001:0008ce60       sf_c17_Walking01_withElmos_updateBuildInfo_args_info 000000018008de60 f   c17_Walking01_withElmos.obj
 0001:0008ce90       sf_c17_Walking01_withElmos_get_post_codegen_info 000000018008de90 f   c17_Walking01_withElmos.obj
 0001:0008cf60       c17_Walking01_withElmos_method_dispatcher 000000018008df60 f   c17_Walking01_withElmos.obj
 0001:0008f6c0       sf_c18_Walking01_withElmos_get_eml_resolved_functions_info 00000001800906c0 f   c18_Walking01_withElmos.obj
 0001:00092180       sf_c18_Walking01_withElmos_get_check_sum 0000000180093180 f   c18_Walking01_withElmos.obj
 0001:00092200       sf_c18_Walking01_withElmos_get_autoinheritance_info 0000000180093200 f   c18_Walking01_withElmos.obj
 0001:00092660       sf_c18_Walking01_withElmos_third_party_uses_info 0000000180093660 f   c18_Walking01_withElmos.obj
 0001:00092690       sf_c18_Walking01_withElmos_jit_fallback_info 0000000180093690 f   c18_Walking01_withElmos.obj
 0001:00092760       sf_c18_Walking01_withElmos_updateBuildInfo_args_info 0000000180093760 f   c18_Walking01_withElmos.obj
 0001:00092790       sf_c18_Walking01_withElmos_get_post_codegen_info 0000000180093790 f   c18_Walking01_withElmos.obj
 0001:00092860       c18_Walking01_withElmos_method_dispatcher 0000000180093860 f   c18_Walking01_withElmos.obj
 0001:00095a90       sf_c19_Walking01_withElmos_get_eml_resolved_functions_info 0000000180096a90 f   c19_Walking01_withElmos.obj
 0001:0009b3e0       sf_c19_Walking01_withElmos_get_check_sum 000000018009c3e0 f   c19_Walking01_withElmos.obj
 0001:0009b460       sf_c19_Walking01_withElmos_get_autoinheritance_info 000000018009c460 f   c19_Walking01_withElmos.obj
 0001:0009c430       sf_c19_Walking01_withElmos_third_party_uses_info 000000018009d430 f   c19_Walking01_withElmos.obj
 0001:0009c460       sf_c19_Walking01_withElmos_jit_fallback_info 000000018009d460 f   c19_Walking01_withElmos.obj
 0001:0009c530       sf_c19_Walking01_withElmos_updateBuildInfo_args_info 000000018009d530 f   c19_Walking01_withElmos.obj
 0001:0009c560       sf_c19_Walking01_withElmos_get_post_codegen_info 000000018009d560 f   c19_Walking01_withElmos.obj
 0001:0009c630       c19_Walking01_withElmos_method_dispatcher 000000018009d630 f   c19_Walking01_withElmos.obj
 0001:000a18f0       sf_c20_Walking01_withElmos_get_eml_resolved_functions_info 00000001800a28f0 f   c20_Walking01_withElmos.obj
 0001:000a1970       sf_c20_Walking01_withElmos_get_check_sum 00000001800a2970 f   c20_Walking01_withElmos.obj
 0001:000a19f0       sf_c20_Walking01_withElmos_get_autoinheritance_info 00000001800a29f0 f   c20_Walking01_withElmos.obj
 0001:000a2790       sf_c20_Walking01_withElmos_third_party_uses_info 00000001800a3790 f   c20_Walking01_withElmos.obj
 0001:000a27c0       sf_c20_Walking01_withElmos_jit_fallback_info 00000001800a37c0 f   c20_Walking01_withElmos.obj
 0001:000a2890       sf_c20_Walking01_withElmos_updateBuildInfo_args_info 00000001800a3890 f   c20_Walking01_withElmos.obj
 0001:000a28c0       sf_c20_Walking01_withElmos_get_post_codegen_info 00000001800a38c0 f   c20_Walking01_withElmos.obj
 0001:000a2990       sf_c20_Walking01_withElmos_get_testpoint_info 00000001800a3990 f   c20_Walking01_withElmos.obj
 0001:000a29a0       c20_Walking01_withElmos_method_dispatcher 00000001800a39a0 f   c20_Walking01_withElmos.obj
 0001:000aeb40       sf_c21_Walking01_withElmos_get_eml_resolved_functions_info 00000001800afb40 f   c21_Walking01_withElmos.obj
 0001:000b55b0       sf_c21_Walking01_withElmos_get_check_sum 00000001800b65b0 f   c21_Walking01_withElmos.obj
 0001:000b5630       sf_c21_Walking01_withElmos_get_autoinheritance_info 00000001800b6630 f   c21_Walking01_withElmos.obj
 0001:000b6620       sf_c21_Walking01_withElmos_third_party_uses_info 00000001800b7620 f   c21_Walking01_withElmos.obj
 0001:000b6650       sf_c21_Walking01_withElmos_jit_fallback_info 00000001800b7650 f   c21_Walking01_withElmos.obj
 0001:000b6720       sf_c21_Walking01_withElmos_updateBuildInfo_args_info 00000001800b7720 f   c21_Walking01_withElmos.obj
 0001:000b6750       sf_c21_Walking01_withElmos_get_post_codegen_info 00000001800b7750 f   c21_Walking01_withElmos.obj
 0001:000b6820       c21_Walking01_withElmos_method_dispatcher 00000001800b7820 f   c21_Walking01_withElmos.obj
 0001:000c1950       sf_c22_Walking01_withElmos_get_eml_resolved_functions_info 00000001800c2950 f   c22_Walking01_withElmos.obj
 0001:000c19d0       sf_c22_Walking01_withElmos_get_check_sum 00000001800c29d0 f   c22_Walking01_withElmos.obj
 0001:000c1a50       sf_c22_Walking01_withElmos_get_autoinheritance_info 00000001800c2a50 f   c22_Walking01_withElmos.obj
 0001:000c27f0       sf_c22_Walking01_withElmos_third_party_uses_info 00000001800c37f0 f   c22_Walking01_withElmos.obj
 0001:000c2820       sf_c22_Walking01_withElmos_jit_fallback_info 00000001800c3820 f   c22_Walking01_withElmos.obj
 0001:000c28f0       sf_c22_Walking01_withElmos_updateBuildInfo_args_info 00000001800c38f0 f   c22_Walking01_withElmos.obj
 0001:000c2920       sf_c22_Walking01_withElmos_get_post_codegen_info 00000001800c3920 f   c22_Walking01_withElmos.obj
 0001:000c29f0       sf_c22_Walking01_withElmos_get_testpoint_info 00000001800c39f0 f   c22_Walking01_withElmos.obj
 0001:000c2a00       c22_Walking01_withElmos_method_dispatcher 00000001800c3a00 f   c22_Walking01_withElmos.obj
 0001:000ceb90       sf_c23_Walking01_withElmos_get_eml_resolved_functions_info 00000001800cfb90 f   c23_Walking01_withElmos.obj
 0001:000cec10       sf_c23_Walking01_withElmos_get_check_sum 00000001800cfc10 f   c23_Walking01_withElmos.obj
 0001:000cec90       sf_c23_Walking01_withElmos_get_autoinheritance_info 00000001800cfc90 f   c23_Walking01_withElmos.obj
 0001:000cfa30       sf_c23_Walking01_withElmos_third_party_uses_info 00000001800d0a30 f   c23_Walking01_withElmos.obj
 0001:000cfa60       sf_c23_Walking01_withElmos_jit_fallback_info 00000001800d0a60 f   c23_Walking01_withElmos.obj
 0001:000cfb30       sf_c23_Walking01_withElmos_updateBuildInfo_args_info 00000001800d0b30 f   c23_Walking01_withElmos.obj
 0001:000cfb60       sf_c23_Walking01_withElmos_get_post_codegen_info 00000001800d0b60 f   c23_Walking01_withElmos.obj
 0001:000cfc30       sf_c23_Walking01_withElmos_get_testpoint_info 00000001800d0c30 f   c23_Walking01_withElmos.obj
 0001:000cfc40       c23_Walking01_withElmos_method_dispatcher 00000001800d0c40 f   c23_Walking01_withElmos.obj
 0001:000dbdd0       sf_c24_Walking01_withElmos_get_eml_resolved_functions_info 00000001800dcdd0 f   c24_Walking01_withElmos.obj
 0001:000e45a0       sf_c24_Walking01_withElmos_get_check_sum 00000001800e55a0 f   c24_Walking01_withElmos.obj
 0001:000e4620       sf_c24_Walking01_withElmos_get_autoinheritance_info 00000001800e5620 f   c24_Walking01_withElmos.obj
 0001:000e5600       sf_c24_Walking01_withElmos_third_party_uses_info 00000001800e6600 f   c24_Walking01_withElmos.obj
 0001:000e5630       sf_c24_Walking01_withElmos_jit_fallback_info 00000001800e6630 f   c24_Walking01_withElmos.obj
 0001:000e5700       sf_c24_Walking01_withElmos_updateBuildInfo_args_info 00000001800e6700 f   c24_Walking01_withElmos.obj
 0001:000e5730       sf_c24_Walking01_withElmos_get_post_codegen_info 00000001800e6730 f   c24_Walking01_withElmos.obj
 0001:000e5800       c24_Walking01_withElmos_method_dispatcher 00000001800e6800 f   c24_Walking01_withElmos.obj
 0001:000f0e50       sf_c25_Walking01_withElmos_get_eml_resolved_functions_info 00000001800f1e50 f   c25_Walking01_withElmos.obj
 0001:000f2090       sf_c25_Walking01_withElmos_get_check_sum 00000001800f3090 f   c25_Walking01_withElmos.obj
 0001:000f2110       sf_c25_Walking01_withElmos_get_autoinheritance_info 00000001800f3110 f   c25_Walking01_withElmos.obj
 0001:000f2800       sf_c25_Walking01_withElmos_third_party_uses_info 00000001800f3800 f   c25_Walking01_withElmos.obj
 0001:000f2830       sf_c25_Walking01_withElmos_jit_fallback_info 00000001800f3830 f   c25_Walking01_withElmos.obj
 0001:000f2900       sf_c25_Walking01_withElmos_updateBuildInfo_args_info 00000001800f3900 f   c25_Walking01_withElmos.obj
 0001:000f2930       sf_c25_Walking01_withElmos_get_post_codegen_info 00000001800f3930 f   c25_Walking01_withElmos.obj
 0001:000f2a00       c25_Walking01_withElmos_method_dispatcher 00000001800f3a00 f   c25_Walking01_withElmos.obj
 0001:000f7c70       sf_c26_Walking01_withElmos_get_eml_resolved_functions_info 00000001800f8c70 f   c26_Walking01_withElmos.obj
 0001:0010eed0       sf_c26_Walking01_withElmos_get_check_sum 000000018010fed0 f   c26_Walking01_withElmos.obj
 0001:0010ef50       sf_c26_Walking01_withElmos_get_autoinheritance_info 000000018010ff50 f   c26_Walking01_withElmos.obj
 0001:001101c0       sf_c26_Walking01_withElmos_third_party_uses_info 00000001801111c0 f   c26_Walking01_withElmos.obj
 0001:001101f0       sf_c26_Walking01_withElmos_jit_fallback_info 00000001801111f0 f   c26_Walking01_withElmos.obj
 0001:001102c0       sf_c26_Walking01_withElmos_updateBuildInfo_args_info 00000001801112c0 f   c26_Walking01_withElmos.obj
 0001:001102f0       sf_c26_Walking01_withElmos_get_post_codegen_info 00000001801112f0 f   c26_Walking01_withElmos.obj
 0001:001103c0       c26_Walking01_withElmos_method_dispatcher 00000001801113c0 f   c26_Walking01_withElmos.obj
 0001:0011c020       sf_c27_Walking01_withElmos_get_eml_resolved_functions_info 000000018011d020 f   c27_Walking01_withElmos.obj
 0001:0011c0a0       sf_c27_Walking01_withElmos_get_check_sum 000000018011d0a0 f   c27_Walking01_withElmos.obj
 0001:0011c120       sf_c27_Walking01_withElmos_get_autoinheritance_info 000000018011d120 f   c27_Walking01_withElmos.obj
 0001:0011cec0       sf_c27_Walking01_withElmos_third_party_uses_info 000000018011dec0 f   c27_Walking01_withElmos.obj
 0001:0011cef0       sf_c27_Walking01_withElmos_jit_fallback_info 000000018011def0 f   c27_Walking01_withElmos.obj
 0001:0011cfc0       sf_c27_Walking01_withElmos_updateBuildInfo_args_info 000000018011dfc0 f   c27_Walking01_withElmos.obj
 0001:0011cff0       sf_c27_Walking01_withElmos_get_post_codegen_info 000000018011dff0 f   c27_Walking01_withElmos.obj
 0001:0011d0c0       sf_c27_Walking01_withElmos_get_testpoint_info 000000018011e0c0 f   c27_Walking01_withElmos.obj
 0001:0011d0d0       c27_Walking01_withElmos_method_dispatcher 000000018011e0d0 f   c27_Walking01_withElmos.obj
 0001:00129250       sf_c32_Walking01_withElmos_get_eml_resolved_functions_info 000000018012a250 f   c32_Walking01_withElmos.obj
 0001:00131a20       sf_c32_Walking01_withElmos_get_check_sum 0000000180132a20 f   c32_Walking01_withElmos.obj
 0001:00131aa0       sf_c32_Walking01_withElmos_get_autoinheritance_info 0000000180132aa0 f   c32_Walking01_withElmos.obj
 0001:00131f00       sf_c32_Walking01_withElmos_third_party_uses_info 0000000180132f00 f   c32_Walking01_withElmos.obj
 0001:00131f30       sf_c32_Walking01_withElmos_jit_fallback_info 0000000180132f30 f   c32_Walking01_withElmos.obj
 0001:00132000       sf_c32_Walking01_withElmos_updateBuildInfo_args_info 0000000180133000 f   c32_Walking01_withElmos.obj
 0001:00132030       sf_c32_Walking01_withElmos_get_post_codegen_info 0000000180133030 f   c32_Walking01_withElmos.obj
 0001:00132100       c32_Walking01_withElmos_method_dispatcher 0000000180133100 f   c32_Walking01_withElmos.obj
 0001:00134b40       sf_process_check_sum_call  0000000180135b40 f   Walking01_withElmos_sfun_registry.obj
 0001:00134bb0       sf_process_machine_uses_exported_functions_call 0000000180135bb0 f   Walking01_withElmos_sfun_registry.obj
 0001:00134d50       sf_process_testpoint_info_call 0000000180135d50 f   Walking01_withElmos_sfun_registry.obj
 0001:00134dc0       sf_process_autoinheritance_call 0000000180135dc0 f   Walking01_withElmos_sfun_registry.obj
 0001:00135000       sf_process_get_third_party_uses_info_call 0000000180136000 f   Walking01_withElmos_sfun_registry.obj
 0001:00135240       sf_process_get_jit_fallback_info_call 0000000180136240 f   Walking01_withElmos_sfun_registry.obj
 0001:00135480       sf_process_get_updateBuildInfo_args_info_call 0000000180136480 f   Walking01_withElmos_sfun_registry.obj
 0001:001356c0       sf_process_get_eml_resolved_functions_info_call 00000001801366c0 f   Walking01_withElmos_sfun_registry.obj
 0001:001358b0       sf_process_get_post_codegen_info 00000001801368b0 f   Walking01_withElmos_sfun_registry.obj
 0001:00135a50       sf_mex_unlock_call         0000000180136a50 f   Walking01_withElmos_sfun_registry.obj
 0001:00135b00       sf_machine_global_initializer_called 0000000180136b00 f   Walking01_withElmos_sfun_registry.obj
 0001:00135b30       sf_machine_global_method_dispatcher 0000000180136b30 f   Walking01_withElmos_sfun_registry.obj
 0001:00135bd0       sf_machine_global_terminator 0000000180136bd0 f   Walking01_withElmos_sfun_registry.obj
 0001:00135c20       sf_register_machine_exported_symbols 0000000180136c20 f   Walking01_withElmos_sfun_registry.obj
 0001:00135c50       callCustomFcn              0000000180136c50 f   Walking01_withElmos_sfun_registry.obj
 0001:00135c60       sf_machine_global_initializer 0000000180136c60 f   Walking01_withElmos_sfun_registry.obj
 0001:00135cf0       mdlGetSimState             0000000180136cf0 f   Walking01_withElmos_sfun_registry.obj
 0001:00135d70       mdlSetSimState             0000000180136d70 f   Walking01_withElmos_sfun_registry.obj
 0001:00135db0       _ssSetStateAbsTol          0000000180136db0 f   Walking01_withElmos_sfun_registry.obj
 0001:00135e90       _ssGetAbsTol               0000000180136e90 f   Walking01_withElmos_sfun_registry.obj
 0001:00135f00       _ssSetInputPortMatrixDimensions 0000000180136f00 f   Walking01_withElmos_sfun_registry.obj
 0001:00136010       _ssSetOutputPortMatrixDimensions 0000000180137010 f   Walking01_withElmos_sfun_registry.obj
 0001:00136120       _ssSetInputPortVectorDimension 0000000180137120 f   Walking01_withElmos_sfun_registry.obj
 0001:001361f0       _ssSetOutputPortVectorDimension 00000001801371f0 f   Walking01_withElmos_sfun_registry.obj
 0001:001362c0       ssIsRunTimeParamTunable    00000001801372c0 f   Walking01_withElmos_sfun_registry.obj
 0001:00136330       ssGetSFuncBlockHandle      0000000180137330 f   Walking01_withElmos_sfun_registry.obj
 0001:001363a0       _ssGetCurrentInputPortWidth 00000001801373a0 f   Walking01_withElmos_sfun_registry.obj
 0001:001364c0       _ssGetCurrentOutputPortWidth 00000001801374c0 f   Walking01_withElmos_sfun_registry.obj
 0001:001365e0       _ssGetCallSystemNumFcnCallDestinations 00000001801375e0 f   Walking01_withElmos_sfun_registry.obj
 0001:00136650       ssWarning                  0000000180137650 f   Walking01_withElmos_sfun_registry.obj
 0001:00136760       ssGetIsZeroCrossControlDisabled 0000000180137760 f   Walking01_withElmos_sfun_registry.obj
 0001:001367d0       ssSetIsInputPortUsedForContZcSignal 00000001801377d0 f   Walking01_withElmos_sfun_registry.obj
 0001:00136840       ssSetZcSignalIsZcElementDisc 0000000180137840 f   Walking01_withElmos_sfun_registry.obj
 0001:001368f0       ssSetZcSignalName          00000001801378f0 f   Walking01_withElmos_sfun_registry.obj
 0001:00136960       ssSetZcSignalWidth         0000000180137960 f   Walking01_withElmos_sfun_registry.obj
 0001:001369d0       ssSetZcSignalZcEventType   00000001801379d0 f   Walking01_withElmos_sfun_registry.obj
 0001:00136a40       ssSetZcSignalType          0000000180137a40 f   Walking01_withElmos_sfun_registry.obj
 0001:00136ab0       ssSetZcSignalZcTol         0000000180137ab0 f   Walking01_withElmos_sfun_registry.obj
 0001:00136b20       ssSetZcSignalNeedsEventNotification 0000000180137b20 f   Walking01_withElmos_sfun_registry.obj
 0001:00136b90       ssCreateAndAddZcSignalInfo 0000000180137b90 f   Walking01_withElmos_sfun_registry.obj
 0001:00136c00       ssCloneAndAddZcSignalInfo  0000000180137c00 f   Walking01_withElmos_sfun_registry.obj
 0001:00136c70       ssGetNumZcSignals          0000000180137c70 f   Walking01_withElmos_sfun_registry.obj
 0001:00136ce0       ssGetZcSignalVector        0000000180137ce0 f   Walking01_withElmos_sfun_registry.obj
 0001:00136d50       ssGetZcSignalZcEvents      0000000180137d50 f   Walking01_withElmos_sfun_registry.obj
 0001:00136dc0       ssGetZcSignalName          0000000180137dc0 f   Walking01_withElmos_sfun_registry.obj
 0001:00136e30       ssGetZcSignalWidth         0000000180137e30 f   Walking01_withElmos_sfun_registry.obj
 0001:00136ea0       ssGetZcSignalZcEventType   0000000180137ea0 f   Walking01_withElmos_sfun_registry.obj
 0001:00136f10       ssGetZcSignalType          0000000180137f10 f   Walking01_withElmos_sfun_registry.obj
 0001:00136f80       ssGetZcSignalZcTol         0000000180137f80 f   Walking01_withElmos_sfun_registry.obj
 0001:00137000       ssGetZcSignalNeedsEventNotification 0000000180138000 f   Walking01_withElmos_sfun_registry.obj
 0001:00137070       ssGetZcSignalIsZcElementDisc 0000000180138070 f   Walking01_withElmos_sfun_registry.obj
 0001:00137110       ssGetIsInputPortElementContinuous 0000000180138110 f   Walking01_withElmos_sfun_registry.obj
 0001:001371b0       _ssGetInputPortSignalPtrsFcn 00000001801381b0 f   Walking01_withElmos_sfun_registry.obj
 0001:00137470       _ssGetInputPortSignalFcn   0000000180138470 f   Walking01_withElmos_sfun_registry.obj
 0001:00137690       _ssSetInputPortDirectFeedThroughFcn 0000000180138690 f   Walking01_withElmos_sfun_registry.obj
 0001:001377f0       _ssSetInputPortReusableFcn 00000001801387f0 f   Walking01_withElmos_sfun_registry.obj
 0001:001378e0       _ssSetOutputPortReusableFcn 00000001801388e0 f   Walking01_withElmos_sfun_registry.obj
 0001:001379c0       ssGetDTypeIdFromMxArray    00000001801389c0 f   Walking01_withElmos_sfun_registry.obj
 0001:00137ae0       ssWriteRTWStr              0000000180138ae0 f   Walking01_withElmos_sfun_registry.obj
 0001:00137b40       ssWriteRTWMxVectParam      0000000180138b40 f   Walking01_withElmos_sfun_registry.obj
 0001:00137ba0       ssWriteRTWMx2dMatParam     0000000180138ba0 f   Walking01_withElmos_sfun_registry.obj
 0001:00137c20       ssWriteRTWNameValuePair    0000000180138c20 f   Walking01_withElmos_sfun_registry.obj
 0001:00138110       ssWriteRTWParameters       0000000180139110 f   Walking01_withElmos_sfun_registry.obj
 0001:00138710       ssWriteRTWParamSettings    0000000180139710 f   Walking01_withElmos_sfun_registry.obj
 0001:00138de0       ssWriteRTWWorkVect         0000000180139de0 f   Walking01_withElmos_sfun_registry.obj
 0001:001392e0       mexFunction                000000018013a2e0 f   Walking01_withElmos_sfun_registry.obj
 0001:0013b830       ProcessMexSfunctionEveryCall 000000018013c830 f   Walking01_withElmos_sfun_registry.obj
 0001:0013b9b2       sf_debug_set_machine_data_thresholds 000000018013c9b2 f   sf_runtime:sf_runtime.dll
 0001:0013b9b8       sf_debug_set_machine_event_thresholds 000000018013c9b8 f   sf_runtime:sf_runtime.dll
 0001:0013b9be       sf_debug_initialize_machine 000000018013c9be f   sf_runtime:sf_runtime.dll
 0001:0013b9c4       sf_load_rtw_optimization_info 000000018013c9c4 f   sf_runtime:sf_runtime.dll
 0001:0013b9ca       sf_mex_emlrtNameCapturePostProcessR2012a 000000018013c9ca f   sf_runtime:sf_runtime.dll
 0001:0013b9d0       sf_mex_assign              000000018013c9d0 f   sf_runtime:sf_runtime.dll
 0001:0013b9d6       sf_mex_createstruct        000000018013c9d6 f   sf_runtime:sf_runtime.dll
 0001:0013b9dc       sf_mex_destroy             000000018013c9dc f   sf_runtime:sf_runtime.dll
 0001:0013b9e2       sf_mex_duplicatearraysafe  000000018013c9e2 f   sf_runtime:sf_runtime.dll
 0001:0013b9e8       sf_mex_createcellmatrix    000000018013c9e8 f   sf_runtime:sf_runtime.dll
 0001:0013b9ee       sf_mex_addfield            000000018013c9ee f   sf_runtime:sf_runtime.dll
 0001:0013b9f4       sf_mex_create              000000018013c9f4 f   sf_runtime:sf_runtime.dll
 0001:0013b9fa       sf_mex_error_message       000000018013c9fa f   sf_runtime:sf_runtime.dll
 0001:0013ba00       sf_set_rtw_dwork_info      000000018013ca00 f   sf_runtime:sf_runtime.dll
 0001:0013ba06       sf_mark_chart_reusable_outputs 000000018013ca06 f   sf_runtime:sf_runtime.dll
 0001:0013ba0c       sf_mark_chart_expressionable_inputs 000000018013ca0c f   sf_runtime:sf_runtime.dll
 0001:0013ba12       sf_update_buildInfo        000000018013ca12 f   sf_runtime:sf_runtime.dll
 0001:0013ba18       sf_rtw_info_uint_prop      000000018013ca18 f   sf_runtime:sf_runtime.dll
 0001:0013ba1e       sf_is_chart_inlinable      000000018013ca1e f   sf_runtime:sf_runtime.dll
 0001:0013ba24       sim_mode_is_external       000000018013ca24 f   sf_runtime:sf_runtime.dll
 0001:0013ba2a       sim_mode_is_rtw_gen        000000018013ca2a f   sf_runtime:sf_runtime.dll
 0001:0013ba30       ssGetOutputPortSignal_wrapper 000000018013ca30 f   sf_runtime:sf_runtime.dll
 0001:0013ba36       ssGetInputPortSignal_wrapper 000000018013ca36 f   sf_runtime:sf_runtime.dll
 0001:0013ba3c       sf_mex_decode_encoded_mx_struct_array 000000018013ca3c f   sf_runtime:sf_runtime.dll
 0001:0013ba42       sf_debug_reset_current_state_configuration 000000018013ca42 f   sf_runtime:sf_runtime.dll
 0001:0013ba48       sf_debug_set_instance_data_value_ptr 000000018013ca48 f   sf_runtime:sf_runtime.dll
 0001:0013ba4e       sf_debug_set_chart_data_compiled_props 000000018013ca4e f   sf_runtime:sf_runtime.dll
 0001:0013ba54       cv_eml_init_fcn            000000018013ca54 f   sf_runtime:sf_runtime.dll
 0001:0013ba5a       cv_eml_init_script         000000018013ca5a f   sf_runtime:sf_runtime.dll
 0001:0013ba60       sf_debug_cv_init_trans     000000018013ca60 f   sf_runtime:sf_runtime.dll
 0001:0013ba66       sf_debug_cv_init_state     000000018013ca66 f   sf_runtime:sf_runtime.dll
 0001:0013ba6c       sf_debug_cv_init_chart     000000018013ca6c f   sf_runtime:sf_runtime.dll
 0001:0013ba72       sf_debug_set_chart_decomposition 000000018013ca72 f   sf_runtime:sf_runtime.dll
 0001:0013ba78       sf_debug_set_chart_substate_count 000000018013ca78 f   sf_runtime:sf_runtime.dll
 0001:0013ba7e       sf_debug_set_chart_state_info 000000018013ca7e f   sf_runtime:sf_runtime.dll
 0001:0013ba84       sf_debug_set_chart_data_props 000000018013ca84 f   sf_runtime:sf_runtime.dll
 0001:0013ba8a       sf_debug_set_chart_event_thresholds 000000018013ca8a f   sf_runtime:sf_runtime.dll
 0001:0013ba90       sf_debug_set_chart_disable_implicit_casting 000000018013ca90 f   sf_runtime:sf_runtime.dll
 0001:0013ba96       sf_debug_initialize_chart  000000018013ca96 f   sf_runtime:sf_runtime.dll
 0001:0013ba9c       sf_mex_dup                 000000018013ca9c f   sf_runtime:sf_runtime.dll
 0001:0013baa2       sf_mex_import              000000018013caa2 f   sf_runtime:sf_runtime.dll
 0001:0013baa8       sf_get_time                000000018013caa8 f   sf_runtime:sf_runtime.dll
 0001:0013baae       sf_debug_check_for_state_inconsistency 000000018013caae f   sf_runtime:sf_runtime.dll
 0001:0013bab4       sf_debug_symbol_scope_pop  000000018013cab4 f   sf_runtime:sf_runtime.dll
 0001:0013baba       eml_debug_line_call        000000018013caba f   sf_runtime:sf_runtime.dll
 0001:0013bac0       cv_eml_eval                000000018013cac0 f   sf_runtime:sf_runtime.dll
 0001:0013bac6       sf_debug_symbol_scope_add_eml 000000018013cac6 f   sf_runtime:sf_runtime.dll
 0001:0013bacc       sf_debug_symbol_scope_add_eml_importable 000000018013cacc f   sf_runtime:sf_runtime.dll
 0001:0013bad2       sf_debug_symbol_scope_push_eml 000000018013cad2 f   sf_runtime:sf_runtime.dll
 0001:0013bad8       sf_debug_data_range_wrapper 000000018013cad8 f   sf_runtime:sf_runtime.dll
 0001:0013bade       sf_debug_call              000000018013cade f   sf_runtime:sf_runtime.dll
 0001:0013bae4       sf_debug_symbol_scope_push 000000018013cae4 f   sf_runtime:sf_runtime.dll
 0001:0013baea       sf_mex_setcell             000000018013caea f   sf_runtime:sf_runtime.dll
 0001:0013baf0       sf_mex_getcell             000000018013caf0 f   sf_runtime:sf_runtime.dll
 0001:0013baf6       sf_clear_rtw_identifier    000000018013caf6 f   sf_runtime:sf_runtime.dll
 0001:0013bafc       sf_mex_import_named        000000018013cafc f   sf_runtime:sf_runtime.dll
 0001:0013bb02       sf_mex_get_sfun_param      000000018013cb02 f   sf_runtime:sf_runtime.dll
 0001:0013bb08       sf_set_encoded_dwork_info  000000018013cb08 f   sf_runtime:sf_runtime.dll
 0001:0013bb0e       ssGetDWork_wrapper         000000018013cb0e f   sf_runtime:sf_runtime.dll
 0001:0013bb14       sf_debug_cv_init_relationalop 000000018013cb14 f   sf_runtime:sf_runtime.dll
 0001:0013bb1a       sf_debug_set_chart_state_substate_index 000000018013cb1a f   sf_runtime:sf_runtime.dll
 0001:0013bb20       sf_debug_set_chart_state_substate_count 000000018013cb20 f   sf_runtime:sf_runtime.dll
 0001:0013bb26       sf_debug_set_chart_substate_index 000000018013cb26 f   sf_runtime:sf_runtime.dll
 0001:0013bb2c       sf_get_output_port_reusable 000000018013cb2c f   sf_runtime:sf_runtime.dll
 0001:0013bb32       sf_get_dwork_info_from_mat_file 000000018013cb32 f   sf_runtime:sf_runtime.dll
 0001:0013bb38       sf_mex_sub                 000000018013cb38 f   sf_runtime:sf_runtime.dll
 0001:0013bb3e       cv_eval_relational         000000018013cb3e f   sf_runtime:sf_runtime.dll
 0001:0013bb44       sf_debug_temporal_threshold 000000018013cb44 f   sf_runtime:sf_runtime.dll
 0001:0013bb4a       cv_eval_point              000000018013cb4a f   sf_runtime:sf_runtime.dll
 0001:0013bb50       sf_debug_unset_instance_data_value_ptr 000000018013cb50 f   sf_runtime:sf_runtime.dll
 0001:0013bb56       sf_debug_animate           000000018013cb56 f   sf_runtime:sf_runtime.dll
 0001:0013bb5c       sf_debug_set_honor_breakpoints 000000018013cb5c f   sf_runtime:sf_runtime.dll
 0001:0013bb62       sf_debug_set_animation     000000018013cb62 f   sf_runtime:sf_runtime.dll
 0001:0013bb68       sf_debug_get_animation     000000018013cb68 f   sf_runtime:sf_runtime.dll
 0001:0013bb6e       cv_script_init_relational  000000018013cb6e f   sf_runtime:sf_runtime.dll
 0001:0013bb74       cv_script_init_mcdc        000000018013cb74 f   sf_runtime:sf_runtime.dll
 0001:0013bb7a       cv_script_init_if          000000018013cb7a f   sf_runtime:sf_runtime.dll
 0001:0013bb80       cv_script_init_fcn         000000018013cb80 f   sf_runtime:sf_runtime.dll
 0001:0013bb86       cv_script_init_script      000000018013cb86 f   sf_runtime:sf_runtime.dll
 0001:0013bb8c       sf_debug_set_script_translation 000000018013cb8c f   sf_runtime:sf_runtime.dll
 0001:0013bb92       sf_debug_get_script_id     000000018013cb92 f   sf_runtime:sf_runtime.dll
 0001:0013bb98       cv_script_eval             000000018013cb98 f   sf_runtime:sf_runtime.dll
 0001:0013bb9e       sf_debug_eml_data_array_bounds_error_check 000000018013cb9e f   sf_runtime:sf_runtime.dll
 0001:0013bba4       sf_debug_integer_check     000000018013cba4 f   sf_runtime:sf_runtime.dll
 0001:0013bbaa       cv_eml_init_relational     000000018013cbaa f   sf_runtime:sf_runtime.dll
 0001:0013bbb0       cv_eml_init_mcdc           000000018013cbb0 f   sf_runtime:sf_runtime.dll
 0001:0013bbb6       cv_eml_init_if             000000018013cbb6 f   sf_runtime:sf_runtime.dll
 0001:0013bbbc       sf_mex_call_debug          000000018013cbbc f   sf_runtime:sf_runtime.dll
 0001:0013bbc2       cv_script_init_for         000000018013cbc2 f   sf_runtime:sf_runtime.dll
 0001:0013bbc8       cv_script_init_saturation  000000018013cbc8 f   sf_runtime:sf_runtime.dll
 0001:0013bbce       cv_eml_init_saturation     000000018013cbce f   sf_runtime:sf_runtime.dll
 0001:0013bbd4       cv_eval_saturation         000000018013cbd4 f   sf_runtime:sf_runtime.dll
 0001:0013bbda       sf_mex_listen_for_ctrl_c   000000018013cbda f   sf_runtime:sf_runtime.dll
 0001:0013bbe0       sf_debug_read_before_write_error 000000018013cbe0 f   sf_runtime:sf_runtime.dll
 0001:0013bbe6       sf_debug_size_eq_check_1d  000000018013cbe6 f   sf_runtime:sf_runtime.dll
 0001:0013bbec       sf_mex_getfield            000000018013cbec f   sf_runtime:sf_runtime.dll
 0001:0013bbf2       sf_mex_check_struct        000000018013cbf2 f   sf_runtime:sf_runtime.dll
 0001:0013bbf8       sf_debug_non_negative_check 000000018013cbf8 f   sf_runtime:sf_runtime.dll
 0001:0013bbfe       cv_script_init_switch      000000018013cbfe f   sf_runtime:sf_runtime.dll
 0001:0013bc04       sf_debug_terminate         000000018013cc04 f   sf_runtime:sf_runtime.dll
 0001:0013bc0a       sf_debug_create_debug_instance_struct 000000018013cc0a f   sf_runtime:sf_runtime.dll
 0001:0013bc10       sf_debug_api               000000018013cc10 f   sf_runtime:sf_runtime.dll
 0001:0013bc16       callMdlMethodAndReportError 000000018013cc16 f   sf_runtime:sf_runtime.dll
 0001:0013bc1c       call_sf_machine_global_method_dispatcher 000000018013cc1c f   sf_runtime:sf_runtime.dll
 0001:0013bc22       sf_clear_error_manager_info 000000018013cc22 f   sf_runtime:sf_runtime.dll
 0001:0013bc28       sf_mex_error_direct_call   000000018013cc28 f   sf_runtime:sf_runtime.dll
 0001:0013bc2e       mxCreateLogicalScalar      000000018013cc2e f   libmx:libmx.dll
 0001:0013bc34       mxCreateDoubleMatrix_730   000000018013cc34 f   libmx:libmx.dll
 0001:0013bc3a       mxGetScalar                000000018013cc3a f   libmx:libmx.dll
 0001:0013bc40       mxGetString_730            000000018013cc40 f   libmx:libmx.dll
 0001:0013bc46       mxIsChar                   000000018013cc46 f   libmx:libmx.dll
 0001:0013bc4c       mxGetPr                    000000018013cc4c f   libmx:libmx.dll
 0001:0013bc52       mxDestroyArray             000000018013cc52 f   libmx:libmx.dll
 0001:0013bc58       mxDuplicateArray           000000018013cc58 f   libmx:libmx.dll
 0001:0013bc5e       mxCreateDoubleScalar       000000018013cc5e f   libmx:libmx.dll
 0001:0013bc64       mxSetField_730             000000018013cc64 f   libmx:libmx.dll
 0001:0013bc6a       mxCreateString             000000018013cc6a f   libmx:libmx.dll
 0001:0013bc70       mxCreateStructMatrix_730   000000018013cc70 f   libmx:libmx.dll
 0001:0013bc76       mxCreateCellMatrix_730     000000018013cc76 f   libmx:libmx.dll
 0001:0013bc7c       mxCreateCellArray_730      000000018013cc7c f   libmx:libmx.dll
 0001:0013bc82       mxCreateStructArray_730    000000018013cc82 f   libmx:libmx.dll
 0001:0013bc88       mxGetNaN                   000000018013cc88 f   libmx:libmx.dll
 0001:0013bc8e       mxGetClassID               000000018013cc8e f   libmx:libmx.dll
 0001:0013bc94       mxIsNumeric                000000018013cc94 f   libmx:libmx.dll
 0001:0013bc9a       mxIsComplex                000000018013cc9a f   libmx:libmx.dll
 0001:0013bca0       mxGetN                     000000018013cca0 f   libmx:libmx.dll
 0001:0013bca6       mxGetM                     000000018013cca6 f   libmx:libmx.dll
 0001:0013bcac       mxCalloc                   000000018013ccac f   libmx:libmx.dll
 0001:0013bcb2       mexMakeArrayPersistent     000000018013ccb2 f   libmex:libmex.dll
 0001:0013bcb8       mexUnlock                  000000018013ccb8 f   libmex:libmex.dll
 0001:0013bcbe       mexIsLocked                000000018013ccbe f   libmex:libmex.dll
 0001:0013bcc4       mexWarnMsgTxt              000000018013ccc4 f   libmex:libmex.dll
 0001:0013bcca       mexCallMATLABWithObject    000000018013ccca f   libmex:libmex.dll
 0001:0013bcd0       mexErrMsgTxt               000000018013ccd0 f   libmex:libmex.dll
 0001:0013bcd6       mexLock                    000000018013ccd6 f   libmex:libmex.dll
 0001:0013bcdc       utMalloc                   000000018013ccdc f   libut:libut.dll
 0001:0013bce2       utFree                     000000018013cce2 f   libut:libut.dll
 0001:0013bce8       muDoubleScalarAbs          000000018013cce8 f   libmwmathutil:libmwmathutil.dll
 0001:0013bcee       muDoubleScalarSin          000000018013ccee f   libmwmathutil:libmwmathutil.dll
 0001:0013bcf4       muDoubleScalarCos          000000018013ccf4 f   libmwmathutil:libmwmathutil.dll
 0001:0013bcfa       muDoubleScalarSqrt         000000018013ccfa f   libmwmathutil:libmwmathutil.dll
 0001:0013bd00       muDoubleScalarAsin         000000018013cd00 f   libmwmathutil:libmwmathutil.dll
 0001:0013bd06       muDoubleScalarAtan2        000000018013cd06 f   libmwmathutil:libmwmathutil.dll
 0001:0013bd0c       muDoubleScalarRound        000000018013cd0c f   libmwmathutil:libmwmathutil.dll
 0001:0013bd12       muDoubleScalarFloor        000000018013cd12 f   libmwmathutil:libmwmathutil.dll
 0001:0013bd18       muDoubleScalarMin          000000018013cd18 f   libmwmathutil:libmwmathutil.dll
 0001:0013bd1e       muDoubleScalarMax          000000018013cd1e f   libmwmathutil:libmwmathutil.dll
 0001:0013bd24       muDoubleScalarIsNaN        000000018013cd24 f   libmwmathutil:libmwmathutil.dll
 0001:0013bd2a       muDoubleScalarPower        000000018013cd2a f   libmwmathutil:libmwmathutil.dll
 0001:0013bd30       muDoubleScalarIsInf        000000018013cd30 f   libmwmathutil:libmwmathutil.dll
 0001:0013bd40       LibWalking_initializer     000000018013cd40 f   LibWalking_sfun:LibWalking_sfun.obj
 0001:0013bd50       LibWalking_terminator      000000018013cd50 f   LibWalking_sfun:LibWalking_sfun.obj
 0001:0013bd60       sf_LibWalking_method_dispatcher 000000018013cd60 f   LibWalking_sfun:LibWalking_sfun.obj
 0001:0013be10       sf_LibWalking_uses_exported_functions 000000018013ce10 f   LibWalking_sfun:LibWalking_sfun.obj
 0001:0013be50       sf_LibWalking_process_testpoint_info_call 000000018013ce50 f   LibWalking_sfun:LibWalking_sfun.obj
 0001:0013bfd0       sf_LibWalking_process_check_sum_call 000000018013cfd0 f   LibWalking_sfun:LibWalking_sfun.obj
 0001:0013c2f0       sf_LibWalking_autoinheritance_info 000000018013d2f0 f   LibWalking_sfun:LibWalking_sfun.obj
 0001:0013c550       sf_LibWalking_get_eml_resolved_functions_info 000000018013d550 f   LibWalking_sfun:LibWalking_sfun.obj
 0001:0013c740       sf_LibWalking_third_party_uses_info 000000018013d740 f   LibWalking_sfun:LibWalking_sfun.obj
 0001:0013c930       sf_LibWalking_jit_fallback_info 000000018013d930 f   LibWalking_sfun:LibWalking_sfun.obj
 0001:0013cb20       sf_LibWalking_updateBuildInfo_args_info 000000018013db20 f   LibWalking_sfun:LibWalking_sfun.obj
 0001:0013cd10       sf_LibWalking_get_post_codegen_info 000000018013dd10 f   LibWalking_sfun:LibWalking_sfun.obj
 0001:0013ce80       LibWalking_debug_initialize 000000018013de80 f   LibWalking_sfun:LibWalking_sfun.obj
 0001:0013cf10       LibWalking_register_exported_symbols 000000018013df10 f   LibWalking_sfun:LibWalking_sfun.obj
 0001:0013cf20       load_LibWalking_optimization_info 000000018013df20 f   LibWalking_sfun:LibWalking_sfun.obj
 0001:0013cf70       unload_LibWalking_optimization_info 000000018013df70 f   LibWalking_sfun:LibWalking_sfun.obj
 0001:0013cfa0       sf_c22_LibWalking_get_eml_resolved_functions_info 000000018013dfa0 f   LibWalking_sfun:c22_LibWalking.obj
 0001:0016d5a0       sf_c22_LibWalking_get_check_sum 000000018016e5a0 f   LibWalking_sfun:c22_LibWalking.obj
 0001:0016d620       sf_c22_LibWalking_get_autoinheritance_info 000000018016e620 f   LibWalking_sfun:c22_LibWalking.obj
 0001:0016ef50       sf_c22_LibWalking_third_party_uses_info 000000018016ff50 f   LibWalking_sfun:c22_LibWalking.obj
 0001:0016ef80       sf_c22_LibWalking_jit_fallback_info 000000018016ff80 f   LibWalking_sfun:c22_LibWalking.obj
 0001:0016f050       sf_c22_LibWalking_updateBuildInfo_args_info 0000000180170050 f   LibWalking_sfun:c22_LibWalking.obj
 0001:0016f080       sf_c22_LibWalking_get_post_codegen_info 0000000180170080 f   LibWalking_sfun:c22_LibWalking.obj
 0001:0016f150       sf_c22_LibWalking_get_testpoint_info 0000000180170150 f   LibWalking_sfun:c22_LibWalking.obj
 0001:0016f160       c22_LibWalking_method_dispatcher 0000000180170160 f   LibWalking_sfun:c22_LibWalking.obj
 0001:0022d2a0       sf_c13_LibWalking_get_eml_resolved_functions_info 000000018022e2a0 f   LibWalking_sfun:c13_LibWalking.obj
 0001:0024a490       sf_c13_LibWalking_get_check_sum 000000018024b490 f   LibWalking_sfun:c13_LibWalking.obj
 0001:0024a510       sf_c13_LibWalking_get_autoinheritance_info 000000018024b510 f   LibWalking_sfun:c13_LibWalking.obj
 0001:0024ae80       sf_c13_LibWalking_third_party_uses_info 000000018024be80 f   LibWalking_sfun:c13_LibWalking.obj
 0001:0024aeb0       sf_c13_LibWalking_jit_fallback_info 000000018024beb0 f   LibWalking_sfun:c13_LibWalking.obj
 0001:0024af80       sf_c13_LibWalking_updateBuildInfo_args_info 000000018024bf80 f   LibWalking_sfun:c13_LibWalking.obj
 0001:0024afb0       sf_c13_LibWalking_get_post_codegen_info 000000018024bfb0 f   LibWalking_sfun:c13_LibWalking.obj
 0001:0024b080       c13_LibWalking_method_dispatcher 000000018024c080 f   LibWalking_sfun:c13_LibWalking.obj
 0001:00273b30       sf_c12_LibWalking_get_eml_resolved_functions_info 0000000180274b30 f   LibWalking_sfun:c12_LibWalking.obj
 0001:00277c00       sf_c12_LibWalking_get_check_sum 0000000180278c00 f   LibWalking_sfun:c12_LibWalking.obj
 0001:00277c80       sf_c12_LibWalking_get_autoinheritance_info 0000000180278c80 f   LibWalking_sfun:c12_LibWalking.obj
 0001:002789d0       sf_c12_LibWalking_third_party_uses_info 00000001802799d0 f   LibWalking_sfun:c12_LibWalking.obj
 0001:00278a00       sf_c12_LibWalking_jit_fallback_info 0000000180279a00 f   LibWalking_sfun:c12_LibWalking.obj
 0001:00278ad0       sf_c12_LibWalking_updateBuildInfo_args_info 0000000180279ad0 f   LibWalking_sfun:c12_LibWalking.obj
 0001:00278b00       sf_c12_LibWalking_get_post_codegen_info 0000000180279b00 f   LibWalking_sfun:c12_LibWalking.obj
 0001:00278bd0       c12_LibWalking_method_dispatcher 0000000180279bd0 f   LibWalking_sfun:c12_LibWalking.obj
 0001:00285980       sf_c5_LibWalking_get_eml_resolved_functions_info 0000000180286980 f   LibWalking_sfun:c5_LibWalking.obj
 0001:002aec50       sf_c5_LibWalking_get_check_sum 00000001802afc50 f   LibWalking_sfun:c5_LibWalking.obj
 0001:002aecd0       sf_c5_LibWalking_get_autoinheritance_info 00000001802afcd0 f   LibWalking_sfun:c5_LibWalking.obj
 0001:002b0c30       sf_c5_LibWalking_third_party_uses_info 00000001802b1c30 f   LibWalking_sfun:c5_LibWalking.obj
 0001:002b0c60       sf_c5_LibWalking_jit_fallback_info 00000001802b1c60 f   LibWalking_sfun:c5_LibWalking.obj
 0001:002b0d30       sf_c5_LibWalking_updateBuildInfo_args_info 00000001802b1d30 f   LibWalking_sfun:c5_LibWalking.obj
 0001:002b0d60       sf_c5_LibWalking_get_post_codegen_info 00000001802b1d60 f   LibWalking_sfun:c5_LibWalking.obj
 0001:002b0e30       c5_LibWalking_method_dispatcher 00000001802b1e30 f   LibWalking_sfun:c5_LibWalking.obj
 0001:002ec75a       dgemm                      00000001802ed75a f   libmwblas:libmwblas.dll
 0001:002ec760       __GSHandlerCheckCommon     00000001802ed760 f   MSVCRT:gshandler.obj
 0001:002ec7c4       __GSHandlerCheck           00000001802ed7c4 f   MSVCRT:gshandler.obj
 0001:002ec7e2       strcmp                     00000001802ed7e2 f   MSVCRT:MSVCR100.dll
 0001:002ec800       __security_check_cookie    00000001802ed800 f   MSVCRT:amdsecgs.obj
 0001:002ec820       strlen                     00000001802ed820 f   MSVCRT:MSVCR100.dll
 0001:002ec826       memset                     00000001802ed826 f   MSVCRT:MSVCR100.dll
 0001:002ec82c       memcpy                     00000001802ed82c f   MSVCRT:MSVCR100.dll
 0001:002ec850       _alloca_probe              00000001802ed850     MSVCRT:chkstk.obj
 0001:002ec850       __chkstk                   00000001802ed850 f   MSVCRT:chkstk.obj
 0001:002ec89e       ldexp                      00000001802ed89e f   MSVCRT:MSVCR100.dll
 0001:002ec8a4       frexp                      00000001802ed8a4 f   MSVCRT:MSVCR100.dll
 0001:002ec8aa       free                       00000001802ed8aa f   MSVCRT:MSVCR100.dll
 0001:002ec8b0       sprintf                    00000001802ed8b0 f   MSVCRT:MSVCR100.dll
 0001:002ec8b6       malloc                     00000001802ed8b6 f   MSVCRT:MSVCR100.dll
 0001:002ec8bc       strcat                     00000001802ed8bc f   MSVCRT:MSVCR100.dll
 0001:002ec8c4       NtCurrentTeb               00000001802ed8c4 f i MSVCRT:crtdll.obj
 0001:002ec930       _CRT_INIT                  00000001802ed930 f   MSVCRT:crtdll.obj
 0001:002eccc8       _DllMainCRTStartup         00000001802edcc8 f   MSVCRT:crtdll.obj
 0001:002ecd08       __report_gsfailure         00000001802edd08 f   MSVCRT:gs_report.obj
 0001:002ece54       __clean_type_info_names    00000001802ede54 f   MSVCRT:tncleanup.obj
 0001:002ece60       _onexit                    00000001802ede60 f   MSVCRT:atonexit.obj
 0001:002ecf10       atexit                     00000001802edf10 f   MSVCRT:atonexit.obj
 0001:002ecf28       _RTC_Initialize            00000001802edf28 f   MSVCRT:_initsect_.obj
 0001:002ecf60       _RTC_Terminate             00000001802edf60 f   MSVCRT:_initsect_.obj
 0001:002ecf98       _malloc_crt                00000001802edf98 f   MSVCRT:MSVCR100.dll
 0001:002ecfa0       _ValidateImageBase         00000001802edfa0 f   MSVCRT:pesect.obj
 0001:002ecfd0       _FindPESection             00000001802edfd0 f   MSVCRT:pesect.obj
 0001:002ed020       _IsNonwritableInCurrentImage 00000001802ee020 f   MSVCRT:pesect.obj
 0001:002ed062       _initterm                  00000001802ee062 f   MSVCRT:MSVCR100.dll
 0001:002ed068       _initterm_e                00000001802ee068 f   MSVCRT:MSVCR100.dll
 0001:002ed06e       _encoded_null              00000001802ee06e f   MSVCRT:MSVCR100.dll
 0001:002ed074       _amsg_exit                 00000001802ee074 f   MSVCRT:MSVCR100.dll
 0001:002ed07a       __C_specific_handler       00000001802ee07a f   MSVCRT:MSVCR100.dll
 0001:002ed080       __CppXcptFilter            00000001802ee080 f   MSVCRT:MSVCR100.dll
 0001:002ed088       DllMain                    00000001802ee088 f   MSVCRT:dllmain.obj
 0001:002ed0ac       __security_init_cookie     00000001802ee0ac f   MSVCRT:gs_support.obj
 0001:002ed160       __crt_debugger_hook        00000001802ee160 f   MSVCRT:MSVCR100.dll
 0001:002ed166       __clean_type_info_names_internal 00000001802ee166 f   MSVCRT:MSVCR100.dll
 0001:002ed16c       _unlock                    00000001802ee16c f   MSVCRT:MSVCR100.dll
 0001:002ed172       __dllonexit                00000001802ee172 f   MSVCRT:MSVCR100.dll
 0001:002ed178       _lock                      00000001802ee178 f   MSVCRT:MSVCR100.dll
 0001:002ed17e       EncodePointer              00000001802ee17e f   kernel32:KERNEL32.dll
 0001:002ed184       DecodePointer              00000001802ee184 f   kernel32:KERNEL32.dll
 0001:002ed18a       Sleep                      00000001802ee18a f   kernel32:KERNEL32.dll
 0001:002ed190       TerminateProcess           00000001802ee190 f   kernel32:KERNEL32.dll
 0001:002ed196       GetCurrentProcess          00000001802ee196 f   kernel32:KERNEL32.dll
 0001:002ed19c       UnhandledExceptionFilter   00000001802ee19c f   kernel32:KERNEL32.dll
 0001:002ed1a2       SetUnhandledExceptionFilter 00000001802ee1a2 f   kernel32:KERNEL32.dll
 0001:002ed1a8       IsDebuggerPresent          00000001802ee1a8 f   kernel32:KERNEL32.dll
 0001:002ed1ae       RtlVirtualUnwind           00000001802ee1ae f   kernel32:KERNEL32.dll
 0001:002ed1b4       RtlLookupFunctionEntry     00000001802ee1b4 f   kernel32:KERNEL32.dll
 0001:002ed1ba       RtlCaptureContext          00000001802ee1ba f   kernel32:KERNEL32.dll
 0001:002ed1c0       DisableThreadLibraryCalls  00000001802ee1c0 f   kernel32:KERNEL32.dll
 0001:002ed1c6       QueryPerformanceCounter    00000001802ee1c6 f   kernel32:KERNEL32.dll
 0001:002ed1cc       GetTickCount               00000001802ee1cc f   kernel32:KERNEL32.dll
 0001:002ed1d2       GetCurrentThreadId         00000001802ee1d2 f   kernel32:KERNEL32.dll
 0001:002ed1d8       GetCurrentProcessId        00000001802ee1d8 f   kernel32:KERNEL32.dll
 0001:002ed1de       GetSystemTimeAsFileTime    00000001802ee1de f   kernel32:KERNEL32.dll
 0001:002ed1e4       cv_script_init_while       00000001802ee1e4 f   sf_runtime:sf_runtime.dll
 0001:002ed1ea       cv_eml_init_for            00000001802ee1ea f   sf_runtime:sf_runtime.dll
 0001:002ed1f0       sf_debug_set_chart_event_scope 00000001802ee1f0 f   sf_runtime:sf_runtime.dll
 0001:002ed1f6       sf_mex_createstructarray   00000001802ee1f6 f   sf_runtime:sf_runtime.dll
 0001:002ed1fc       sf_debug_symbol_scope_add_importable 00000001802ee1fc f   sf_runtime:sf_runtime.dll
 0001:002ed202       sf_debug_sub_assign_size_check_nd 00000001802ee202 f   sf_runtime:sf_runtime.dll
 0001:002ed208       sf_debug_symbol_switch     00000001802ee208 f   sf_runtime:sf_runtime.dll
 0001:002ed20e       sf_mex_printf              00000001802ee20e f   sf_runtime:sf_runtime.dll
 0001:002ed214       sf_debug_size_eq_check_nd  00000001802ee214 f   sf_runtime:sf_runtime.dll
 0001:002ed21a       sf_debug_dim_size_eq_check 00000001802ee21a f   sf_runtime:sf_runtime.dll
 0001:002ed220       sf_debug_symbol_scope_add_eml_dyn_importable 00000001802ee220 f   sf_runtime:sf_runtime.dll
 0001:002ed226       sf_mex_import_vs           00000001802ee226 f   sf_runtime:sf_runtime.dll
 0001:002ed22c       sf_debug_for_loop_vector_check 00000001802ee22c f   sf_runtime:sf_runtime.dll
 0001:002ed232       sf_debug_overflow_detection 00000001802ee232 f   sf_runtime:sf_runtime.dll
 0001:002ed238       cv_eml_init_switch         00000001802ee238 f   sf_runtime:sf_runtime.dll
 0001:002ed23e       mxGetInf                   00000001802ee23e f   libmx:libmx.dll
 0001:002ed244       muDoubleScalarCeil         00000001802ee244 f   libmwmathutil:libmwmathutil.dll
 0002:00000000       __imp_RtlLookupFunctionEntry 00000001802ef000     kernel32:KERNEL32.dll
 0002:00000008       __imp_DecodePointer        00000001802ef008     kernel32:KERNEL32.dll
 0002:00000010       __imp_GetSystemTimeAsFileTime 00000001802ef010     kernel32:KERNEL32.dll
 0002:00000018       __imp_GetCurrentProcessId  00000001802ef018     kernel32:KERNEL32.dll
 0002:00000020       __imp_GetCurrentThreadId   00000001802ef020     kernel32:KERNEL32.dll
 0002:00000028       __imp_GetTickCount         00000001802ef028     kernel32:KERNEL32.dll
 0002:00000030       __imp_QueryPerformanceCounter 00000001802ef030     kernel32:KERNEL32.dll
 0002:00000038       __imp_DisableThreadLibraryCalls 00000001802ef038     kernel32:KERNEL32.dll
 0002:00000040       __imp_RtlCaptureContext    00000001802ef040     kernel32:KERNEL32.dll
 0002:00000048       __imp_EncodePointer        00000001802ef048     kernel32:KERNEL32.dll
 0002:00000050       __imp_RtlVirtualUnwind     00000001802ef050     kernel32:KERNEL32.dll
 0002:00000058       __imp_IsDebuggerPresent    00000001802ef058     kernel32:KERNEL32.dll
 0002:00000060       __imp_SetUnhandledExceptionFilter 00000001802ef060     kernel32:KERNEL32.dll
 0002:00000068       __imp_UnhandledExceptionFilter 00000001802ef068     kernel32:KERNEL32.dll
 0002:00000070       __imp_GetCurrentProcess    00000001802ef070     kernel32:KERNEL32.dll
 0002:00000078       __imp_TerminateProcess     00000001802ef078     kernel32:KERNEL32.dll
 0002:00000080       __imp_Sleep                00000001802ef080     kernel32:KERNEL32.dll
 0002:00000088       \177KERNEL32_NULL_THUNK_DATA 00000001802ef088     kernel32:KERNEL32.dll
 0002:00000090       __imp_strcat               00000001802ef090     MSVCRT:MSVCR100.dll
 0002:00000098       __imp_strlen               00000001802ef098     MSVCRT:MSVCR100.dll
 0002:000000a0       __imp__onexit              00000001802ef0a0     MSVCRT:MSVCR100.dll
 0002:000000a8       __imp__lock                00000001802ef0a8     MSVCRT:MSVCR100.dll
 0002:000000b0       __imp___dllonexit          00000001802ef0b0     MSVCRT:MSVCR100.dll
 0002:000000b8       __imp__unlock              00000001802ef0b8     MSVCRT:MSVCR100.dll
 0002:000000c0       __imp___clean_type_info_names_internal 00000001802ef0c0     MSVCRT:MSVCR100.dll
 0002:000000c8       __imp___crt_debugger_hook  00000001802ef0c8     MSVCRT:MSVCR100.dll
 0002:000000d0       __imp___CppXcptFilter      00000001802ef0d0     MSVCRT:MSVCR100.dll
 0002:000000d8       __imp___C_specific_handler 00000001802ef0d8     MSVCRT:MSVCR100.dll
 0002:000000e0       __imp__amsg_exit           00000001802ef0e0     MSVCRT:MSVCR100.dll
 0002:000000e8       __imp__encoded_null        00000001802ef0e8     MSVCRT:MSVCR100.dll
 0002:000000f0       __imp__initterm_e          00000001802ef0f0     MSVCRT:MSVCR100.dll
 0002:000000f8       __imp__initterm            00000001802ef0f8     MSVCRT:MSVCR100.dll
 0002:00000100       __imp__malloc_crt          00000001802ef100     MSVCRT:MSVCR100.dll
 0002:00000108       __imp_memset               00000001802ef108     MSVCRT:MSVCR100.dll
 0002:00000110       __imp_malloc               00000001802ef110     MSVCRT:MSVCR100.dll
 0002:00000118       __imp_sprintf              00000001802ef118     MSVCRT:MSVCR100.dll
 0002:00000120       __imp_free                 00000001802ef120     MSVCRT:MSVCR100.dll
 0002:00000128       __imp_frexp                00000001802ef128     MSVCRT:MSVCR100.dll
 0002:00000130       __imp_ldexp                00000001802ef130     MSVCRT:MSVCR100.dll
 0002:00000138       __imp_memcpy               00000001802ef138     MSVCRT:MSVCR100.dll
 0002:00000140       __imp_strcmp               00000001802ef140     MSVCRT:MSVCR100.dll
 0002:00000148       \177MSVCR100_NULL_THUNK_DATA 00000001802ef148     MSVCRT:MSVCR100.dll
 0002:00000150       __imp_mexUnlock            00000001802ef150     libmex:libmex.dll
 0002:00000158       __imp_mexMakeArrayPersistent 00000001802ef158     libmex:libmex.dll
 0002:00000160       __imp_mexIsLocked          00000001802ef160     libmex:libmex.dll
 0002:00000168       __imp_mexWarnMsgTxt        00000001802ef168     libmex:libmex.dll
 0002:00000170       __imp_mexCallMATLABWithObject 00000001802ef170     libmex:libmex.dll
 0002:00000178       __imp_mexErrMsgTxt         00000001802ef178     libmex:libmex.dll
 0002:00000180       __imp_mexLock              00000001802ef180     libmex:libmex.dll
 0002:00000188       \177libmex_NULL_THUNK_DATA 00000001802ef188     libmex:libmex.dll
 0002:00000190       __imp_dgemm                00000001802ef190     libmwblas:libmwblas.dll
 0002:00000198       \177libmwblas_NULL_THUNK_DATA 00000001802ef198     libmwblas:libmwblas.dll
 0002:000001a0       __imp_muDoubleScalarFloor  00000001802ef1a0     libmwmathutil:libmwmathutil.dll
 0002:000001a8       __imp_muDoubleScalarRound  00000001802ef1a8     libmwmathutil:libmwmathutil.dll
 0002:000001b0       __imp_muDoubleScalarAtan2  00000001802ef1b0     libmwmathutil:libmwmathutil.dll
 0002:000001b8       __imp_muDoubleScalarAsin   00000001802ef1b8     libmwmathutil:libmwmathutil.dll
 0002:000001c0       __imp_muDoubleScalarSqrt   00000001802ef1c0     libmwmathutil:libmwmathutil.dll
 0002:000001c8       __imp_muDoubleScalarMin    00000001802ef1c8     libmwmathutil:libmwmathutil.dll
 0002:000001d0       __imp_muDoubleScalarSin    00000001802ef1d0     libmwmathutil:libmwmathutil.dll
 0002:000001d8       __imp_muDoubleScalarAbs    00000001802ef1d8     libmwmathutil:libmwmathutil.dll
 0002:000001e0       __imp_muDoubleScalarIsNaN  00000001802ef1e0     libmwmathutil:libmwmathutil.dll
 0002:000001e8       __imp_muDoubleScalarPower  00000001802ef1e8     libmwmathutil:libmwmathutil.dll
 0002:000001f0       __imp_muDoubleScalarIsInf  00000001802ef1f0     libmwmathutil:libmwmathutil.dll
 0002:000001f8       __imp_muDoubleScalarCos    00000001802ef1f8     libmwmathutil:libmwmathutil.dll
 0002:00000200       __imp_muDoubleScalarMax    00000001802ef200     libmwmathutil:libmwmathutil.dll
 0002:00000208       __imp_muDoubleScalarCeil   00000001802ef208     libmwmathutil:libmwmathutil.dll
 0002:00000210       \177libmwmathutil_NULL_THUNK_DATA 00000001802ef210     libmwmathutil:libmwmathutil.dll
 0002:00000218       __imp_mxGetInf             00000001802ef218     libmx:libmx.dll
 0002:00000220       __imp_mxCalloc             00000001802ef220     libmx:libmx.dll
 0002:00000228       __imp_mxGetM               00000001802ef228     libmx:libmx.dll
 0002:00000230       __imp_mxGetN               00000001802ef230     libmx:libmx.dll
 0002:00000238       __imp_mxIsComplex          00000001802ef238     libmx:libmx.dll
 0002:00000240       __imp_mxIsNumeric          00000001802ef240     libmx:libmx.dll
 0002:00000248       __imp_mxGetClassID         00000001802ef248     libmx:libmx.dll
 0002:00000250       __imp_mxGetNaN             00000001802ef250     libmx:libmx.dll
 0002:00000258       __imp_mxCreateStructArray_730 00000001802ef258     libmx:libmx.dll
 0002:00000260       __imp_mxCreateCellArray_730 00000001802ef260     libmx:libmx.dll
 0002:00000268       __imp_mxCreateCellMatrix_730 00000001802ef268     libmx:libmx.dll
 0002:00000270       __imp_mxCreateStructMatrix_730 00000001802ef270     libmx:libmx.dll
 0002:00000278       __imp_mxCreateString       00000001802ef278     libmx:libmx.dll
 0002:00000280       __imp_mxSetField_730       00000001802ef280     libmx:libmx.dll
 0002:00000288       __imp_mxCreateDoubleScalar 00000001802ef288     libmx:libmx.dll
 0002:00000290       __imp_mxDuplicateArray     00000001802ef290     libmx:libmx.dll
 0002:00000298       __imp_mxDestroyArray       00000001802ef298     libmx:libmx.dll
 0002:000002a0       __imp_mxGetPr              00000001802ef2a0     libmx:libmx.dll
 0002:000002a8       __imp_mxIsChar             00000001802ef2a8     libmx:libmx.dll
 0002:000002b0       __imp_mxGetString_730      00000001802ef2b0     libmx:libmx.dll
 0002:000002b8       __imp_mxGetScalar          00000001802ef2b8     libmx:libmx.dll
 0002:000002c0       __imp_mxCreateDoubleMatrix_730 00000001802ef2c0     libmx:libmx.dll
 0002:000002c8       __imp_mxCreateLogicalScalar 00000001802ef2c8     libmx:libmx.dll
 0002:000002d0       \177libmx_NULL_THUNK_DATA  00000001802ef2d0     libmx:libmx.dll
 0002:000002d8       __imp_utMalloc             00000001802ef2d8     libut:libut.dll
 0002:000002e0       __imp_utFree               00000001802ef2e0     libut:libut.dll
 0002:000002e8       \177libut_NULL_THUNK_DATA  00000001802ef2e8     libut:libut.dll
 0002:000002f0       __imp_sf_debug_size_eq_check_1d 00000001802ef2f0     sf_runtime:sf_runtime.dll
 0002:000002f8       __imp_sf_mex_getfield      00000001802ef2f8     sf_runtime:sf_runtime.dll
 0002:00000300       __imp_sf_mex_check_struct  00000001802ef300     sf_runtime:sf_runtime.dll
 0002:00000308       __imp_sf_debug_non_negative_check 00000001802ef308     sf_runtime:sf_runtime.dll
 0002:00000310       __imp_cv_script_init_switch 00000001802ef310     sf_runtime:sf_runtime.dll
 0002:00000318       __imp_sf_debug_terminate   00000001802ef318     sf_runtime:sf_runtime.dll
 0002:00000320       __imp_sf_debug_create_debug_instance_struct 00000001802ef320     sf_runtime:sf_runtime.dll
 0002:00000328       __imp_sf_debug_api         00000001802ef328     sf_runtime:sf_runtime.dll
 0002:00000330       __imp_callMdlMethodAndReportError 00000001802ef330     sf_runtime:sf_runtime.dll
 0002:00000338       __imp_call_sf_machine_global_method_dispatcher 00000001802ef338     sf_runtime:sf_runtime.dll
 0002:00000340       __imp_sf_clear_error_manager_info 00000001802ef340     sf_runtime:sf_runtime.dll
 0002:00000348       __imp_sf_mex_error_direct_call 00000001802ef348     sf_runtime:sf_runtime.dll
 0002:00000350       __imp_cv_eml_init_saturation 00000001802ef350     sf_runtime:sf_runtime.dll
 0002:00000358       __imp_cv_script_init_saturation 00000001802ef358     sf_runtime:sf_runtime.dll
 0002:00000360       __imp_cv_script_init_for   00000001802ef360     sf_runtime:sf_runtime.dll
 0002:00000368       __imp_sf_mex_call_debug    00000001802ef368     sf_runtime:sf_runtime.dll
 0002:00000370       __imp_cv_eml_init_if       00000001802ef370     sf_runtime:sf_runtime.dll
 0002:00000378       __imp_cv_eml_init_mcdc     00000001802ef378     sf_runtime:sf_runtime.dll
 0002:00000380       __imp_cv_eml_init_relational 00000001802ef380     sf_runtime:sf_runtime.dll
 0002:00000388       __imp_sf_debug_integer_check 00000001802ef388     sf_runtime:sf_runtime.dll
 0002:00000390       __imp_sf_debug_read_before_write_error 00000001802ef390     sf_runtime:sf_runtime.dll
 0002:00000398       __imp_cv_script_eval       00000001802ef398     sf_runtime:sf_runtime.dll
 0002:000003a0       __imp_sf_debug_get_script_id 00000001802ef3a0     sf_runtime:sf_runtime.dll
 0002:000003a8       __imp_sf_debug_set_script_translation 00000001802ef3a8     sf_runtime:sf_runtime.dll
 0002:000003b0       __imp_cv_script_init_script 00000001802ef3b0     sf_runtime:sf_runtime.dll
 0002:000003b8       __imp_cv_script_init_fcn   00000001802ef3b8     sf_runtime:sf_runtime.dll
 0002:000003c0       __imp_cv_script_init_if    00000001802ef3c0     sf_runtime:sf_runtime.dll
 0002:000003c8       __imp_cv_script_init_mcdc  00000001802ef3c8     sf_runtime:sf_runtime.dll
 0002:000003d0       __imp_cv_script_init_relational 00000001802ef3d0     sf_runtime:sf_runtime.dll
 0002:000003d8       __imp_sf_debug_get_animation 00000001802ef3d8     sf_runtime:sf_runtime.dll
 0002:000003e0       __imp_sf_debug_set_animation 00000001802ef3e0     sf_runtime:sf_runtime.dll
 0002:000003e8       __imp_sf_debug_set_honor_breakpoints 00000001802ef3e8     sf_runtime:sf_runtime.dll
 0002:000003f0       __imp_sf_debug_animate     00000001802ef3f0     sf_runtime:sf_runtime.dll
 0002:000003f8       __imp_sf_debug_unset_instance_data_value_ptr 00000001802ef3f8     sf_runtime:sf_runtime.dll
 0002:00000400       __imp_cv_eval_point        00000001802ef400     sf_runtime:sf_runtime.dll
 0002:00000408       __imp_sf_debug_temporal_threshold 00000001802ef408     sf_runtime:sf_runtime.dll
 0002:00000410       __imp_cv_eval_relational   00000001802ef410     sf_runtime:sf_runtime.dll
 0002:00000418       __imp_sf_mex_sub           00000001802ef418     sf_runtime:sf_runtime.dll
 0002:00000420       __imp_sf_get_dwork_info_from_mat_file 00000001802ef420     sf_runtime:sf_runtime.dll
 0002:00000428       __imp_sf_get_output_port_reusable 00000001802ef428     sf_runtime:sf_runtime.dll
 0002:00000430       __imp_sf_debug_set_chart_substate_index 00000001802ef430     sf_runtime:sf_runtime.dll
 0002:00000438       __imp_sf_debug_set_chart_state_substate_count 00000001802ef438     sf_runtime:sf_runtime.dll
 0002:00000440       __imp_sf_debug_set_chart_state_substate_index 00000001802ef440     sf_runtime:sf_runtime.dll
 0002:00000448       __imp_sf_mex_listen_for_ctrl_c 00000001802ef448     sf_runtime:sf_runtime.dll
 0002:00000450       __imp_sf_debug_eml_data_array_bounds_error_check 00000001802ef450     sf_runtime:sf_runtime.dll
 0002:00000458       __imp_cv_eval_saturation   00000001802ef458     sf_runtime:sf_runtime.dll
 0002:00000460       __imp_sf_debug_cv_init_relationalop 00000001802ef460     sf_runtime:sf_runtime.dll
 0002:00000468       __imp_ssGetDWork_wrapper   00000001802ef468     sf_runtime:sf_runtime.dll
 0002:00000470       __imp_sf_set_encoded_dwork_info 00000001802ef470     sf_runtime:sf_runtime.dll
 0002:00000478       __imp_sf_mex_get_sfun_param 00000001802ef478     sf_runtime:sf_runtime.dll
 0002:00000480       __imp_sf_mex_import_named  00000001802ef480     sf_runtime:sf_runtime.dll
 0002:00000488       __imp_sf_clear_rtw_identifier 00000001802ef488     sf_runtime:sf_runtime.dll
 0002:00000490       __imp_sf_mex_getcell       00000001802ef490     sf_runtime:sf_runtime.dll
 0002:00000498       __imp_sf_mex_setcell       00000001802ef498     sf_runtime:sf_runtime.dll
 0002:000004a0       __imp_sf_debug_symbol_scope_push 00000001802ef4a0     sf_runtime:sf_runtime.dll
 0002:000004a8       __imp_sf_debug_call        00000001802ef4a8     sf_runtime:sf_runtime.dll
 0002:000004b0       __imp_sf_debug_data_range_wrapper 00000001802ef4b0     sf_runtime:sf_runtime.dll
 0002:000004b8       __imp_sf_debug_symbol_scope_push_eml 00000001802ef4b8     sf_runtime:sf_runtime.dll
 0002:000004c0       __imp_sf_debug_symbol_scope_add_eml_importable 00000001802ef4c0     sf_runtime:sf_runtime.dll
 0002:000004c8       __imp_sf_debug_symbol_scope_add_eml 00000001802ef4c8     sf_runtime:sf_runtime.dll
 0002:000004d0       __imp_cv_eml_eval          00000001802ef4d0     sf_runtime:sf_runtime.dll
 0002:000004d8       __imp_eml_debug_line_call  00000001802ef4d8     sf_runtime:sf_runtime.dll
 0002:000004e0       __imp_sf_debug_symbol_scope_pop 00000001802ef4e0     sf_runtime:sf_runtime.dll
 0002:000004e8       __imp_sf_debug_check_for_state_inconsistency 00000001802ef4e8     sf_runtime:sf_runtime.dll
 0002:000004f0       __imp_sf_get_time          00000001802ef4f0     sf_runtime:sf_runtime.dll
 0002:000004f8       __imp_sf_mex_import        00000001802ef4f8     sf_runtime:sf_runtime.dll
 0002:00000500       __imp_sf_mex_dup           00000001802ef500     sf_runtime:sf_runtime.dll
 0002:00000508       __imp_sf_debug_initialize_chart 00000001802ef508     sf_runtime:sf_runtime.dll
 0002:00000510       __imp_sf_debug_set_chart_disable_implicit_casting 00000001802ef510     sf_runtime:sf_runtime.dll
 0002:00000518       __imp_sf_debug_set_chart_event_thresholds 00000001802ef518     sf_runtime:sf_runtime.dll
 0002:00000520       __imp_sf_debug_set_chart_data_props 00000001802ef520     sf_runtime:sf_runtime.dll
 0002:00000528       __imp_sf_debug_set_chart_state_info 00000001802ef528     sf_runtime:sf_runtime.dll
 0002:00000530       __imp_sf_debug_set_chart_substate_count 00000001802ef530     sf_runtime:sf_runtime.dll
 0002:00000538       __imp_sf_debug_set_chart_decomposition 00000001802ef538     sf_runtime:sf_runtime.dll
 0002:00000540       __imp_sf_debug_cv_init_chart 00000001802ef540     sf_runtime:sf_runtime.dll
 0002:00000548       __imp_sf_debug_cv_init_state 00000001802ef548     sf_runtime:sf_runtime.dll
 0002:00000550       __imp_sf_debug_cv_init_trans 00000001802ef550     sf_runtime:sf_runtime.dll
 0002:00000558       __imp_cv_eml_init_script   00000001802ef558     sf_runtime:sf_runtime.dll
 0002:00000560       __imp_cv_eml_init_fcn      00000001802ef560     sf_runtime:sf_runtime.dll
 0002:00000568       __imp_sf_debug_set_chart_data_compiled_props 00000001802ef568     sf_runtime:sf_runtime.dll
 0002:00000570       __imp_sf_debug_set_instance_data_value_ptr 00000001802ef570     sf_runtime:sf_runtime.dll
 0002:00000578       __imp_sf_debug_reset_current_state_configuration 00000001802ef578     sf_runtime:sf_runtime.dll
 0002:00000580       __imp_sf_mex_decode_encoded_mx_struct_array 00000001802ef580     sf_runtime:sf_runtime.dll
 0002:00000588       __imp_ssGetInputPortSignal_wrapper 00000001802ef588     sf_runtime:sf_runtime.dll
 0002:00000590       __imp_ssGetOutputPortSignal_wrapper 00000001802ef590     sf_runtime:sf_runtime.dll
 0002:00000598       __imp_sim_mode_is_rtw_gen  00000001802ef598     sf_runtime:sf_runtime.dll
 0002:000005a0       __imp_sim_mode_is_external 00000001802ef5a0     sf_runtime:sf_runtime.dll
 0002:000005a8       __imp_sf_is_chart_inlinable 00000001802ef5a8     sf_runtime:sf_runtime.dll
 0002:000005b0       __imp_sf_rtw_info_uint_prop 00000001802ef5b0     sf_runtime:sf_runtime.dll
 0002:000005b8       __imp_sf_update_buildInfo  00000001802ef5b8     sf_runtime:sf_runtime.dll
 0002:000005c0       __imp_sf_mark_chart_expressionable_inputs 00000001802ef5c0     sf_runtime:sf_runtime.dll
 0002:000005c8       __imp_sf_mark_chart_reusable_outputs 00000001802ef5c8     sf_runtime:sf_runtime.dll
 0002:000005d0       __imp_sf_set_rtw_dwork_info 00000001802ef5d0     sf_runtime:sf_runtime.dll
 0002:000005d8       __imp_sf_mex_error_message 00000001802ef5d8     sf_runtime:sf_runtime.dll
 0002:000005e0       __imp_sf_mex_create        00000001802ef5e0     sf_runtime:sf_runtime.dll
 0002:000005e8       __imp_sf_mex_addfield      00000001802ef5e8     sf_runtime:sf_runtime.dll
 0002:000005f0       __imp_sf_mex_createcellmatrix 00000001802ef5f0     sf_runtime:sf_runtime.dll
 0002:000005f8       __imp_sf_mex_duplicatearraysafe 00000001802ef5f8     sf_runtime:sf_runtime.dll
 0002:00000600       __imp_sf_mex_destroy       00000001802ef600     sf_runtime:sf_runtime.dll
 0002:00000608       __imp_sf_mex_createstruct  00000001802ef608     sf_runtime:sf_runtime.dll
 0002:00000610       __imp_sf_mex_assign        00000001802ef610     sf_runtime:sf_runtime.dll
 0002:00000618       __imp_sf_mex_emlrtNameCapturePostProcessR2012a 00000001802ef618     sf_runtime:sf_runtime.dll
 0002:00000620       __imp_sf_load_rtw_optimization_info 00000001802ef620     sf_runtime:sf_runtime.dll
 0002:00000628       __imp_sf_debug_initialize_machine 00000001802ef628     sf_runtime:sf_runtime.dll
 0002:00000630       __imp_cv_script_init_while 00000001802ef630     sf_runtime:sf_runtime.dll
 0002:00000638       __imp_cv_eml_init_for      00000001802ef638     sf_runtime:sf_runtime.dll
 0002:00000640       __imp_sf_debug_set_chart_event_scope 00000001802ef640     sf_runtime:sf_runtime.dll
 0002:00000648       __imp_sf_mex_createstructarray 00000001802ef648     sf_runtime:sf_runtime.dll
 0002:00000650       __imp_sf_debug_symbol_scope_add_importable 00000001802ef650     sf_runtime:sf_runtime.dll
 0002:00000658       __imp_sf_debug_sub_assign_size_check_nd 00000001802ef658     sf_runtime:sf_runtime.dll
 0002:00000660       __imp_sf_debug_symbol_switch 00000001802ef660     sf_runtime:sf_runtime.dll
[...]
 0001:0027b670       c12_ControlParams_bus_io   000000018027c670 f   LibWalking_sfun:c12_LibWalking.obj
 0001:0027cb30       c12_c_sf_marshallOut       000000018027db30 f   LibWalking_sfun:c12_LibWalking.obj
 0001:00282240       sf_opaque_initialize_c12_LibWalking 0000000180283240 f   LibWalking_sfun:c12_LibWalking.obj
 0001:00282280       initialize_c12_LibWalking  0000000180283280 f   LibWalking_sfun:c12_LibWalking.obj
 0001:002822d0       sf_opaque_enable_c12_LibWalking 00000001802832d0 f   LibWalking_sfun:c12_LibWalking.obj
 0001:002822f0       enable_c12_LibWalking      00000001802832f0 f   LibWalking_sfun:c12_LibWalking.obj
 0001:00282320       sf_opaque_disable_c12_LibWalking 0000000180283320 f   LibWalking_sfun:c12_LibWalking.obj
 0001:00282340       disable_c12_LibWalking     0000000180283340 f   LibWalking_sfun:c12_LibWalking.obj
 0001:00282370       sf_opaque_gateway_c12_LibWalking 0000000180283370 f   LibWalking_sfun:c12_LibWalking.obj
 0001:00282390       sf_gateway_c12_LibWalking  0000000180283390 f   LibWalking_sfun:c12_LibWalking.obj
 0001:00282760       c12_chartstep_c12_LibWalking 0000000180283760 f   LibWalking_sfun:c12_LibWalking.obj
 0001:00285100       c12_norm                   0000000180286100 f   LibWalking_sfun:c12_LibWalking.obj
 0001:002852c0       sf_opaque_get_sim_state_c12_LibWalking 00000001802862c0 f   LibWalking_sfun:c12_LibWalking.obj
 0001:00285310       get_sim_state_c12_LibWalking 0000000180286310 f   LibWalking_sfun:c12_LibWalking.obj
 0001:00285540       sf_opaque_set_sim_state_c12_LibWalking 0000000180286540 f   LibWalking_sfun:c12_LibWalking.obj
 0001:00285590       set_sim_state_c12_LibWalking 0000000180286590 f   LibWalking_sfun:c12_LibWalking.obj
 0001:00285690       c12_update_debugger_state_c12_LibWalking 0000000180286690 f   LibWalking_sfun:c12_LibWalking.obj
 0001:002856a0       c12_emlrt_marshallIn       00000001802866a0 f   LibWalking_sfun:c12_LibWalking.obj
 0001:00285710       c12_c_emlrt_marshallIn     0000000180286710 f   LibWalking_sfun:c12_LibWalking.obj
 0001:00285770       c12_f_emlrt_marshallIn     0000000180286770 f   LibWalking_sfun:c12_LibWalking.obj
 0001:002857d0       c12_g_emlrt_marshallIn     00000001802867d0 f   LibWalking_sfun:c12_LibWalking.obj
 0001:00285860       sf_opaque_terminate_c12_LibWalking 0000000180286860 f   LibWalking_sfun:c12_LibWalking.obj
 0001:00285900       finalize_c12_LibWalking    0000000180286900 f   LibWalking_sfun:c12_LibWalking.obj
 0001:00285910       sf_opaque_init_subchart_simstructs 0000000180286910 f   LibWalking_sfun:c12_LibWalking.obj
 0001:00285930       initSimStructsc12_LibWalking 0000000180286930 f   LibWalking_sfun:c12_LibWalking.obj
 0001:00285940       mdlRTW_c12_LibWalking      0000000180286940 f   LibWalking_sfun:c12_LibWalking.obj
 0001:00285a10       c5_info_helper             0000000180286a10 f   LibWalking_sfun:c5_LibWalking.obj
 0001:0028f680       c5_emlrt_marshallOut       0000000180290680 f   LibWalking_sfun:c5_LibWalking.obj
 0001:0028f710       c5_b_emlrt_marshallOut     0000000180290710 f   LibWalking_sfun:c5_LibWalking.obj
 0001:0028f780       c5_b_info_helper           0000000180290780 f   LibWalking_sfun:c5_LibWalking.obj
 0001:002993f0       c5_c_info_helper           000000018029a3f0 f   LibWalking_sfun:c5_LibWalking.obj
 0001:002a3060       c5_d_info_helper           00000001802a4060 f   LibWalking_sfun:c5_LibWalking.obj
 0001:002accd0       c5_e_info_helper           00000001802adcd0 f   LibWalking_sfun:c5_LibWalking.obj
 0001:002b0ea0       mdlProcessParameters_c5_LibWalking 00000001802b1ea0 f   LibWalking_sfun:c5_LibWalking.obj
 0001:002b0f80       initialize_params_c5_LibWalking 00000001802b1f80 f   LibWalking_sfun:c5_LibWalking.obj
 0001:002b0f90       mdlSetWorkWidths_c5_LibWalking 00000001802b1f90 f   LibWalking_sfun:c5_LibWalking.obj
 0001:002b1610       sf_get_instance_specialization 00000001802b2610 f   LibWalking_sfun:c5_LibWalking.obj
 0001:002b1620       mdlStart_c5_LibWalking     00000001802b2620 f   LibWalking_sfun:c5_LibWalking.obj
 0001:002b18a0       init_dsm_address_info      00000001802b28a0 f   LibWalking_sfun:c5_LibWalking.obj
 0001:002b18b0       init_simulink_io_address   00000001802b28b0 f   LibWalking_sfun:c5_LibWalking.obj
 0001:002b1b80       sf_get_sim_state_info_c5_LibWalking 00000001802b2b80 f   LibWalking_sfun:c5_LibWalking.obj
 0001:002b1c50       chart_debug_initialization 00000001802b2c50 f   LibWalking_sfun:c5_LibWalking.obj
 0001:002b8a80       init_script_number_translation 00000001802b9a80 f   LibWalking_sfun:c5_LibWalking.obj
 0001:002b8d80       c5_sf_marshallOut          00000001802b9d80 f   LibWalking_sfun:c5_LibWalking.obj
 0001:002b8f00       c5_sf_marshallIn           00000001802b9f00 f   LibWalking_sfun:c5_LibWalking.obj
 0001:002b9010       c5_b_emlrt_marshallIn      00000001802ba010 f   LibWalking_sfun:c5_LibWalking.obj
 0001:002b9110       c5_b_sf_marshallOut        00000001802ba110 f   LibWalking_sfun:c5_LibWalking.obj
 0001:002b91c0       c5_b_sf_marshallIn         00000001802ba1c0 f   LibWalking_sfun:c5_LibWalking.obj
 0001:002b9260       c5_d_emlrt_marshallIn      00000001802ba260 f   LibWalking_sfun:c5_LibWalking.obj
 0001:002b92f0       c5_e_sf_marshallOut        00000001802ba2f0 f   LibWalking_sfun:c5_LibWalking.obj
 0001:002b9480       c5_ControlState_bus_io     00000001802ba480 f   LibWalking_sfun:c5_LibWalking.obj
 0001:002b9590       c5_d_sf_marshallOut        00000001802ba590 f   LibWalking_sfun:c5_LibWalking.obj
 0001:002b9ad0       c5_ControlParams_bus_io    00000001802baad0 f   LibWalking_sfun:c5_LibWalking.obj
 0001:002bafb0       c5_c_sf_marshallOut        00000001802bbfb0 f   LibWalking_sfun:c5_LibWalking.obj
 0001:002c06b0       sf_opaque_initialize_c5_LibWalking 00000001802c16b0 f   LibWalking_sfun:c5_LibWalking.obj
 0001:002c06f0       initialize_c5_LibWalking   00000001802c16f0 f   LibWalking_sfun:c5_LibWalking.obj
 0001:002c0740       sf_opaque_enable_c5_LibWalking 00000001802c1740 f   LibWalking_sfun:c5_LibWalking.obj
 0001:002c0760       enable_c5_LibWalking       00000001802c1760 f   LibWalking_sfun:c5_LibWalking.obj
 0001:002c0790       sf_opaque_disable_c5_LibWalking 00000001802c1790 f   LibWalking_sfun:c5_LibWalking.obj
 0001:002c07b0       disable_c5_LibWalking      00000001802c17b0 f   LibWalking_sfun:c5_LibWalking.obj
 0001:002c07e0       sf_opaque_gateway_c5_LibWalking 00000001802c17e0 f   LibWalking_sfun:c5_LibWalking.obj
 0001:002c0800       sf_gateway_c5_LibWalking   00000001802c1800 f   LibWalking_sfun:c5_LibWalking.obj
 0001:002c5210       c5_applyGaitTweaks2        00000001802c6210 f   LibWalking_sfun:c5_LibWalking.obj
 0001:002c6c40       c5_ATRIAS3D_ZD_Control06   00000001802c7c40 f   LibWalking_sfun:c5_LibWalking.obj
 0001:002cbbe0       c5_ATRIAS3D_ZD_Output03    00000001802ccbe0 f   LibWalking_sfun:c5_LibWalking.obj
 0001:002d47a0       c5_ATRIAS3D_ZD_s6          00000001802d57a0 f   LibWalking_sfun:c5_LibWalking.obj
 0001:002d55e0       c5_sat                     00000001802d65e0 f   LibWalking_sfun:c5_LibWalking.obj
 0001:002d5ad0       c5_bezierv                 00000001802d6ad0 f   LibWalking_sfun:c5_LibWalking.obj
 0001:002d6f40       c5_beziervd                00000001802d7f40 f   LibWalking_sfun:c5_LibWalking.obj
 0001:002d83f0       c5_bezierva                00000001802d93f0 f   LibWalking_sfun:c5_LibWalking.obj
 0001:002d98e0       c5_bezier                  00000001802da8e0 f   LibWalking_sfun:c5_LibWalking.obj
 0001:002db1a0       c5_bezierd                 00000001802dc1a0 f   LibWalking_sfun:c5_LibWalking.obj
 0001:002dc0a0       c5_beziera                 00000001802dd0a0 f   LibWalking_sfun:c5_LibWalking.obj
 0001:002dcfa0       c5_polyv                   00000001802ddfa0 f   LibWalking_sfun:c5_LibWalking.obj
 0001:002dda10       c5_polyvd                  00000001802dea10 f   LibWalking_sfun:c5_LibWalking.obj
 0001:002de4c0       c5_polyva                  00000001802df4c0 f   LibWalking_sfun:c5_LibWalking.obj
 0001:002dee70       c5_b_sat                   00000001802dfe70 f   LibWalking_sfun:c5_LibWalking.obj
 0001:002df420       c5_b_bezier                00000001802e0420 f   LibWalking_sfun:c5_LibWalking.obj
 0001:002e06d0       c5_f_sf_marshallOut        00000001802e16d0 f   LibWalking_sfun:c5_LibWalking.obj
 0001:002e0920       c5_g_sf_marshallOut        00000001802e1920 f   LibWalking_sfun:c5_LibWalking.obj
 0001:002e0b70       c5_c_sf_marshallIn         00000001802e1b70 f   LibWalking_sfun:c5_LibWalking.obj
 0001:002e0cc0       c5_e_emlrt_marshallIn      00000001802e1cc0 f   LibWalking_sfun:c5_LibWalking.obj
 0001:002e0dc0       c5_d_sf_marshallIn         00000001802e1dc0 f   LibWalking_sfun:c5_LibWalking.obj
 0001:002e0ec0       c5_f_emlrt_marshallIn      00000001802e1ec0 f   LibWalking_sfun:c5_LibWalking.obj
 0001:002e1150       c5_g_emlrt_marshallIn      00000001802e2150 f   LibWalking_sfun:c5_LibWalking.obj
 0001:002e23e0       c5_h_emlrt_marshallIn      00000001802e33e0 f   LibWalking_sfun:c5_LibWalking.obj
 0001:002e24b0       c5_i_emlrt_marshallIn      00000001802e34b0 f   LibWalking_sfun:c5_LibWalking.obj
 0001:002e25b0       c5_j_emlrt_marshallIn      00000001802e35b0 f   LibWalking_sfun:c5_LibWalking.obj
 0001:002e26a0       c5_k_emlrt_marshallIn      00000001802e36a0 f   LibWalking_sfun:c5_LibWalking.obj
 0001:002e27b0       c5_l_emlrt_marshallIn      00000001802e37b0 f   LibWalking_sfun:c5_LibWalking.obj
 0001:002e2b50       c5_m_emlrt_marshallIn      00000001802e3b50 f   LibWalking_sfun:c5_LibWalking.obj
 0001:002e3270       c5_n_emlrt_marshallIn      00000001802e4270 f   LibWalking_sfun:c5_LibWalking.obj
 0001:002e3380       c5_o_emlrt_marshallIn      00000001802e4380 f   LibWalking_sfun:c5_LibWalking.obj
 0001:002e3460       c5_p_emlrt_marshallIn      00000001802e4460 f   LibWalking_sfun:c5_LibWalking.obj
 0001:002e3660       c5_q_emlrt_marshallIn      00000001802e4660 f   LibWalking_sfun:c5_LibWalking.obj
 0001:002e3760       c5_r_emlrt_marshallIn      00000001802e4760 f   LibWalking_sfun:c5_LibWalking.obj
 0001:002e3870       c5_s_emlrt_marshallIn      00000001802e4870 f   LibWalking_sfun:c5_LibWalking.obj
 0001:002e3970       c5_t_emlrt_marshallIn      00000001802e4970 f   LibWalking_sfun:c5_LibWalking.obj
 0001:002e3a80       c5_u_emlrt_marshallIn      00000001802e4a80 f   LibWalking_sfun:c5_LibWalking.obj
 0001:002e3b80       c5_v_emlrt_marshallIn      00000001802e4b80 f   LibWalking_sfun:c5_LibWalking.obj
 0001:002e4570       c5_w_emlrt_marshallIn      00000001802e5570 f   LibWalking_sfun:c5_LibWalking.obj
 0001:002e4850       c5_e_sf_marshallIn         00000001802e5850 f   LibWalking_sfun:c5_LibWalking.obj
 0001:002e4970       c5_x_emlrt_marshallIn      00000001802e5970 f   LibWalking_sfun:c5_LibWalking.obj
 0001:002e4c50       c5_h_sf_marshallOut        00000001802e5c50 f   LibWalking_sfun:c5_LibWalking.obj
 0001:002e4d00       c5_i_sf_marshallOut        00000001802e5d00 f   LibWalking_sfun:c5_LibWalking.obj
 0001:002e4e70       c5_f_sf_marshallIn         00000001802e5e70 f   LibWalking_sfun:c5_LibWalking.obj
 0001:002e4f70       c5_y_emlrt_marshallIn      00000001802e5f70 f   LibWalking_sfun:c5_LibWalking.obj
 0001:002e5080       c5_g_sf_marshallIn         00000001802e6080 f   LibWalking_sfun:c5_LibWalking.obj
 0001:002e51f0       c5_ab_emlrt_marshallIn     00000001802e61f0 f   LibWalking_sfun:c5_LibWalking.obj
 0001:002e5300       c5_h_sf_marshallIn         00000001802e6300 f   LibWalking_sfun:c5_LibWalking.obj
 0001:002e5420       c5_j_sf_marshallOut        00000001802e6420 f   LibWalking_sfun:c5_LibWalking.obj
 0001:002e55b0       c5_i_sf_marshallIn         00000001802e65b0 f   LibWalking_sfun:c5_LibWalking.obj
 0001:002e56d0       c5_k_sf_marshallOut        00000001802e66d0 f   LibWalking_sfun:c5_LibWalking.obj
 0001:002e5860       c5_j_sf_marshallIn         00000001802e6860 f   LibWalking_sfun:c5_LibWalking.obj
 0001:002e5980       c5_bb_emlrt_marshallIn     00000001802e6980 f   LibWalking_sfun:c5_LibWalking.obj
 0001:002e5a90       c5_l_sf_marshallOut        00000001802e6a90 f   LibWalking_sfun:c5_LibWalking.obj
 0001:002e5bd0       c5_k_sf_marshallIn         00000001802e6bd0 f   LibWalking_sfun:c5_LibWalking.obj
 0001:002e5ca0       c5_m_sf_marshallOut        00000001802e6ca0 f   LibWalking_sfun:c5_LibWalking.obj
 0001:002e5e30       c5_l_sf_marshallIn         00000001802e6e30 f   LibWalking_sfun:c5_LibWalking.obj
 0001:002e5f40       c5_cb_emlrt_marshallIn     00000001802e6f40 f   LibWalking_sfun:c5_LibWalking.obj
 0001:002e6040       c5_n_sf_marshallOut        00000001802e7040 f   LibWalking_sfun:c5_LibWalking.obj
 0001:002e61d0       c5_m_sf_marshallIn         00000001802e71d0 f   LibWalking_sfun:c5_LibWalking.obj
 0001:002e62d0       c5_db_emlrt_marshallIn     00000001802e72d0 f   LibWalking_sfun:c5_LibWalking.obj
 0001:002e63d0       c5_o_sf_marshallOut        00000001802e73d0 f   LibWalking_sfun:c5_LibWalking.obj
 0001:002e6550       c5_n_sf_marshallIn         00000001802e7550 f   LibWalking_sfun:c5_LibWalking.obj
 0001:002e6670       c5_p_sf_marshallOut        00000001802e7670 f   LibWalking_sfun:c5_LibWalking.obj
 0001:002e68c0       c5_o_sf_marshallIn         00000001802e78c0 f   LibWalking_sfun:c5_LibWalking.obj
 0001:002e6a40       c5_q_sf_marshallOut        00000001802e7a40 f   LibWalking_sfun:c5_LibWalking.obj
 0001:002e6c90       c5_p_sf_marshallIn         00000001802e7c90 f   LibWalking_sfun:c5_LibWalking.obj
 0001:002e6e10       c5_r_sf_marshallOut        00000001802e7e10 f   LibWalking_sfun:c5_LibWalking.obj
 0001:002e6f50       c5_q_sf_marshallIn         00000001802e7f50 f   LibWalking_sfun:c5_LibWalking.obj
 0001:002e7040       c5_eb_emlrt_marshallIn     00000001802e8040 f   LibWalking_sfun:c5_LibWalking.obj
 0001:002e7120       c5_r_sf_marshallIn         00000001802e8120 f   LibWalking_sfun:c5_LibWalking.obj
 0001:002e71c0       c5_fb_emlrt_marshallIn     00000001802e81c0 f   LibWalking_sfun:c5_LibWalking.obj
 0001:002e7250       c5_s_sf_marshallOut        00000001802e8250 f   LibWalking_sfun:c5_LibWalking.obj
 0001:002e7370       c5_s_sf_marshallIn         00000001802e8370 f   LibWalking_sfun:c5_LibWalking.obj
 0001:002e7440       c5_t_sf_marshallOut        00000001802e8440 f   LibWalking_sfun:c5_LibWalking.obj
 0001:002e8820       c5_t_sf_marshallIn         00000001802e9820 f   LibWalking_sfun:c5_LibWalking.obj
 0001:002e8920       c5_u_sf_marshallOut        00000001802e9920 f   LibWalking_sfun:c5_LibWalking.obj
 0001:002e8b70       c5_u_sf_marshallIn         00000001802e9b70 f   LibWalking_sfun:c5_LibWalking.obj
 0001:002e8cd0       c5_rdivide                 00000001802e9cd0 f   LibWalking_sfun:c5_LibWalking.obj
 0001:002e8d30       c5_repmat                  00000001802e9d30 f   LibWalking_sfun:c5_LibWalking.obj
 0001:002e8e10       c5_eml_switch_helper       00000001802e9e10 f   LibWalking_sfun:c5_LibWalking.obj
 0001:002e8e20       c5_eml_scalar_eg           00000001802e9e20 f   LibWalking_sfun:c5_LibWalking.obj
 0001:002e8e30       c5_threshold               00000001802e9e30 f   LibWalking_sfun:c5_LibWalking.obj
 0001:002e8e40       c5_b_threshold             00000001802e9e40 f   LibWalking_sfun:c5_LibWalking.obj
 0001:002e8e50       c5_b_eml_scalar_eg         00000001802e9e50 f   LibWalking_sfun:c5_LibWalking.obj
 0001:002e8e60       c5_eml_li_find             00000001802e9e60 f   LibWalking_sfun:c5_LibWalking.obj
 0001:002e8fd0       c5_b_repmat                00000001802e9fd0 f   LibWalking_sfun:c5_LibWalking.obj
 0001:002e9030       c5_c_repmat                00000001802ea030 f   LibWalking_sfun:c5_LibWalking.obj
 0001:002e9090       c5_b_eml_li_find           00000001802ea090 f   LibWalking_sfun:c5_LibWalking.obj
 0001:002e9430       c5_c_eml_scalar_eg         00000001802ea430 f   LibWalking_sfun:c5_LibWalking.obj
 0001:002e9440       c5_d_eml_scalar_eg         00000001802ea440 f   LibWalking_sfun:c5_LibWalking.obj
 0001:002e9450       c5_mpower                  00000001802ea450 f   LibWalking_sfun:c5_LibWalking.obj
 0001:002e94c0       c5_any                     00000001802ea4c0 f   LibWalking_sfun:c5_LibWalking.obj
 0001:002e9540       c5_e_eml_scalar_eg         00000001802ea540 f   LibWalking_sfun:c5_LibWalking.obj
 0001:002e9550       c5_mldivide                00000001802ea550 f   LibWalking_sfun:c5_LibWalking.obj
 0001:002e98b0       c5_eml_warning             00000001802ea8b0 f   LibWalking_sfun:c5_LibWalking.obj
 0001:002e99f0       c5_power                   00000001802ea9f0 f   LibWalking_sfun:c5_LibWalking.obj
 0001:002e9ab0       c5_b_rdivide               00000001802eaab0 f   LibWalking_sfun:c5_LibWalking.obj
 0001:002e9b20       c5_b_eml_matlab_zgetrf     00000001802eab20 f   LibWalking_sfun:c5_LibWalking.obj
 0001:002ea470       c5_eps                     00000001802eb470 f   LibWalking_sfun:c5_LibWalking.obj
 0001:002ea480       c5_realmin                 00000001802eb480 f   LibWalking_sfun:c5_LibWalking.obj
 0001:002ea490       c5_eml_ixamax              00000001802eb490 f   LibWalking_sfun:c5_LibWalking.obj
 0001:002ea760       c5_check_forloop_overflow_error 00000001802eb760 f   LibWalking_sfun:c5_LibWalking.obj
 0001:002ea990       c5_b_eml_switch_helper     00000001802eb990 f   LibWalking_sfun:c5_LibWalking.obj
 0001:002ea9a0       c5_b_eml_xgeru             00000001802eb9a0 f   LibWalking_sfun:c5_LibWalking.obj
 0001:002eaf60       c5_c_eml_xtrsm             00000001802ebf60 f   LibWalking_sfun:c5_LibWalking.obj
 0001:002eb0b0       c5_below_threshold         00000001802ec0b0 f   LibWalking_sfun:c5_LibWalking.obj
 0001:002eb0d0       c5_c_eml_switch_helper     00000001802ec0d0 f   LibWalking_sfun:c5_LibWalking.obj
 0001:002eb0e0       c5_scalarEg                00000001802ec0e0 f   LibWalking_sfun:c5_LibWalking.obj
 0001:002eb0f0       c5_d_eml_xtrsm             00000001802ec0f0 f   LibWalking_sfun:c5_LibWalking.obj
 0001:002eb280       sf_opaque_get_sim_state_c5_LibWalking 00000001802ec280 f   LibWalking_sfun:c5_LibWalking.obj
 0001:002eb2d0       get_sim_state_c5_LibWalking 00000001802ec2d0 f   LibWalking_sfun:c5_LibWalking.obj
 0001:002ebdd0       sf_opaque_set_sim_state_c5_LibWalking 00000001802ecdd0 f   LibWalking_sfun:c5_LibWalking.obj
 0001:002ebe20       set_sim_state_c5_LibWalking 00000001802ece20 f   LibWalking_sfun:c5_LibWalking.obj
 0001:002ec460       c5_update_debugger_state_c5_LibWalking 00000001802ed460 f   LibWalking_sfun:c5_LibWalking.obj
 0001:002ec470       c5_emlrt_marshallIn        00000001802ed470 f   LibWalking_sfun:c5_LibWalking.obj
 0001:002ec4e0       c5_c_emlrt_marshallIn      00000001802ed4e0 f   LibWalking_sfun:c5_LibWalking.obj
 0001:002ec550       c5_hb_emlrt_marshallIn     00000001802ed550 f   LibWalking_sfun:c5_LibWalking.obj
 0001:002ec5b0       c5_ib_emlrt_marshallIn     00000001802ed5b0 f   LibWalking_sfun:c5_LibWalking.obj
 0001:002ec640       sf_opaque_terminate_c5_LibWalking 00000001802ed640 f   LibWalking_sfun:c5_LibWalking.obj
 0001:002ec6e0       finalize_c5_LibWalking     00000001802ed6e0 f   LibWalking_sfun:c5_LibWalking.obj
 0001:002ec6f0       sf_opaque_init_subchart_simstructs 00000001802ed6f0 f   LibWalking_sfun:c5_LibWalking.obj
 0001:002ec710       initSimStructsc5_LibWalking 00000001802ed710 f   LibWalking_sfun:c5_LibWalking.obj
 0001:002ec720       mdlRTW_c5_LibWalking       00000001802ed720 f   LibWalking_sfun:c5_LibWalking.obj
 0001:002ec8d0       pre_c_init                 00000001802ed8d0 f   MSVCRT:crtdll.obj
 0001:002ecb8c       __DllMainCRTStartup        00000001802edb8c f   MSVCRT:crtdll.obj
 0001:002ed250       __DllMainCRTStartup$filt$0 00000001802ee250 f   MSVCRT:crtdll.obj
 0001:002ed280       __DllMainCRTStartup$fin$1  00000001802ee280 f   MSVCRT:crtdll.obj
 0001:002ed29a       _onexit$fin$0              00000001802ee29a f   MSVCRT:atonexit.obj
 0001:002ed2c0       _IsNonwritableInCurrentImage$filt$0 00000001802ee2c0 f   MSVCRT:pesect.obj
