 Walking01_DDA3D_sfun

 Timestamp is 575b05b8 (Fri Jun 10 14:23:52 2016)

 Preferred load address is 0000000180000000

 Start         Length     Name                   Class
 0001:00000000 002fe9e4H .text                   CODE
 0001:002fe9f0 00000092H .text$x                 CODE
 0002:00000000 00000688H .idata$5                DATA
 0002:00000688 00000008H .CRT$XCA                DATA
 0002:00000690 00000008H .CRT$XCZ                DATA
 0002:00000698 00000008H .CRT$XIA                DATA
 0002:000006a0 00000008H .CRT$XIAA               DATA
 0002:000006a8 00000008H .CRT$XIZ                DATA
 0002:000006b0 00000e2cH .rdata                  DATA
 0002:000014e0 00000008H .rtc$IAA                DATA
 0002:000014e8 00000008H .rtc$IZZ                DATA
 0002:000014f0 00000008H .rtc$TAA                DATA
 0002:000014f8 00000008H .rtc$TZZ                DATA
 0002:00001500 00004884H .xdata                  DATA
 0002:00005d84 000000a0H .idata$2                DATA
 0002:00005e24 00000014H .idata$3                DATA
 0002:00005e38 00000688H .idata$4                DATA
 0002:000064c0 000012e6H .idata$6                DATA
 0002:000077b0 0000005aH .edata                  DATA
 0003:00000000 000d0088H .data                   DATA
 0003:000d0090 00000c78H .bss                    DATA
 0004:00000000 0000543cH .pdata                  DATA

  Address         Publics by Value              Rva+Base               Lib:Object

 0000:00000000       ___safe_se_handler_count   0000000000000000     <absolute>
 0000:00000000       ___safe_se_handler_table   0000000000000000     <absolute>
 0000:00000000       __ImageBase                0000000180000000     <linker-defined>
 0001:00000000       Walking01_DDA3D_initializer 0000000180001000 f   Walking01_DDA3D_sfun.obj
 0001:00000010       Walking01_DDA3D_terminator 0000000180001010 f   Walking01_DDA3D_sfun.obj
 0001:00000020       sf_Walking01_DDA3D_method_dispatcher 0000000180001020 f   Walking01_DDA3D_sfun.obj
 0001:000003e0       sf_Walking01_DDA3D_uses_exported_functions 00000001800013e0 f   Walking01_DDA3D_sfun.obj
 0001:00000420       sf_Walking01_DDA3D_process_testpoint_info_call 0000000180001420 f   Walking01_DDA3D_sfun.obj
 0001:00000660       sf_Walking01_DDA3D_process_check_sum_call 0000000180001660 f   Walking01_DDA3D_sfun.obj
 0001:00000cc0       sf_Walking01_DDA3D_autoinheritance_info 0000000180001cc0 f   Walking01_DDA3D_sfun.obj
 0001:000015e0       sf_Walking01_DDA3D_get_eml_resolved_functions_info 00000001800025e0 f   Walking01_DDA3D_sfun.obj
 0001:00001d50       sf_Walking01_DDA3D_third_party_uses_info 0000000180002d50 f   Walking01_DDA3D_sfun.obj
 0001:000023a0       sf_Walking01_DDA3D_jit_fallback_info 00000001800033a0 f   Walking01_DDA3D_sfun.obj
 0001:000029f0       sf_Walking01_DDA3D_updateBuildInfo_args_info 00000001800039f0 f   Walking01_DDA3D_sfun.obj
 0001:00003040       sf_Walking01_DDA3D_get_post_codegen_info 0000000180004040 f   Walking01_DDA3D_sfun.obj
 0001:00003670       Walking01_DDA3D_debug_initialize 0000000180004670 f   Walking01_DDA3D_sfun.obj
 0001:000036f0       Walking01_DDA3D_register_exported_symbols 00000001800046f0 f   Walking01_DDA3D_sfun.obj
 0001:00003700       load_Walking01_DDA3D_optimization_info 0000000180004700 f   Walking01_DDA3D_sfun.obj
 0001:00003750       unload_Walking01_DDA3D_optimization_info 0000000180004750 f   Walking01_DDA3D_sfun.obj
 0001:00003780       sf_c31_Walking01_DDA3D_get_eml_resolved_functions_info 0000000180004780 f   c31_Walking01_DDA3D.obj
 0001:00008be0       sf_c31_Walking01_DDA3D_get_check_sum 0000000180009be0 f   c31_Walking01_DDA3D.obj
 0001:00008c60       sf_c31_Walking01_DDA3D_get_autoinheritance_info 0000000180009c60 f   c31_Walking01_DDA3D.obj
 0001:00009210       sf_c31_Walking01_DDA3D_third_party_uses_info 000000018000a210 f   c31_Walking01_DDA3D.obj
 0001:00009240       sf_c31_Walking01_DDA3D_jit_fallback_info 000000018000a240 f   c31_Walking01_DDA3D.obj
 0001:00009310       sf_c31_Walking01_DDA3D_updateBuildInfo_args_info 000000018000a310 f   c31_Walking01_DDA3D.obj
 0001:00009340       sf_c31_Walking01_DDA3D_get_post_codegen_info 000000018000a340 f   c31_Walking01_DDA3D.obj
 0001:00009410       c31_Walking01_DDA3D_method_dispatcher 000000018000a410 f   c31_Walking01_DDA3D.obj
 0001:0000c220       sf_c33_Walking01_DDA3D_get_eml_resolved_functions_info 000000018000d220 f   c33_Walking01_DDA3D.obj
 0001:00012c90       sf_c33_Walking01_DDA3D_get_check_sum 0000000180013c90 f   c33_Walking01_DDA3D.obj
 0001:00012d10       sf_c33_Walking01_DDA3D_get_autoinheritance_info 0000000180013d10 f   c33_Walking01_DDA3D.obj
 0001:00013d00       sf_c33_Walking01_DDA3D_third_party_uses_info 0000000180014d00 f   c33_Walking01_DDA3D.obj
 0001:00013d30       sf_c33_Walking01_DDA3D_jit_fallback_info 0000000180014d30 f   c33_Walking01_DDA3D.obj
 0001:00013e00       sf_c33_Walking01_DDA3D_updateBuildInfo_args_info 0000000180014e00 f   c33_Walking01_DDA3D.obj
 0001:00013e30       sf_c33_Walking01_DDA3D_get_post_codegen_info 0000000180014e30 f   c33_Walking01_DDA3D.obj
 0001:00013f00       c33_Walking01_DDA3D_method_dispatcher 0000000180014f00 f   c33_Walking01_DDA3D.obj
 0001:0001f000       sf_c34_Walking01_DDA3D_get_eml_resolved_functions_info 0000000180020000 f   c34_Walking01_DDA3D.obj
 0001:0001f840       sf_c34_Walking01_DDA3D_get_check_sum 0000000180020840 f   c34_Walking01_DDA3D.obj
 0001:0001f8c0       sf_c34_Walking01_DDA3D_get_autoinheritance_info 00000001800208c0 f   c34_Walking01_DDA3D.obj
 0001:000208e0       sf_c34_Walking01_DDA3D_third_party_uses_info 00000001800218e0 f   c34_Walking01_DDA3D.obj
 0001:00020910       sf_c34_Walking01_DDA3D_jit_fallback_info 0000000180021910 f   c34_Walking01_DDA3D.obj
 0001:000209e0       sf_c34_Walking01_DDA3D_updateBuildInfo_args_info 00000001800219e0 f   c34_Walking01_DDA3D.obj
 0001:00020a10       sf_c34_Walking01_DDA3D_get_post_codegen_info 0000000180021a10 f   c34_Walking01_DDA3D.obj
 0001:00020ae0       sf_c34_Walking01_DDA3D_get_testpoint_info 0000000180021ae0 f   c34_Walking01_DDA3D.obj
 0001:00020af0       c34_Walking01_DDA3D_method_dispatcher 0000000180021af0 f   c34_Walking01_DDA3D.obj
 0001:0002a7b0       sf_c35_Walking01_DDA3D_get_eml_resolved_functions_info 000000018002b7b0 f   c35_Walking01_DDA3D.obj
 0001:0002bed0       sf_c35_Walking01_DDA3D_get_check_sum 000000018002ced0 f   c35_Walking01_DDA3D.obj
 0001:0002bf50       sf_c35_Walking01_DDA3D_get_autoinheritance_info 000000018002cf50 f   c35_Walking01_DDA3D.obj
 0001:0002c3b0       sf_c35_Walking01_DDA3D_third_party_uses_info 000000018002d3b0 f   c35_Walking01_DDA3D.obj
 0001:0002c3e0       sf_c35_Walking01_DDA3D_jit_fallback_info 000000018002d3e0 f   c35_Walking01_DDA3D.obj
 0001:0002c4b0       sf_c35_Walking01_DDA3D_updateBuildInfo_args_info 000000018002d4b0 f   c35_Walking01_DDA3D.obj
 0001:0002c4e0       sf_c35_Walking01_DDA3D_get_post_codegen_info 000000018002d4e0 f   c35_Walking01_DDA3D.obj
 0001:0002c5b0       c35_Walking01_DDA3D_method_dispatcher 000000018002d5b0 f   c35_Walking01_DDA3D.obj
 0001:0002eb40       sf_c36_Walking01_DDA3D_get_eml_resolved_functions_info 000000018002fb40 f   c36_Walking01_DDA3D.obj
 0001:00030260       sf_c36_Walking01_DDA3D_get_check_sum 0000000180031260 f   c36_Walking01_DDA3D.obj
 0001:000302e0       sf_c36_Walking01_DDA3D_get_autoinheritance_info 00000001800312e0 f   c36_Walking01_DDA3D.obj
 0001:00030740       sf_c36_Walking01_DDA3D_third_party_uses_info 0000000180031740 f   c36_Walking01_DDA3D.obj
 0001:00030770       sf_c36_Walking01_DDA3D_jit_fallback_info 0000000180031770 f   c36_Walking01_DDA3D.obj
 0001:00030840       sf_c36_Walking01_DDA3D_updateBuildInfo_args_info 0000000180031840 f   c36_Walking01_DDA3D.obj
 0001:00030870       sf_c36_Walking01_DDA3D_get_post_codegen_info 0000000180031870 f   c36_Walking01_DDA3D.obj
 0001:00030940       c36_Walking01_DDA3D_method_dispatcher 0000000180031940 f   c36_Walking01_DDA3D.obj
 0001:00032fc0       sf_c37_Walking01_DDA3D_get_eml_resolved_functions_info 0000000180033fc0 f   c37_Walking01_DDA3D.obj
 0001:000346e0       sf_c37_Walking01_DDA3D_get_check_sum 00000001800356e0 f   c37_Walking01_DDA3D.obj
 0001:00034760       sf_c37_Walking01_DDA3D_get_autoinheritance_info 0000000180035760 f   c37_Walking01_DDA3D.obj
 0001:00034bc0       sf_c37_Walking01_DDA3D_third_party_uses_info 0000000180035bc0 f   c37_Walking01_DDA3D.obj
 0001:00034bf0       sf_c37_Walking01_DDA3D_jit_fallback_info 0000000180035bf0 f   c37_Walking01_DDA3D.obj
 0001:00034cc0       sf_c37_Walking01_DDA3D_updateBuildInfo_args_info 0000000180035cc0 f   c37_Walking01_DDA3D.obj
 0001:00034cf0       sf_c37_Walking01_DDA3D_get_post_codegen_info 0000000180035cf0 f   c37_Walking01_DDA3D.obj
 0001:00034dc0       c37_Walking01_DDA3D_method_dispatcher 0000000180035dc0 f   c37_Walking01_DDA3D.obj
 0001:000374c0       sf_c38_Walking01_DDA3D_get_eml_resolved_functions_info 00000001800384c0 f   c38_Walking01_DDA3D.obj
 0001:00038be0       sf_c38_Walking01_DDA3D_get_check_sum 0000000180039be0 f   c38_Walking01_DDA3D.obj
 0001:00038c60       sf_c38_Walking01_DDA3D_get_autoinheritance_info 0000000180039c60 f   c38_Walking01_DDA3D.obj
 0001:000390c0       sf_c38_Walking01_DDA3D_third_party_uses_info 000000018003a0c0 f   c38_Walking01_DDA3D.obj
 0001:000390f0       sf_c38_Walking01_DDA3D_jit_fallback_info 000000018003a0f0 f   c38_Walking01_DDA3D.obj
 0001:000391c0       sf_c38_Walking01_DDA3D_updateBuildInfo_args_info 000000018003a1c0 f   c38_Walking01_DDA3D.obj
 0001:000391f0       sf_c38_Walking01_DDA3D_get_post_codegen_info 000000018003a1f0 f   c38_Walking01_DDA3D.obj
 0001:000392c0       c38_Walking01_DDA3D_method_dispatcher 000000018003a2c0 f   c38_Walking01_DDA3D.obj
 0001:0003ba30       sf_c39_Walking01_DDA3D_get_eml_resolved_functions_info 000000018003ca30 f   c39_Walking01_DDA3D.obj
 0001:0003e4f0       sf_c39_Walking01_DDA3D_get_check_sum 000000018003f4f0 f   c39_Walking01_DDA3D.obj
 0001:0003e570       sf_c39_Walking01_DDA3D_get_autoinheritance_info 000000018003f570 f   c39_Walking01_DDA3D.obj
 0001:0003e9d0       sf_c39_Walking01_DDA3D_third_party_uses_info 000000018003f9d0 f   c39_Walking01_DDA3D.obj
 0001:0003ea00       sf_c39_Walking01_DDA3D_jit_fallback_info 000000018003fa00 f   c39_Walking01_DDA3D.obj
 0001:0003ead0       sf_c39_Walking01_DDA3D_updateBuildInfo_args_info 000000018003fad0 f   c39_Walking01_DDA3D.obj
 0001:0003eb00       sf_c39_Walking01_DDA3D_get_post_codegen_info 000000018003fb00 f   c39_Walking01_DDA3D.obj
 0001:0003ebd0       c39_Walking01_DDA3D_method_dispatcher 000000018003fbd0 f   c39_Walking01_DDA3D.obj
 0001:00041e70       sf_c40_Walking01_DDA3D_get_eml_resolved_functions_info 0000000180042e70 f   c40_Walking01_DDA3D.obj
 0001:0004a640       sf_c40_Walking01_DDA3D_get_check_sum 000000018004b640 f   c40_Walking01_DDA3D.obj
 0001:0004a6c0       sf_c40_Walking01_DDA3D_get_autoinheritance_info 000000018004b6c0 f   c40_Walking01_DDA3D.obj
 0001:0004ab20       sf_c40_Walking01_DDA3D_third_party_uses_info 000000018004bb20 f   c40_Walking01_DDA3D.obj
 0001:0004ab50       sf_c40_Walking01_DDA3D_jit_fallback_info 000000018004bb50 f   c40_Walking01_DDA3D.obj
 0001:0004ac20       sf_c40_Walking01_DDA3D_updateBuildInfo_args_info 000000018004bc20 f   c40_Walking01_DDA3D.obj
 0001:0004ac50       sf_c40_Walking01_DDA3D_get_post_codegen_info 000000018004bc50 f   c40_Walking01_DDA3D.obj
 0001:0004ad20       c40_Walking01_DDA3D_method_dispatcher 000000018004bd20 f   c40_Walking01_DDA3D.obj
 0001:0004d7e0       sf_c41_Walking01_DDA3D_get_eml_resolved_functions_info 000000018004e7e0 f   c41_Walking01_DDA3D.obj
 0001:00055fb0       sf_c41_Walking01_DDA3D_get_check_sum 0000000180056fb0 f   c41_Walking01_DDA3D.obj
 0001:00056030       sf_c41_Walking01_DDA3D_get_autoinheritance_info 0000000180057030 f   c41_Walking01_DDA3D.obj
 0001:00056490       sf_c41_Walking01_DDA3D_third_party_uses_info 0000000180057490 f   c41_Walking01_DDA3D.obj
 0001:000564c0       sf_c41_Walking01_DDA3D_jit_fallback_info 00000001800574c0 f   c41_Walking01_DDA3D.obj
 0001:00056590       sf_c41_Walking01_DDA3D_updateBuildInfo_args_info 0000000180057590 f   c41_Walking01_DDA3D.obj
 0001:000565c0       sf_c41_Walking01_DDA3D_get_post_codegen_info 00000001800575c0 f   c41_Walking01_DDA3D.obj
 0001:00056690       c41_Walking01_DDA3D_method_dispatcher 0000000180057690 f   c41_Walking01_DDA3D.obj
 0001:00059050       sf_c42_Walking01_DDA3D_get_eml_resolved_functions_info 000000018005a050 f   c42_Walking01_DDA3D.obj
 0001:00061820       sf_c42_Walking01_DDA3D_get_check_sum 0000000180062820 f   c42_Walking01_DDA3D.obj
 0001:000618a0       sf_c42_Walking01_DDA3D_get_autoinheritance_info 00000001800628a0 f   c42_Walking01_DDA3D.obj
 0001:00061d00       sf_c42_Walking01_DDA3D_third_party_uses_info 0000000180062d00 f   c42_Walking01_DDA3D.obj
 0001:00061d30       sf_c42_Walking01_DDA3D_jit_fallback_info 0000000180062d30 f   c42_Walking01_DDA3D.obj
 0001:00061e00       sf_c42_Walking01_DDA3D_updateBuildInfo_args_info 0000000180062e00 f   c42_Walking01_DDA3D.obj
 0001:00061e30       sf_c42_Walking01_DDA3D_get_post_codegen_info 0000000180062e30 f   c42_Walking01_DDA3D.obj
 0001:00061f00       c42_Walking01_DDA3D_method_dispatcher 0000000180062f00 f   c42_Walking01_DDA3D.obj
 0001:000648d0       sf_c43_Walking01_DDA3D_get_eml_resolved_functions_info 00000001800658d0 f   c43_Walking01_DDA3D.obj
 0001:00064950       sf_c43_Walking01_DDA3D_get_check_sum 0000000180065950 f   c43_Walking01_DDA3D.obj
 0001:000649d0       sf_c43_Walking01_DDA3D_get_autoinheritance_info 00000001800659d0 f   c43_Walking01_DDA3D.obj
 0001:00065770       sf_c43_Walking01_DDA3D_third_party_uses_info 0000000180066770 f   c43_Walking01_DDA3D.obj
 0001:000657a0       sf_c43_Walking01_DDA3D_jit_fallback_info 00000001800667a0 f   c43_Walking01_DDA3D.obj
 0001:00065870       sf_c43_Walking01_DDA3D_updateBuildInfo_args_info 0000000180066870 f   c43_Walking01_DDA3D.obj
 0001:000658a0       sf_c43_Walking01_DDA3D_get_post_codegen_info 00000001800668a0 f   c43_Walking01_DDA3D.obj
 0001:00065970       sf_c43_Walking01_DDA3D_get_testpoint_info 0000000180066970 f   c43_Walking01_DDA3D.obj
 0001:00065980       c43_Walking01_DDA3D_method_dispatcher 0000000180066980 f   c43_Walking01_DDA3D.obj
 0001:00072b60       sf_c44_Walking01_DDA3D_get_eml_resolved_functions_info 0000000180073b60 f   c44_Walking01_DDA3D.obj
 0001:00072be0       sf_c44_Walking01_DDA3D_get_check_sum 0000000180073be0 f   c44_Walking01_DDA3D.obj
 0001:00072c60       sf_c44_Walking01_DDA3D_get_autoinheritance_info 0000000180073c60 f   c44_Walking01_DDA3D.obj
 0001:00073a00       sf_c44_Walking01_DDA3D_third_party_uses_info 0000000180074a00 f   c44_Walking01_DDA3D.obj
 0001:00073a30       sf_c44_Walking01_DDA3D_jit_fallback_info 0000000180074a30 f   c44_Walking01_DDA3D.obj
 0001:00073b00       sf_c44_Walking01_DDA3D_updateBuildInfo_args_info 0000000180074b00 f   c44_Walking01_DDA3D.obj
 0001:00073b30       sf_c44_Walking01_DDA3D_get_post_codegen_info 0000000180074b30 f   c44_Walking01_DDA3D.obj
 0001:00073c00       sf_c44_Walking01_DDA3D_get_testpoint_info 0000000180074c00 f   c44_Walking01_DDA3D.obj
 0001:00073c10       c44_Walking01_DDA3D_method_dispatcher 0000000180074c10 f   c44_Walking01_DDA3D.obj
 0001:00080e00       sf_c45_Walking01_DDA3D_get_eml_resolved_functions_info 0000000180081e00 f   c45_Walking01_DDA3D.obj
 0001:00080e80       sf_c45_Walking01_DDA3D_get_check_sum 0000000180081e80 f   c45_Walking01_DDA3D.obj
 0001:00080f00       sf_c45_Walking01_DDA3D_get_autoinheritance_info 0000000180081f00 f   c45_Walking01_DDA3D.obj
 0001:00081ca0       sf_c45_Walking01_DDA3D_third_party_uses_info 0000000180082ca0 f   c45_Walking01_DDA3D.obj
 0001:00081cd0       sf_c45_Walking01_DDA3D_jit_fallback_info 0000000180082cd0 f   c45_Walking01_DDA3D.obj
 0001:00081da0       sf_c45_Walking01_DDA3D_updateBuildInfo_args_info 0000000180082da0 f   c45_Walking01_DDA3D.obj
 0001:00081dd0       sf_c45_Walking01_DDA3D_get_post_codegen_info 0000000180082dd0 f   c45_Walking01_DDA3D.obj
 0001:00081ea0       sf_c45_Walking01_DDA3D_get_testpoint_info 0000000180082ea0 f   c45_Walking01_DDA3D.obj
 0001:00081eb0       c45_Walking01_DDA3D_method_dispatcher 0000000180082eb0 f   c45_Walking01_DDA3D.obj
 0001:0008f0a0       sf_c46_Walking01_DDA3D_get_eml_resolved_functions_info 00000001800900a0 f   c46_Walking01_DDA3D.obj
 0001:0008f120       sf_c46_Walking01_DDA3D_get_check_sum 0000000180090120 f   c46_Walking01_DDA3D.obj
 0001:0008f1a0       sf_c46_Walking01_DDA3D_get_autoinheritance_info 00000001800901a0 f   c46_Walking01_DDA3D.obj
 0001:0008ff40       sf_c46_Walking01_DDA3D_third_party_uses_info 0000000180090f40 f   c46_Walking01_DDA3D.obj
 0001:0008ff70       sf_c46_Walking01_DDA3D_jit_fallback_info 0000000180090f70 f   c46_Walking01_DDA3D.obj
 0001:00090040       sf_c46_Walking01_DDA3D_updateBuildInfo_args_info 0000000180091040 f   c46_Walking01_DDA3D.obj
 0001:00090070       sf_c46_Walking01_DDA3D_get_post_codegen_info 0000000180091070 f   c46_Walking01_DDA3D.obj
 0001:00090140       sf_c46_Walking01_DDA3D_get_testpoint_info 0000000180091140 f   c46_Walking01_DDA3D.obj
 0001:00090150       c46_Walking01_DDA3D_method_dispatcher 0000000180091150 f   c46_Walking01_DDA3D.obj
 0001:0009d340       sf_c47_Walking01_DDA3D_get_eml_resolved_functions_info 000000018009e340 f   c47_Walking01_DDA3D.obj
 0001:0009db80       sf_c47_Walking01_DDA3D_get_check_sum 000000018009eb80 f   c47_Walking01_DDA3D.obj
 0001:0009dc00       sf_c47_Walking01_DDA3D_get_autoinheritance_info 000000018009ec00 f   c47_Walking01_DDA3D.obj
 0001:0009eae0       sf_c47_Walking01_DDA3D_third_party_uses_info 000000018009fae0 f   c47_Walking01_DDA3D.obj
 0001:0009eb10       sf_c47_Walking01_DDA3D_jit_fallback_info 000000018009fb10 f   c47_Walking01_DDA3D.obj
 0001:0009ebe0       sf_c47_Walking01_DDA3D_updateBuildInfo_args_info 000000018009fbe0 f   c47_Walking01_DDA3D.obj
 0001:0009ec10       sf_c47_Walking01_DDA3D_get_post_codegen_info 000000018009fc10 f   c47_Walking01_DDA3D.obj
 0001:0009ece0       sf_c47_Walking01_DDA3D_get_testpoint_info 000000018009fce0 f   c47_Walking01_DDA3D.obj
 0001:0009ecf0       c47_Walking01_DDA3D_method_dispatcher 000000018009fcf0 f   c47_Walking01_DDA3D.obj
 0001:000a73a0       sf_c48_Walking01_DDA3D_get_eml_resolved_functions_info 00000001800a83a0 f   c48_Walking01_DDA3D.obj
 0001:000a7420       sf_c48_Walking01_DDA3D_get_check_sum 00000001800a8420 f   c48_Walking01_DDA3D.obj
 0001:000a74a0       sf_c48_Walking01_DDA3D_get_autoinheritance_info 00000001800a84a0 f   c48_Walking01_DDA3D.obj
 0001:000a7900       sf_c48_Walking01_DDA3D_third_party_uses_info 00000001800a8900 f   c48_Walking01_DDA3D.obj
 0001:000a7930       sf_c48_Walking01_DDA3D_jit_fallback_info 00000001800a8930 f   c48_Walking01_DDA3D.obj
 0001:000a7a00       sf_c48_Walking01_DDA3D_updateBuildInfo_args_info 00000001800a8a00 f   c48_Walking01_DDA3D.obj
 0001:000a7a30       sf_c48_Walking01_DDA3D_get_post_codegen_info 00000001800a8a30 f   c48_Walking01_DDA3D.obj
 0001:000a7b00       c48_Walking01_DDA3D_method_dispatcher 00000001800a8b00 f   c48_Walking01_DDA3D.obj
 0001:000a9fc0       sf_c49_Walking01_DDA3D_get_eml_resolved_functions_info 00000001800aafc0 f   c49_Walking01_DDA3D.obj
 0001:000b2790       sf_c49_Walking01_DDA3D_get_check_sum 00000001800b3790 f   c49_Walking01_DDA3D.obj
 0001:000b2810       sf_c49_Walking01_DDA3D_get_autoinheritance_info 00000001800b3810 f   c49_Walking01_DDA3D.obj
 0001:000b37f0       sf_c49_Walking01_DDA3D_third_party_uses_info 00000001800b47f0 f   c49_Walking01_DDA3D.obj
 0001:000b3820       sf_c49_Walking01_DDA3D_jit_fallback_info 00000001800b4820 f   c49_Walking01_DDA3D.obj
 0001:000b38f0       sf_c49_Walking01_DDA3D_updateBuildInfo_args_info 00000001800b48f0 f   c49_Walking01_DDA3D.obj
 0001:000b3920       sf_c49_Walking01_DDA3D_get_post_codegen_info 00000001800b4920 f   c49_Walking01_DDA3D.obj
 0001:000b39f0       c49_Walking01_DDA3D_method_dispatcher 00000001800b49f0 f   c49_Walking01_DDA3D.obj
 0001:000befb0       sf_c50_Walking01_DDA3D_get_eml_resolved_functions_info 00000001800bffb0 f   c50_Walking01_DDA3D.obj
 0001:000c01f0       sf_c50_Walking01_DDA3D_get_check_sum 00000001800c11f0 f   c50_Walking01_DDA3D.obj
 0001:000c0270       sf_c50_Walking01_DDA3D_get_autoinheritance_info 00000001800c1270 f   c50_Walking01_DDA3D.obj
 0001:000c0960       sf_c50_Walking01_DDA3D_third_party_uses_info 00000001800c1960 f   c50_Walking01_DDA3D.obj
 0001:000c0990       sf_c50_Walking01_DDA3D_jit_fallback_info 00000001800c1990 f   c50_Walking01_DDA3D.obj
 0001:000c0a60       sf_c50_Walking01_DDA3D_updateBuildInfo_args_info 00000001800c1a60 f   c50_Walking01_DDA3D.obj
 0001:000c0a90       sf_c50_Walking01_DDA3D_get_post_codegen_info 00000001800c1a90 f   c50_Walking01_DDA3D.obj
 0001:000c0b60       c50_Walking01_DDA3D_method_dispatcher 00000001800c1b60 f   c50_Walking01_DDA3D.obj
 0001:000c5df0       sf_c56_Walking01_DDA3D_get_eml_resolved_functions_info 00000001800c6df0 f   c56_Walking01_DDA3D.obj
 0001:000c9ec0       sf_c56_Walking01_DDA3D_get_check_sum 00000001800caec0 f   c56_Walking01_DDA3D.obj
 0001:000c9f40       sf_c56_Walking01_DDA3D_get_autoinheritance_info 00000001800caf40 f   c56_Walking01_DDA3D.obj
 0001:000cac90       sf_c56_Walking01_DDA3D_third_party_uses_info 00000001800cbc90 f   c56_Walking01_DDA3D.obj
 0001:000cacc0       sf_c56_Walking01_DDA3D_jit_fallback_info 00000001800cbcc0 f   c56_Walking01_DDA3D.obj
 0001:000cad90       sf_c56_Walking01_DDA3D_updateBuildInfo_args_info 00000001800cbd90 f   c56_Walking01_DDA3D.obj
 0001:000cadc0       sf_c56_Walking01_DDA3D_get_post_codegen_info 00000001800cbdc0 f   c56_Walking01_DDA3D.obj
 0001:000cae90       c56_Walking01_DDA3D_method_dispatcher 00000001800cbe90 f   c56_Walking01_DDA3D.obj
 0001:000d8250       sf_c57_Walking01_DDA3D_get_eml_resolved_functions_info 00000001800d9250 f   c57_Walking01_DDA3D.obj
 0001:000f5440       sf_c57_Walking01_DDA3D_get_check_sum 00000001800f6440 f   c57_Walking01_DDA3D.obj
 0001:000f54c0       sf_c57_Walking01_DDA3D_get_autoinheritance_info 00000001800f64c0 f   c57_Walking01_DDA3D.obj
 0001:000f5e30       sf_c57_Walking01_DDA3D_third_party_uses_info 00000001800f6e30 f   c57_Walking01_DDA3D.obj
 0001:000f5e60       sf_c57_Walking01_DDA3D_jit_fallback_info 00000001800f6e60 f   c57_Walking01_DDA3D.obj
 0001:000f5f30       sf_c57_Walking01_DDA3D_updateBuildInfo_args_info 00000001800f6f30 f   c57_Walking01_DDA3D.obj
 0001:000f5f60       sf_c57_Walking01_DDA3D_get_post_codegen_info 00000001800f6f60 f   c57_Walking01_DDA3D.obj
 0001:000f6030       c57_Walking01_DDA3D_method_dispatcher 00000001800f7030 f   c57_Walking01_DDA3D.obj
 0001:0011ee20       sf_c58_Walking01_DDA3D_get_eml_resolved_functions_info 000000018011fe20 f   c58_Walking01_DDA3D.obj
 0001:001513b0       sf_c58_Walking01_DDA3D_get_check_sum 00000001801523b0 f   c58_Walking01_DDA3D.obj
 0001:00151430       sf_c58_Walking01_DDA3D_get_autoinheritance_info 0000000180152430 f   c58_Walking01_DDA3D.obj
 0001:00153c90       sf_c58_Walking01_DDA3D_third_party_uses_info 0000000180154c90 f   c58_Walking01_DDA3D.obj
 0001:00153cc0       sf_c58_Walking01_DDA3D_jit_fallback_info 0000000180154cc0 f   c58_Walking01_DDA3D.obj
 0001:00153d90       sf_c58_Walking01_DDA3D_updateBuildInfo_args_info 0000000180154d90 f   c58_Walking01_DDA3D.obj
 0001:00153dc0       sf_c58_Walking01_DDA3D_get_post_codegen_info 0000000180154dc0 f   c58_Walking01_DDA3D.obj
 0001:00153e90       c58_Walking01_DDA3D_method_dispatcher 0000000180154e90 f   c58_Walking01_DDA3D.obj
 0001:001bf130       sf_c59_Walking01_DDA3D_get_eml_resolved_functions_info 00000001801c0130 f   c59_Walking01_DDA3D.obj
 0001:00202180       sf_c59_Walking01_DDA3D_get_check_sum 0000000180203180 f   c59_Walking01_DDA3D.obj
 0001:00202200       sf_c59_Walking01_DDA3D_get_autoinheritance_info 0000000180203200 f   c59_Walking01_DDA3D.obj
 0001:00204180       sf_c59_Walking01_DDA3D_third_party_uses_info 0000000180205180 f   c59_Walking01_DDA3D.obj
 0001:002041b0       sf_c59_Walking01_DDA3D_jit_fallback_info 00000001802051b0 f   c59_Walking01_DDA3D.obj
 0001:00204280       sf_c59_Walking01_DDA3D_updateBuildInfo_args_info 0000000180205280 f   c59_Walking01_DDA3D.obj
 0001:002042b0       sf_c59_Walking01_DDA3D_get_post_codegen_info 00000001802052b0 f   c59_Walking01_DDA3D.obj
 0001:00204380       sf_c59_Walking01_DDA3D_get_testpoint_info 0000000180205380 f   c59_Walking01_DDA3D.obj
 0001:00204390       c59_Walking01_DDA3D_method_dispatcher 0000000180205390 f   c59_Walking01_DDA3D.obj
 0001:002b0b50       sf_c60_Walking01_DDA3D_get_eml_resolved_functions_info 00000001802b1b50 f   c60_Walking01_DDA3D.obj
 0001:002c8500       sf_c60_Walking01_DDA3D_get_check_sum 00000001802c9500 f   c60_Walking01_DDA3D.obj
 0001:002c8580       sf_c60_Walking01_DDA3D_get_autoinheritance_info 00000001802c9580 f   c60_Walking01_DDA3D.obj
 0001:002c97f0       sf_c60_Walking01_DDA3D_third_party_uses_info 00000001802ca7f0 f   c60_Walking01_DDA3D.obj
 0001:002c9820       sf_c60_Walking01_DDA3D_jit_fallback_info 00000001802ca820 f   c60_Walking01_DDA3D.obj
 0001:002c98f0       sf_c60_Walking01_DDA3D_updateBuildInfo_args_info 00000001802ca8f0 f   c60_Walking01_DDA3D.obj
 0001:002c9920       sf_c60_Walking01_DDA3D_get_post_codegen_info 00000001802ca920 f   c60_Walking01_DDA3D.obj
 0001:002c99f0       c60_Walking01_DDA3D_method_dispatcher 00000001802ca9f0 f   c60_Walking01_DDA3D.obj
 0001:002d5780       sf_c92_Walking01_DDA3D_get_eml_resolved_functions_info 00000001802d6780 f   c92_Walking01_DDA3D.obj
 0001:002dd310       sf_c92_Walking01_DDA3D_get_check_sum 00000001802de310 f   c92_Walking01_DDA3D.obj
 0001:002dd390       sf_c92_Walking01_DDA3D_get_autoinheritance_info 00000001802de390 f   c92_Walking01_DDA3D.obj
 0001:002dda80       sf_c92_Walking01_DDA3D_third_party_uses_info 00000001802dea80 f   c92_Walking01_DDA3D.obj
 0001:002ddab0       sf_c92_Walking01_DDA3D_jit_fallback_info 00000001802deab0 f   c92_Walking01_DDA3D.obj
 0001:002ddb80       sf_c92_Walking01_DDA3D_updateBuildInfo_args_info 00000001802deb80 f   c92_Walking01_DDA3D.obj
 0001:002ddbb0       sf_c92_Walking01_DDA3D_get_post_codegen_info 00000001802debb0 f   c92_Walking01_DDA3D.obj
 0001:002ddc80       c92_Walking01_DDA3D_method_dispatcher 00000001802dec80 f   c92_Walking01_DDA3D.obj
 0001:002e15f0       sf_c93_Walking01_DDA3D_get_eml_resolved_functions_info 00000001802e25f0 f   c93_Walking01_DDA3D.obj
 0001:002ef820       sf_c93_Walking01_DDA3D_get_check_sum 00000001802f0820 f   c93_Walking01_DDA3D.obj
 0001:002ef8a0       sf_c93_Walking01_DDA3D_get_autoinheritance_info 00000001802f08a0 f   c93_Walking01_DDA3D.obj
 0001:002efe60       sf_c93_Walking01_DDA3D_third_party_uses_info 00000001802f0e60 f   c93_Walking01_DDA3D.obj
 0001:002efe90       sf_c93_Walking01_DDA3D_jit_fallback_info 00000001802f0e90 f   c93_Walking01_DDA3D.obj
 0001:002eff60       sf_c93_Walking01_DDA3D_updateBuildInfo_args_info 00000001802f0f60 f   c93_Walking01_DDA3D.obj
 0001:002eff90       sf_c93_Walking01_DDA3D_get_post_codegen_info 00000001802f0f90 f   c93_Walking01_DDA3D.obj
 0001:002f0060       c93_Walking01_DDA3D_method_dispatcher 00000001802f1060 f   c93_Walking01_DDA3D.obj
 0001:002f7160       sf_process_check_sum_call  00000001802f8160 f   Walking01_DDA3D_sfun_registry.obj
 0001:002f71b0       sf_process_machine_uses_exported_functions_call 00000001802f81b0 f   Walking01_DDA3D_sfun_registry.obj
 0001:002f7300       sf_process_testpoint_info_call 00000001802f8300 f   Walking01_DDA3D_sfun_registry.obj
 0001:002f7350       sf_process_autoinheritance_call 00000001802f8350 f   Walking01_DDA3D_sfun_registry.obj
 0001:002f74f0       sf_process_get_third_party_uses_info_call 00000001802f84f0 f   Walking01_DDA3D_sfun_registry.obj
 0001:002f7690       sf_process_get_jit_fallback_info_call 00000001802f8690 f   Walking01_DDA3D_sfun_registry.obj
 0001:002f7830       sf_process_get_updateBuildInfo_args_info_call 00000001802f8830 f   Walking01_DDA3D_sfun_registry.obj
 0001:002f79d0       sf_process_get_eml_resolved_functions_info_call 00000001802f89d0 f   Walking01_DDA3D_sfun_registry.obj
 0001:002f7b50       sf_process_get_post_codegen_info 00000001802f8b50 f   Walking01_DDA3D_sfun_registry.obj
 0001:002f7ca0       sf_mex_unlock_call         00000001802f8ca0 f   Walking01_DDA3D_sfun_registry.obj
 0001:002f7d50       sf_machine_global_initializer_called 00000001802f8d50 f   Walking01_DDA3D_sfun_registry.obj
 0001:002f7d80       sf_machine_global_method_dispatcher 00000001802f8d80 f   Walking01_DDA3D_sfun_registry.obj
 0001:002f7de0       sf_machine_global_terminator 00000001802f8de0 f   Walking01_DDA3D_sfun_registry.obj
 0001:002f7e30       sf_register_machine_exported_symbols 00000001802f8e30 f   Walking01_DDA3D_sfun_registry.obj
 0001:002f7e50       callCustomFcn              00000001802f8e50 f   Walking01_DDA3D_sfun_registry.obj
 0001:002f7e60       sf_machine_global_initializer 00000001802f8e60 f   Walking01_DDA3D_sfun_registry.obj
 0001:002f7ee0       mdlGetSimState             00000001802f8ee0 f   Walking01_DDA3D_sfun_registry.obj
 0001:002f7f60       mdlSetSimState             00000001802f8f60 f   Walking01_DDA3D_sfun_registry.obj
 0001:002f7fa0       _ssSetStateAbsTol          00000001802f8fa0 f   Walking01_DDA3D_sfun_registry.obj
 0001:002f8080       _ssGetAbsTol               00000001802f9080 f   Walking01_DDA3D_sfun_registry.obj
 0001:002f80f0       _ssSetInputPortMatrixDimensions 00000001802f90f0 f   Walking01_DDA3D_sfun_registry.obj
 0001:002f8200       _ssSetOutputPortMatrixDimensions 00000001802f9200 f   Walking01_DDA3D_sfun_registry.obj
 0001:002f8310       _ssSetInputPortVectorDimension 00000001802f9310 f   Walking01_DDA3D_sfun_registry.obj
 0001:002f83e0       _ssSetOutputPortVectorDimension 00000001802f93e0 f   Walking01_DDA3D_sfun_registry.obj
 0001:002f84b0       ssIsRunTimeParamTunable    00000001802f94b0 f   Walking01_DDA3D_sfun_registry.obj
 0001:002f8520       ssGetSFuncBlockHandle      00000001802f9520 f   Walking01_DDA3D_sfun_registry.obj
 0001:002f8590       _ssGetCurrentInputPortWidth 00000001802f9590 f   Walking01_DDA3D_sfun_registry.obj
 0001:002f86b0       _ssGetCurrentOutputPortWidth 00000001802f96b0 f   Walking01_DDA3D_sfun_registry.obj
 0001:002f87d0       _ssGetCallSystemNumFcnCallDestinations 00000001802f97d0 f   Walking01_DDA3D_sfun_registry.obj
 0001:002f8840       ssWarning                  00000001802f9840 f   Walking01_DDA3D_sfun_registry.obj
 0001:002f8950       ssGetIsZeroCrossControlDisabled 00000001802f9950 f   Walking01_DDA3D_sfun_registry.obj
 0001:002f89c0       ssSetIsInputPortUsedForContZcSignal 00000001802f99c0 f   Walking01_DDA3D_sfun_registry.obj
 0001:002f8a30       ssSetZcSignalIsZcElementDisc 00000001802f9a30 f   Walking01_DDA3D_sfun_registry.obj
 0001:002f8ae0       ssSetZcSignalName          00000001802f9ae0 f   Walking01_DDA3D_sfun_registry.obj
 0001:002f8b50       ssSetZcSignalWidth         00000001802f9b50 f   Walking01_DDA3D_sfun_registry.obj
 0001:002f8bc0       ssSetZcSignalZcEventType   00000001802f9bc0 f   Walking01_DDA3D_sfun_registry.obj
 0001:002f8c30       ssSetZcSignalType          00000001802f9c30 f   Walking01_DDA3D_sfun_registry.obj
 0001:002f8ca0       ssSetZcSignalZcTol         00000001802f9ca0 f   Walking01_DDA3D_sfun_registry.obj
 0001:002f8d10       ssSetZcSignalNeedsEventNotification 00000001802f9d10 f   Walking01_DDA3D_sfun_registry.obj
 0001:002f8d80       ssCreateAndAddZcSignalInfo 00000001802f9d80 f   Walking01_DDA3D_sfun_registry.obj
 0001:002f8df0       ssCloneAndAddZcSignalInfo  00000001802f9df0 f   Walking01_DDA3D_sfun_registry.obj
 0001:002f8e60       ssGetNumZcSignals          00000001802f9e60 f   Walking01_DDA3D_sfun_registry.obj
 0001:002f8ed0       ssGetZcSignalVector        00000001802f9ed0 f   Walking01_DDA3D_sfun_registry.obj
 0001:002f8f40       ssGetZcSignalZcEvents      00000001802f9f40 f   Walking01_DDA3D_sfun_registry.obj
 0001:002f8fb0       ssGetZcSignalName          00000001802f9fb0 f   Walking01_DDA3D_sfun_registry.obj
 0001:002f9020       ssGetZcSignalWidth         00000001802fa020 f   Walking01_DDA3D_sfun_registry.obj
 0001:002f9090       ssGetZcSignalZcEventType   00000001802fa090 f   Walking01_DDA3D_sfun_registry.obj
 0001:002f9100       ssGetZcSignalType          00000001802fa100 f   Walking01_DDA3D_sfun_registry.obj
 0001:002f9170       ssGetZcSignalZcTol         00000001802fa170 f   Walking01_DDA3D_sfun_registry.obj
 0001:002f91f0       ssGetZcSignalNeedsEventNotification 00000001802fa1f0 f   Walking01_DDA3D_sfun_registry.obj
 0001:002f9260       ssGetZcSignalIsZcElementDisc 00000001802fa260 f   Walking01_DDA3D_sfun_registry.obj
 0001:002f9300       ssGetIsInputPortElementContinuous 00000001802fa300 f   Walking01_DDA3D_sfun_registry.obj
 0001:002f93a0       _ssGetInputPortSignalPtrsFcn 00000001802fa3a0 f   Walking01_DDA3D_sfun_registry.obj
 0001:002f9660       _ssGetInputPortSignalFcn   00000001802fa660 f   Walking01_DDA3D_sfun_registry.obj
 0001:002f9880       _ssSetInputPortDirectFeedThroughFcn 00000001802fa880 f   Walking01_DDA3D_sfun_registry.obj
 0001:002f99e0       _ssSetInputPortReusableFcn 00000001802fa9e0 f   Walking01_DDA3D_sfun_registry.obj
 0001:002f9ad0       _ssSetOutputPortReusableFcn 00000001802faad0 f   Walking01_DDA3D_sfun_registry.obj
 0001:002f9bb0       ssGetDTypeIdFromMxArray    00000001802fabb0 f   Walking01_DDA3D_sfun_registry.obj
 0001:002f9cd0       ssWriteRTWStr              00000001802facd0 f   Walking01_DDA3D_sfun_registry.obj
 0001:002f9d30       ssWriteRTWMxVectParam      00000001802fad30 f   Walking01_DDA3D_sfun_registry.obj
 0001:002f9d90       ssWriteRTWMx2dMatParam     00000001802fad90 f   Walking01_DDA3D_sfun_registry.obj
 0001:002f9e10       ssWriteRTWNameValuePair    00000001802fae10 f   Walking01_DDA3D_sfun_registry.obj
 0001:002fa300       ssWriteRTWParameters       00000001802fb300 f   Walking01_DDA3D_sfun_registry.obj
 0001:002fa900       ssWriteRTWParamSettings    00000001802fb900 f   Walking01_DDA3D_sfun_registry.obj
 0001:002fafd0       ssWriteRTWWorkVect         00000001802fbfd0 f   Walking01_DDA3D_sfun_registry.obj
 0001:002fb4d0       mexFunction                00000001802fc4d0 f   Walking01_DDA3D_sfun_registry.obj
 0001:002fda20       ProcessMexSfunctionEveryCall 00000001802fea20 f   Walking01_DDA3D_sfun_registry.obj
 0001:002fdba2       sf_debug_set_machine_data_thresholds 00000001802feba2 f   sf_runtime:sf_runtime.dll
 0001:002fdba8       sf_debug_set_machine_event_thresholds 00000001802feba8 f   sf_runtime:sf_runtime.dll
 0001:002fdbae       sf_debug_initialize_machine 00000001802febae f   sf_runtime:sf_runtime.dll
 0001:002fdbb4       sf_load_rtw_optimization_info 00000001802febb4 f   sf_runtime:sf_runtime.dll
 0001:002fdbba       sf_mex_emlrtNameCapturePostProcessR2012a 00000001802febba f   sf_runtime:sf_runtime.dll
 0001:002fdbc0       sf_mex_assign              00000001802febc0 f   sf_runtime:sf_runtime.dll
 0001:002fdbc6       sf_mex_createstruct        00000001802febc6 f   sf_runtime:sf_runtime.dll
 0001:002fdbcc       sf_mex_destroy             00000001802febcc f   sf_runtime:sf_runtime.dll
 0001:002fdbd2       sf_mex_duplicatearraysafe  00000001802febd2 f   sf_runtime:sf_runtime.dll
 0001:002fdbd8       sf_mex_createcellmatrix    00000001802febd8 f   sf_runtime:sf_runtime.dll
 0001:002fdbde       sf_mex_addfield            00000001802febde f   sf_runtime:sf_runtime.dll
 0001:002fdbe4       sf_mex_create              00000001802febe4 f   sf_runtime:sf_runtime.dll
 0001:002fdbea       sf_mex_error_message       00000001802febea f   sf_runtime:sf_runtime.dll
 0001:002fdbf0       sf_set_rtw_dwork_info      00000001802febf0 f   sf_runtime:sf_runtime.dll
 0001:002fdbf6       sf_mark_chart_reusable_outputs 00000001802febf6 f   sf_runtime:sf_runtime.dll
 0001:002fdbfc       sf_mark_chart_expressionable_inputs 00000001802febfc f   sf_runtime:sf_runtime.dll
 0001:002fdc02       sf_update_buildInfo        00000001802fec02 f   sf_runtime:sf_runtime.dll
 0001:002fdc08       sf_rtw_info_uint_prop      00000001802fec08 f   sf_runtime:sf_runtime.dll
 0001:002fdc0e       sf_is_chart_inlinable      00000001802fec0e f   sf_runtime:sf_runtime.dll
 0001:002fdc14       sim_mode_is_external       00000001802fec14 f   sf_runtime:sf_runtime.dll
 0001:002fdc1a       sim_mode_is_rtw_gen        00000001802fec1a f   sf_runtime:sf_runtime.dll
 0001:002fdc20       ssGetOutputPortSignal_wrapper 00000001802fec20 f   sf_runtime:sf_runtime.dll
 0001:002fdc26       ssGetInputPortSignal_wrapper 00000001802fec26 f   sf_runtime:sf_runtime.dll
 0001:002fdc2c       sf_mex_decode_encoded_mx_struct_array 00000001802fec2c f   sf_runtime:sf_runtime.dll
 0001:002fdc32       sf_debug_reset_current_state_configuration 00000001802fec32 f   sf_runtime:sf_runtime.dll
 0001:002fdc38       sf_debug_set_instance_data_value_ptr 00000001802fec38 f   sf_runtime:sf_runtime.dll
 0001:002fdc3e       sf_debug_set_chart_data_compiled_props 00000001802fec3e f   sf_runtime:sf_runtime.dll
 0001:002fdc44       cv_eml_init_fcn            00000001802fec44 f   sf_runtime:sf_runtime.dll
 0001:002fdc4a       cv_eml_init_script         00000001802fec4a f   sf_runtime:sf_runtime.dll
 0001:002fdc50       sf_debug_cv_init_trans     00000001802fec50 f   sf_runtime:sf_runtime.dll
 0001:002fdc56       sf_debug_cv_init_state     00000001802fec56 f   sf_runtime:sf_runtime.dll
 0001:002fdc5c       sf_debug_cv_init_chart     00000001802fec5c f   sf_runtime:sf_runtime.dll
 0001:002fdc62       sf_debug_set_chart_decomposition 00000001802fec62 f   sf_runtime:sf_runtime.dll
 0001:002fdc68       sf_debug_set_chart_substate_count 00000001802fec68 f   sf_runtime:sf_runtime.dll
 0001:002fdc6e       sf_debug_set_chart_state_info 00000001802fec6e f   sf_runtime:sf_runtime.dll
 0001:002fdc74       sf_debug_set_chart_data_props 00000001802fec74 f   sf_runtime:sf_runtime.dll
 0001:002fdc7a       sf_debug_set_chart_event_thresholds 00000001802fec7a f   sf_runtime:sf_runtime.dll
 0001:002fdc80       sf_debug_set_chart_disable_implicit_casting 00000001802fec80 f   sf_runtime:sf_runtime.dll
 0001:002fdc86       sf_debug_initialize_chart  00000001802fec86 f   sf_runtime:sf_runtime.dll
 0001:002fdc8c       sf_mex_dup                 00000001802fec8c f   sf_runtime:sf_runtime.dll
 0001:002fdc92       sf_mex_import              00000001802fec92 f   sf_runtime:sf_runtime.dll
 0001:002fdc98       sf_get_time                00000001802fec98 f   sf_runtime:sf_runtime.dll
 0001:002fdc9e       sf_debug_check_for_state_inconsistency 00000001802fec9e f   sf_runtime:sf_runtime.dll
 0001:002fdca4       sf_debug_symbol_scope_pop  00000001802feca4 f   sf_runtime:sf_runtime.dll
 0001:002fdcaa       sf_debug_data_range_wrapper 00000001802fecaa f   sf_runtime:sf_runtime.dll
 0001:002fdcb0       sf_debug_call              00000001802fecb0 f   sf_runtime:sf_runtime.dll
 0001:002fdcb6       sf_debug_symbol_scope_push 00000001802fecb6 f   sf_runtime:sf_runtime.dll
 0001:002fdcbc       eml_debug_line_call        00000001802fecbc f   sf_runtime:sf_runtime.dll
 0001:002fdcc2       cv_eml_eval                00000001802fecc2 f   sf_runtime:sf_runtime.dll
 0001:002fdcc8       sf_debug_symbol_scope_add_eml 00000001802fecc8 f   sf_runtime:sf_runtime.dll
 0001:002fdcce       sf_debug_symbol_scope_add_eml_importable 00000001802fecce f   sf_runtime:sf_runtime.dll
 0001:002fdcd4       sf_debug_symbol_scope_push_eml 00000001802fecd4 f   sf_runtime:sf_runtime.dll
 0001:002fdcda       sf_mex_setcell             00000001802fecda f   sf_runtime:sf_runtime.dll
 0001:002fdce0       sf_mex_getcell             00000001802fece0 f   sf_runtime:sf_runtime.dll
 0001:002fdce6       sf_clear_rtw_identifier    00000001802fece6 f   sf_runtime:sf_runtime.dll
 0001:002fdcec       cv_script_init_fcn         00000001802fecec f   sf_runtime:sf_runtime.dll
 0001:002fdcf2       cv_script_init_script      00000001802fecf2 f   sf_runtime:sf_runtime.dll
 0001:002fdcf8       cv_eml_init_relational     00000001802fecf8 f   sf_runtime:sf_runtime.dll
 0001:002fdcfe       cv_eml_init_mcdc           00000001802fecfe f   sf_runtime:sf_runtime.dll
 0001:002fdd04       cv_eml_init_if             00000001802fed04 f   sf_runtime:sf_runtime.dll
 0001:002fdd0a       sf_debug_set_script_translation 00000001802fed0a f   sf_runtime:sf_runtime.dll
 0001:002fdd10       sf_debug_get_script_id     00000001802fed10 f   sf_runtime:sf_runtime.dll
 0001:002fdd16       cv_eval_relational         00000001802fed16 f   sf_runtime:sf_runtime.dll
 0001:002fdd1c       cv_script_eval             00000001802fed1c f   sf_runtime:sf_runtime.dll
 0001:002fdd22       sf_mex_call_debug          00000001802fed22 f   sf_runtime:sf_runtime.dll
 0001:002fdd28       sf_debug_eml_data_array_bounds_error_check 00000001802fed28 f   sf_runtime:sf_runtime.dll
 0001:002fdd2e       sf_debug_integer_check     00000001802fed2e f   sf_runtime:sf_runtime.dll
 0001:002fdd34       sf_mex_import_named        00000001802fed34 f   sf_runtime:sf_runtime.dll
 0001:002fdd3a       sf_mex_get_sfun_param      00000001802fed3a f   sf_runtime:sf_runtime.dll
 0001:002fdd40       sf_set_encoded_dwork_info  00000001802fed40 f   sf_runtime:sf_runtime.dll
 0001:002fdd46       ssGetDWork_wrapper         00000001802fed46 f   sf_runtime:sf_runtime.dll
 0001:002fdd4c       sf_debug_cv_init_relationalop 00000001802fed4c f   sf_runtime:sf_runtime.dll
 0001:002fdd52       sf_debug_set_chart_state_substate_index 00000001802fed52 f   sf_runtime:sf_runtime.dll
 0001:002fdd58       sf_debug_set_chart_state_substate_count 00000001802fed58 f   sf_runtime:sf_runtime.dll
 0001:002fdd5e       sf_debug_set_chart_substate_index 00000001802fed5e f   sf_runtime:sf_runtime.dll
 0001:002fdd64       sf_get_output_port_reusable 00000001802fed64 f   sf_runtime:sf_runtime.dll
 0001:002fdd6a       sf_get_dwork_info_from_mat_file 00000001802fed6a f   sf_runtime:sf_runtime.dll
 0001:002fdd70       sf_debug_temporal_threshold 00000001802fed70 f   sf_runtime:sf_runtime.dll
 0001:002fdd76       cv_eval_point              00000001802fed76 f   sf_runtime:sf_runtime.dll
 0001:002fdd7c       sf_mex_sub                 00000001802fed7c f   sf_runtime:sf_runtime.dll
 0001:002fdd82       sf_debug_unset_instance_data_value_ptr 00000001802fed82 f   sf_runtime:sf_runtime.dll
 0001:002fdd88       sf_debug_animate           00000001802fed88 f   sf_runtime:sf_runtime.dll
 0001:002fdd8e       sf_debug_set_honor_breakpoints 00000001802fed8e f   sf_runtime:sf_runtime.dll
 0001:002fdd94       sf_debug_set_animation     00000001802fed94 f   sf_runtime:sf_runtime.dll
 0001:002fdd9a       sf_debug_get_animation     00000001802fed9a f   sf_runtime:sf_runtime.dll
 0001:002fdda0       cv_eml_init_saturation     00000001802feda0 f   sf_runtime:sf_runtime.dll
 0001:002fdda6       cv_eval_saturation         00000001802feda6 f   sf_runtime:sf_runtime.dll
 0001:002fddac       sf_debug_read_before_write_error 00000001802fedac f   sf_runtime:sf_runtime.dll
 0001:002fddb2       cv_script_init_if          00000001802fedb2 f   sf_runtime:sf_runtime.dll
 0001:002fddb8       sf_debug_size_eq_check_1d  00000001802fedb8 f   sf_runtime:sf_runtime.dll
 0001:002fddbe       sf_mex_getfield            00000001802fedbe f   sf_runtime:sf_runtime.dll
 0001:002fddc4       sf_mex_check_struct        00000001802fedc4 f   sf_runtime:sf_runtime.dll
 0001:002fddca       sf_debug_non_negative_check 00000001802fedca f   sf_runtime:sf_runtime.dll
 0001:002fddd0       cv_script_init_relational  00000001802fedd0 f   sf_runtime:sf_runtime.dll
 0001:002fddd6       cv_script_init_mcdc        00000001802fedd6 f   sf_runtime:sf_runtime.dll
 0001:002fdddc       cv_script_init_for         00000001802feddc f   sf_runtime:sf_runtime.dll
 0001:002fdde2       cv_script_init_switch      00000001802fede2 f   sf_runtime:sf_runtime.dll
 0001:002fdde8       cv_eml_init_switch         00000001802fede8 f   sf_runtime:sf_runtime.dll
 0001:002fddee       sf_debug_sub_assign_size_check_nd 00000001802fedee f   sf_runtime:sf_runtime.dll
 0001:002fddf4       sf_debug_symbol_switch     00000001802fedf4 f   sf_runtime:sf_runtime.dll
 0001:002fddfa       sf_mex_listen_for_ctrl_c   00000001802fedfa f   sf_runtime:sf_runtime.dll
 0001:002fde00       cv_eml_init_for            00000001802fee00 f   sf_runtime:sf_runtime.dll
 0001:002fde06       sf_debug_set_chart_event_scope 00000001802fee06 f   sf_runtime:sf_runtime.dll
 0001:002fde0c       sf_mex_createstructarray   00000001802fee0c f   sf_runtime:sf_runtime.dll
 0001:002fde12       sf_debug_symbol_scope_add_importable 00000001802fee12 f   sf_runtime:sf_runtime.dll
 0001:002fde18       sf_debug_symbol_scope_add_eml_dyn_importable 00000001802fee18 f   sf_runtime:sf_runtime.dll
 0001:002fde1e       sf_mex_import_vs           00000001802fee1e f   sf_runtime:sf_runtime.dll
 0001:002fde24       sf_debug_for_loop_vector_check 00000001802fee24 f   sf_runtime:sf_runtime.dll
 0001:002fde2a       sf_debug_terminate         00000001802fee2a f   sf_runtime:sf_runtime.dll
 0001:002fde30       sf_debug_create_debug_instance_struct 00000001802fee30 f   sf_runtime:sf_runtime.dll
 0001:002fde36       sf_debug_api               00000001802fee36 f   sf_runtime:sf_runtime.dll
 0001:002fde3c       callMdlMethodAndReportError 00000001802fee3c f   sf_runtime:sf_runtime.dll
 0001:002fde42       call_sf_machine_global_method_dispatcher 00000001802fee42 f   sf_runtime:sf_runtime.dll
 0001:002fde48       sf_clear_error_manager_info 00000001802fee48 f   sf_runtime:sf_runtime.dll
 0001:002fde4e       sf_mex_error_direct_call   00000001802fee4e f   sf_runtime:sf_runtime.dll
 0001:002fde54       mxCreateLogicalScalar      00000001802fee54 f   libmx:libmx.dll
 0001:002fde5a       mxCreateDoubleMatrix_730   00000001802fee5a f   libmx:libmx.dll
 0001:002fde60       mxGetScalar                00000001802fee60 f   libmx:libmx.dll
 0001:002fde66       mxGetString_730            00000001802fee66 f   libmx:libmx.dll
 0001:002fde6c       mxIsChar                   00000001802fee6c f   libmx:libmx.dll
 0001:002fde72       mxGetPr                    00000001802fee72 f   libmx:libmx.dll
 0001:002fde78       mxDestroyArray             00000001802fee78 f   libmx:libmx.dll
 0001:002fde7e       mxDuplicateArray           00000001802fee7e f   libmx:libmx.dll
 0001:002fde84       mxCreateDoubleScalar       00000001802fee84 f   libmx:libmx.dll
 0001:002fde8a       mxSetField_730             00000001802fee8a f   libmx:libmx.dll
 0001:002fde90       mxCreateString             00000001802fee90 f   libmx:libmx.dll
 0001:002fde96       mxCreateStructMatrix_730   00000001802fee96 f   libmx:libmx.dll
 0001:002fde9c       mxCreateCellMatrix_730     00000001802fee9c f   libmx:libmx.dll
 0001:002fdea2       mxCreateCellArray_730      00000001802feea2 f   libmx:libmx.dll
 0001:002fdea8       mxCreateStructArray_730    00000001802feea8 f   libmx:libmx.dll
 0001:002fdeae       mxGetNaN                   00000001802feeae f   libmx:libmx.dll
 0001:002fdeb4       mxGetInf                   00000001802feeb4 f   libmx:libmx.dll
 0001:002fdeba       mxGetClassID               00000001802feeba f   libmx:libmx.dll
 0001:002fdec0       mxIsNumeric                00000001802feec0 f   libmx:libmx.dll
 0001:002fdec6       mxIsComplex                00000001802feec6 f   libmx:libmx.dll
 0001:002fdecc       mxGetN                     00000001802feecc f   libmx:libmx.dll
 0001:002fded2       mxGetM                     00000001802feed2 f   libmx:libmx.dll
 0001:002fded8       mxCalloc                   00000001802feed8 f   libmx:libmx.dll
 0001:002fdede       mexMakeArrayPersistent     00000001802feede f   libmex:libmex.dll
 0001:002fdee4       mexUnlock                  00000001802feee4 f   libmex:libmex.dll
 0001:002fdeea       mexIsLocked                00000001802feeea f   libmex:libmex.dll
 0001:002fdef0       mexWarnMsgTxt              00000001802feef0 f   libmex:libmex.dll
 0001:002fdef6       mexCallMATLABWithObject    00000001802feef6 f   libmex:libmex.dll
 0001:002fdefc       mexErrMsgTxt               00000001802feefc f   libmex:libmex.dll
 0001:002fdf02       mexLock                    00000001802fef02 f   libmex:libmex.dll
 0001:002fdf08       utMalloc                   00000001802fef08 f   libut:libut.dll
 0001:002fdf0e       utFree                     00000001802fef0e f   libut:libut.dll
 0001:002fdf14       muDoubleScalarSin          00000001802fef14 f   libmwmathutil:libmwmathutil.dll
 0001:002fdf1a       muDoubleScalarCos          00000001802fef1a f   libmwmathutil:libmwmathutil.dll
 0001:002fdf20       muDoubleScalarAsin         00000001802fef20 f   libmwmathutil:libmwmathutil.dll
 0001:002fdf26       muDoubleScalarAtan2        00000001802fef26 f   libmwmathutil:libmwmathutil.dll
 0001:002fdf2c       muDoubleScalarAbs          00000001802fef2c f   libmwmathutil:libmwmathutil.dll
 0001:002fdf32       muDoubleScalarRound        00000001802fef32 f   libmwmathutil:libmwmathutil.dll
 0001:002fdf38       muDoubleScalarFloor        00000001802fef38 f   libmwmathutil:libmwmathutil.dll
 0001:002fdf3e       muDoubleScalarIsNaN        00000001802fef3e f   libmwmathutil:libmwmathutil.dll
 0001:002fdf44       muDoubleScalarMax          00000001802fef44 f   libmwmathutil:libmwmathutil.dll
 0001:002fdf4a       muDoubleScalarMin          00000001802fef4a f   libmwmathutil:libmwmathutil.dll
 0001:002fdf50       muDoubleScalarCeil         00000001802fef50 f   libmwmathutil:libmwmathutil.dll
 0001:002fdf56       muDoubleScalarPower        00000001802fef56 f   libmwmathutil:libmwmathutil.dll
 0001:002fdf5c       muDoubleScalarIsInf        00000001802fef5c f   libmwmathutil:libmwmathutil.dll
 0001:002fdf62       dgemm                      00000001802fef62 f   libmwblas:libmwblas.dll
 0001:002fdf68       __GSHandlerCheckCommon     00000001802fef68 f   MSVCRT:gshandler.obj
 0001:002fdfcc       __GSHandlerCheck           00000001802fefcc f   MSVCRT:gshandler.obj
 0001:002fdfea       strcmp                     00000001802fefea f   MSVCRT:MSVCR100.dll
 0001:002fe000       __security_check_cookie    00000001802ff000 f   MSVCRT:amdsecgs.obj
 0001:002fe020       strlen                     00000001802ff020 f   MSVCRT:MSVCR100.dll
 0001:002fe026       memset                     00000001802ff026 f   MSVCRT:MSVCR100.dll
 0001:002fe02c       memcpy                     00000001802ff02c f   MSVCRT:MSVCR100.dll
 0001:002fe050       _alloca_probe              00000001802ff050     MSVCRT:chkstk.obj
 0001:002fe050       __chkstk                   00000001802ff050 f   MSVCRT:chkstk.obj
 0001:002fe09e       ldexp                      00000001802ff09e f   MSVCRT:MSVCR100.dll
 0001:002fe0a4       frexp                      00000001802ff0a4 f   MSVCRT:MSVCR100.dll
 0001:002fe0aa       free                       00000001802ff0aa f   MSVCRT:MSVCR100.dll
 0001:002fe0b0       sprintf                    00000001802ff0b0 f   MSVCRT:MSVCR100.dll
 0001:002fe0b6       malloc                     00000001802ff0b6 f   MSVCRT:MSVCR100.dll
 0001:002fe0bc       strcat                     00000001802ff0bc f   MSVCRT:MSVCR100.dll
 0001:002fe0c4       NtCurrentTeb               00000001802ff0c4 f i MSVCRT:crtdll.obj
 0001:002fe130       _CRT_INIT                  00000001802ff130 f   MSVCRT:crtdll.obj
 0001:002fe4c8       _DllMainCRTStartup         00000001802ff4c8 f   MSVCRT:crtdll.obj
 0001:002fe508       __report_gsfailure         00000001802ff508 f   MSVCRT:gs_report.obj
 0001:002fe654       __clean_type_info_names    00000001802ff654 f   MSVCRT:tncleanup.obj
 0001:002fe660       _onexit                    00000001802ff660 f   MSVCRT:atonexit.obj
 0001:002fe710       atexit                     00000001802ff710 f   MSVCRT:atonexit.obj
 0001:002fe728       _RTC_Initialize            00000001802ff728 f   MSVCRT:_initsect_.obj
 0001:002fe760       _RTC_Terminate             00000001802ff760 f   MSVCRT:_initsect_.obj
 0001:002fe798       _malloc_crt                00000001802ff798 f   MSVCRT:MSVCR100.dll
 0001:002fe7a0       _ValidateImageBase         00000001802ff7a0 f   MSVCRT:pesect.obj
 0001:002fe7d0       _FindPESection             00000001802ff7d0 f   MSVCRT:pesect.obj
 0001:002fe820       _IsNonwritableInCurrentImage 00000001802ff820 f   MSVCRT:pesect.obj
 0001:002fe862       _initterm                  00000001802ff862 f   MSVCRT:MSVCR100.dll
 0001:002fe868       _initterm_e                00000001802ff868 f   MSVCRT:MSVCR100.dll
 0001:002fe86e       _encoded_null              00000001802ff86e f   MSVCRT:MSVCR100.dll
 0001:002fe874       _amsg_exit                 00000001802ff874 f   MSVCRT:MSVCR100.dll
 0001:002fe87a       __C_specific_handler       00000001802ff87a f   MSVCRT:MSVCR100.dll
 0001:002fe880       __CppXcptFilter            00000001802ff880 f   MSVCRT:MSVCR100.dll
 0001:002fe888       DllMain                    00000001802ff888 f   MSVCRT:dllmain.obj
 0001:002fe8ac       __security_init_cookie     00000001802ff8ac f   MSVCRT:gs_support.obj
 0001:002fe960       __crt_debugger_hook        00000001802ff960 f   MSVCRT:MSVCR100.dll
 0001:002fe966       __clean_type_info_names_internal 00000001802ff966 f   MSVCRT:MSVCR100.dll
 0001:002fe96c       _unlock                    00000001802ff96c f   MSVCRT:MSVCR100.dll
 0001:002fe972       __dllonexit                00000001802ff972 f   MSVCRT:MSVCR100.dll
 0001:002fe978       _lock                      00000001802ff978 f   MSVCRT:MSVCR100.dll
 0001:002fe97e       EncodePointer              00000001802ff97e f   kernel32:KERNEL32.dll
 0001:002fe984       DecodePointer              00000001802ff984 f   kernel32:KERNEL32.dll
 0001:002fe98a       Sleep                      00000001802ff98a f   kernel32:KERNEL32.dll
 0001:002fe990       TerminateProcess           00000001802ff990 f   kernel32:KERNEL32.dll
 0001:002fe996       GetCurrentProcess          00000001802ff996 f   kernel32:KERNEL32.dll
 0001:002fe99c       UnhandledExceptionFilter   00000001802ff99c f   kernel32:KERNEL32.dll
 0001:002fe9a2       SetUnhandledExceptionFilter 00000001802ff9a2 f   kernel32:KERNEL32.dll
 0001:002fe9a8       IsDebuggerPresent          00000001802ff9a8 f   kernel32:KERNEL32.dll
 0001:002fe9ae       RtlVirtualUnwind           00000001802ff9ae f   kernel32:KERNEL32.dll
 0001:002fe9b4       RtlLookupFunctionEntry     00000001802ff9b4 f   kernel32:KERNEL32.dll
 0001:002fe9ba       RtlCaptureContext          00000001802ff9ba f   kernel32:KERNEL32.dll
 0001:002fe9c0       DisableThreadLibraryCalls  00000001802ff9c0 f   kernel32:KERNEL32.dll
 0001:002fe9c6       QueryPerformanceCounter    00000001802ff9c6 f   kernel32:KERNEL32.dll
 0001:002fe9cc       GetTickCount               00000001802ff9cc f   kernel32:KERNEL32.dll
 0001:002fe9d2       GetCurrentThreadId         00000001802ff9d2 f   kernel32:KERNEL32.dll
 0001:002fe9d8       GetCurrentProcessId        00000001802ff9d8 f   kernel32:KERNEL32.dll
 0001:002fe9de       GetSystemTimeAsFileTime    00000001802ff9de f   kernel32:KERNEL32.dll
 0002:00000000       __imp_GetCurrentProcessId  0000000180300000     kernel32:KERNEL32.dll
 0002:00000008       __imp_GetCurrentThreadId   0000000180300008     kernel32:KERNEL32.dll
 0002:00000010       __imp_GetTickCount         0000000180300010     kernel32:KERNEL32.dll
 0002:00000018       __imp_QueryPerformanceCounter 0000000180300018     kernel32:KERNEL32.dll
 0002:00000020       __imp_DisableThreadLibraryCalls 0000000180300020     kernel32:KERNEL32.dll
 0002:00000028       __imp_RtlCaptureContext    0000000180300028     kernel32:KERNEL32.dll
 0002:00000030       __imp_RtlLookupFunctionEntry 0000000180300030     kernel32:KERNEL32.dll
 0002:00000038       __imp_RtlVirtualUnwind     0000000180300038     kernel32:KERNEL32.dll
 0002:00000040       __imp_IsDebuggerPresent    0000000180300040     kernel32:KERNEL32.dll
 0002:00000048       __imp_SetUnhandledExceptionFilter 0000000180300048     kernel32:KERNEL32.dll
 0002:00000050       __imp_UnhandledExceptionFilter 0000000180300050     kernel32:KERNEL32.dll
 0002:00000058       __imp_GetCurrentProcess    0000000180300058     kernel32:KERNEL32.dll
 0002:00000060       __imp_TerminateProcess     0000000180300060     kernel32:KERNEL32.dll
 0002:00000068       __imp_Sleep                0000000180300068     kernel32:KERNEL32.dll
 0002:00000070       __imp_DecodePointer        0000000180300070     kernel32:KERNEL32.dll
 0002:00000078       __imp_EncodePointer        0000000180300078     kernel32:KERNEL32.dll
 0002:00000080       __imp_GetSystemTimeAsFileTime 0000000180300080     kernel32:KERNEL32.dll
 0002:00000088       \177KERNEL32_NULL_THUNK_DATA 0000000180300088     kernel32:KERNEL32.dll
 0002:00000090       __imp__onexit              0000000180300090     MSVCRT:MSVCR100.dll
 0002:00000098       __imp___dllonexit          0000000180300098     MSVCRT:MSVCR100.dll
 0002:000000a0       __imp__unlock              00000001803000a0     MSVCRT:MSVCR100.dll
 0002:000000a8       __imp___clean_type_info_names_internal 00000001803000a8     MSVCRT:MSVCR100.dll
 0002:000000b0       __imp___crt_debugger_hook  00000001803000b0     MSVCRT:MSVCR100.dll
 0002:000000b8       __imp___CppXcptFilter      00000001803000b8     MSVCRT:MSVCR100.dll
 0002:000000c0       __imp___C_specific_handler 00000001803000c0     MSVCRT:MSVCR100.dll
 0002:000000c8       __imp__amsg_exit           00000001803000c8     MSVCRT:MSVCR100.dll
 0002:000000d0       __imp__encoded_null        00000001803000d0     MSVCRT:MSVCR100.dll
 0002:000000d8       __imp__initterm_e          00000001803000d8     MSVCRT:MSVCR100.dll
 0002:000000e0       __imp__initterm            00000001803000e0     MSVCRT:MSVCR100.dll
 0002:000000e8       __imp__malloc_crt          00000001803000e8     MSVCRT:MSVCR100.dll
 0002:000000f0       __imp_strcat               00000001803000f0     MSVCRT:MSVCR100.dll
 0002:000000f8       __imp_malloc               00000001803000f8     MSVCRT:MSVCR100.dll
 0002:00000100       __imp_sprintf              0000000180300100     MSVCRT:MSVCR100.dll
 0002:00000108       __imp_free                 0000000180300108     MSVCRT:MSVCR100.dll
 0002:00000110       __imp_frexp                0000000180300110     MSVCRT:MSVCR100.dll
 0002:00000118       __imp_ldexp                0000000180300118     MSVCRT:MSVCR100.dll
 0002:00000120       __imp_memcpy               0000000180300120     MSVCRT:MSVCR100.dll
 0002:00000128       __imp_memset               0000000180300128     MSVCRT:MSVCR100.dll
 0002:00000130       __imp_strlen               0000000180300130     MSVCRT:MSVCR100.dll
 0002:00000138       __imp_strcmp               0000000180300138     MSVCRT:MSVCR100.dll
 0002:00000140       __imp__lock                0000000180300140     MSVCRT:MSVCR100.dll
 0002:00000148       \177MSVCR100_NULL_THUNK_DATA 0000000180300148     MSVCRT:MSVCR100.dll
 0002:00000150       __imp_mexMakeArrayPersistent 0000000180300150     libmex:libmex.dll
 0002:00000158       __imp_mexLock              0000000180300158     libmex:libmex.dll
 0002:00000160       __imp_mexUnlock            0000000180300160     libmex:libmex.dll
 0002:00000168       __imp_mexIsLocked          0000000180300168     libmex:libmex.dll
 0002:00000170       __imp_mexWarnMsgTxt        0000000180300170     libmex:libmex.dll
 0002:00000178       __imp_mexCallMATLABWithObject 0000000180300178     libmex:libmex.dll
 0002:00000180       __imp_mexErrMsgTxt         0000000180300180     libmex:libmex.dll
 0002:00000188       \177libmex_NULL_THUNK_DATA 0000000180300188     libmex:libmex.dll
 0002:00000190       __imp_dgemm                0000000180300190     libmwblas:libmwblas.dll
 0002:00000198       \177libmwblas_NULL_THUNK_DATA 0000000180300198     libmwblas:libmwblas.dll
 0002:000001a0       __imp_muDoubleScalarRound  00000001803001a0     libmwmathutil:libmwmathutil.dll
 0002:000001a8       __imp_muDoubleScalarAbs    00000001803001a8     libmwmathutil:libmwmathutil.dll
 0002:000001b0       __imp_muDoubleScalarFloor  00000001803001b0     libmwmathutil:libmwmathutil.dll
 0002:000001b8       __imp_muDoubleScalarAsin   00000001803001b8     libmwmathutil:libmwmathutil.dll
 0002:000001c0       __imp_muDoubleScalarCos    00000001803001c0     libmwmathutil:libmwmathutil.dll
 0002:000001c8       __imp_muDoubleScalarSin    00000001803001c8     libmwmathutil:libmwmathutil.dll
 0002:000001d0       __imp_muDoubleScalarIsNaN  00000001803001d0     libmwmathutil:libmwmathutil.dll
 0002:000001d8       __imp_muDoubleScalarMax    00000001803001d8     libmwmathutil:libmwmathutil.dll
 0002:000001e0       __imp_muDoubleScalarMin    00000001803001e0     libmwmathutil:libmwmathutil.dll
 0002:000001e8       __imp_muDoubleScalarCeil   00000001803001e8     libmwmathutil:libmwmathutil.dll
 0002:000001f0       __imp_muDoubleScalarPower  00000001803001f0     libmwmathutil:libmwmathutil.dll
 0002:000001f8       __imp_muDoubleScalarIsInf  00000001803001f8     libmwmathutil:libmwmathutil.dll
 0002:00000200       __imp_muDoubleScalarAtan2  0000000180300200     libmwmathutil:libmwmathutil.dll
 0002:00000208       \177libmwmathutil_NULL_THUNK_DATA 0000000180300208     libmwmathutil:libmwmathutil.dll
 0002:00000210       __imp_mxCalloc             0000000180300210     libmx:libmx.dll
 0002:00000218       __imp_mxGetM               0000000180300218     libmx:libmx.dll
 0002:00000220       __imp_mxGetN               0000000180300220     libmx:libmx.dll
 0002:00000228       __imp_mxIsComplex          0000000180300228     libmx:libmx.dll
 0002:00000230       __imp_mxIsNumeric          0000000180300230     libmx:libmx.dll
 0002:00000238       __imp_mxGetClassID         0000000180300238     libmx:libmx.dll
 0002:00000240       __imp_mxGetInf             0000000180300240     libmx:libmx.dll
 0002:00000248       __imp_mxGetNaN             0000000180300248     libmx:libmx.dll
 0002:00000250       __imp_mxCreateStructArray_730 0000000180300250     libmx:libmx.dll
 0002:00000258       __imp_mxCreateCellArray_730 0000000180300258     libmx:libmx.dll
 0002:00000260       __imp_mxCreateCellMatrix_730 0000000180300260     libmx:libmx.dll
 0002:00000268       __imp_mxCreateStructMatrix_730 0000000180300268     libmx:libmx.dll
 0002:00000270       __imp_mxCreateString       0000000180300270     libmx:libmx.dll
 0002:00000278       __imp_mxSetField_730       0000000180300278     libmx:libmx.dll
 0002:00000280       __imp_mxCreateDoubleScalar 0000000180300280     libmx:libmx.dll
 0002:00000288       __imp_mxDuplicateArray     0000000180300288     libmx:libmx.dll
 0002:00000290       __imp_mxDestroyArray       0000000180300290     libmx:libmx.dll
 0002:00000298       __imp_mxGetPr              0000000180300298     libmx:libmx.dll
 0002:000002a0       __imp_mxIsChar             00000001803002a0     libmx:libmx.dll
 0002:000002a8       __imp_mxGetString_730      00000001803002a8     libmx:libmx.dll
 0002:000002b0       __imp_mxGetScalar          00000001803002b0     libmx:libmx.dll
 0002:000002b8       __imp_mxCreateDoubleMatrix_730 00000001803002b8     libmx:libmx.dll
 0002:000002c0       __imp_mxCreateLogicalScalar 00000001803002c0     libmx:libmx.dll
 0002:000002c8       \177libmx_NULL_THUNK_DATA  00000001803002c8     libmx:libmx.dll
 0002:000002d0       __imp_utMalloc             00000001803002d0     libut:libut.dll
 0002:000002d8       __imp_utFree               00000001803002d8     libut:libut.dll
 0002:000002e0       \177libut_NULL_THUNK_DATA  00000001803002e0     libut:libut.dll
 0002:000002e8       __imp_cv_script_init_relational 00000001803002e8     sf_runtime:sf_runtime.dll
 0002:000002f0       __imp_cv_script_init_mcdc  00000001803002f0     sf_runtime:sf_runtime.dll
 0002:000002f8       __imp_cv_script_init_for   00000001803002f8     sf_runtime:sf_runtime.dll
 0002:00000300       __imp_cv_script_init_switch 0000000180300300     sf_runtime:sf_runtime.dll
 0002:00000308       __imp_cv_eml_init_switch   0000000180300308     sf_runtime:sf_runtime.dll
 0002:00000310       __imp_sf_debug_sub_assign_size_check_nd 0000000180300310     sf_runtime:sf_runtime.dll
 0002:00000318       __imp_sf_debug_symbol_switch 0000000180300318     sf_runtime:sf_runtime.dll
 0002:00000320       __imp_sf_mex_listen_for_ctrl_c 0000000180300320     sf_runtime:sf_runtime.dll
 0002:00000328       __imp_cv_eml_init_for      0000000180300328     sf_runtime:sf_runtime.dll
 0002:00000330       __imp_sf_debug_set_chart_event_scope 0000000180300330     sf_runtime:sf_runtime.dll
 0002:00000338       __imp_sf_mex_createstructarray 0000000180300338     sf_runtime:sf_runtime.dll
 0002:00000340       __imp_sf_debug_size_eq_check_1d 0000000180300340     sf_runtime:sf_runtime.dll
 0002:00000348       __imp_sf_debug_symbol_scope_add_eml_dyn_importable 0000000180300348     sf_runtime:sf_runtime.dll
 0002:00000350       __imp_sf_mex_import_vs     0000000180300350     sf_runtime:sf_runtime.dll
 0002:00000358       __imp_sf_debug_for_loop_vector_check 0000000180300358     sf_runtime:sf_runtime.dll
 0002:00000360       __imp_sf_debug_terminate   0000000180300360     sf_runtime:sf_runtime.dll
 0002:00000368       __imp_sf_debug_create_debug_instance_struct 0000000180300368     sf_runtime:sf_runtime.dll
 0002:00000370       __imp_sf_debug_api         0000000180300370     sf_runtime:sf_runtime.dll
 0002:00000378       __imp_callMdlMethodAndReportError 0000000180300378     sf_runtime:sf_runtime.dll
 0002:00000380       __imp_call_sf_machine_global_method_dispatcher 0000000180300380     sf_runtime:sf_runtime.dll
 0002:00000388       __imp_sf_clear_error_manager_info 0000000180300388     sf_runtime:sf_runtime.dll
 0002:00000390       __imp_sf_mex_error_direct_call 0000000180300390     sf_runtime:sf_runtime.dll
 0002:00000398       __imp_sf_debug_check_for_state_inconsistency 0000000180300398     sf_runtime:sf_runtime.dll
 0002:000003a0       __imp_cv_script_init_if    00000001803003a0     sf_runtime:sf_runtime.dll
 0002:000003a8       __imp_sf_debug_read_before_write_error 00000001803003a8     sf_runtime:sf_runtime.dll
 0002:000003b0       __imp_cv_eval_saturation   00000001803003b0     sf_runtime:sf_runtime.dll
 0002:000003b8       __imp_sf_debug_non_negative_check 00000001803003b8     sf_runtime:sf_runtime.dll
 0002:000003c0       __imp_sf_debug_get_animation 00000001803003c0     sf_runtime:sf_runtime.dll
 0002:000003c8       __imp_sf_debug_set_animation 00000001803003c8     sf_runtime:sf_runtime.dll
 0002:000003d0       __imp_sf_debug_set_honor_breakpoints 00000001803003d0     sf_runtime:sf_runtime.dll
 0002:000003d8       __imp_sf_debug_animate     00000001803003d8     sf_runtime:sf_runtime.dll
 0002:000003e0       __imp_sf_debug_unset_instance_data_value_ptr 00000001803003e0     sf_runtime:sf_runtime.dll
 0002:000003e8       __imp_sf_mex_sub           00000001803003e8     sf_runtime:sf_runtime.dll
 0002:000003f0       __imp_cv_eval_point        00000001803003f0     sf_runtime:sf_runtime.dll
 0002:000003f8       __imp_sf_debug_temporal_threshold 00000001803003f8     sf_runtime:sf_runtime.dll
 0002:00000400       __imp_sf_get_dwork_info_from_mat_file 0000000180300400     sf_runtime:sf_runtime.dll
 0002:00000408       __imp_sf_get_output_port_reusable 0000000180300408     sf_runtime:sf_runtime.dll
 0002:00000410       __imp_sf_debug_set_chart_substate_index 0000000180300410     sf_runtime:sf_runtime.dll
 0002:00000418       __imp_sf_debug_set_chart_state_substate_count 0000000180300418     sf_runtime:sf_runtime.dll
 0002:00000420       __imp_sf_debug_set_chart_state_substate_index 0000000180300420     sf_runtime:sf_runtime.dll
 0002:00000428       __imp_sf_debug_cv_init_relationalop 0000000180300428     sf_runtime:sf_runtime.dll
 0002:00000430       __imp_ssGetDWork_wrapper   0000000180300430     sf_runtime:sf_runtime.dll
 0002:00000438       __imp_sf_set_encoded_dwork_info 0000000180300438     sf_runtime:sf_runtime.dll
 0002:00000440       __imp_sf_mex_get_sfun_param 0000000180300440     sf_runtime:sf_runtime.dll
 0002:00000448       __imp_sf_mex_import_named  0000000180300448     sf_runtime:sf_runtime.dll
 0002:00000450       __imp_sf_debug_integer_check 0000000180300450     sf_runtime:sf_runtime.dll
 0002:00000458       __imp_sf_debug_eml_data_array_bounds_error_check 0000000180300458     sf_runtime:sf_runtime.dll
 0002:00000460       __imp_sf_mex_call_debug    0000000180300460     sf_runtime:sf_runtime.dll
 0002:00000468       __imp_cv_script_eval       0000000180300468     sf_runtime:sf_runtime.dll
 0002:00000470       __imp_cv_eval_relational   0000000180300470     sf_runtime:sf_runtime.dll
 0002:00000478       __imp_sf_debug_get_script_id 0000000180300478     sf_runtime:sf_runtime.dll
 0002:00000480       __imp_sf_debug_set_script_translation 0000000180300480     sf_runtime:sf_runtime.dll
 0002:00000488       __imp_cv_eml_init_if       0000000180300488     sf_runtime:sf_runtime.dll
 0002:00000490       __imp_cv_eml_init_mcdc     0000000180300490     sf_runtime:sf_runtime.dll
 0002:00000498       __imp_sf_mex_check_struct  0000000180300498     sf_runtime:sf_runtime.dll
 0002:000004a0       __imp_cv_eml_init_saturation 00000001803004a0     sf_runtime:sf_runtime.dll
 0002:000004a8       __imp_sf_mex_getfield      00000001803004a8     sf_runtime:sf_runtime.dll
 0002:000004b0       __imp_cv_eml_init_relational 00000001803004b0     sf_runtime:sf_runtime.dll
 0002:000004b8       __imp_cv_script_init_script 00000001803004b8     sf_runtime:sf_runtime.dll
 0002:000004c0       __imp_cv_script_init_fcn   00000001803004c0     sf_runtime:sf_runtime.dll
 0002:000004c8       __imp_sf_clear_rtw_identifier 00000001803004c8     sf_runtime:sf_runtime.dll
 0002:000004d0       __imp_sf_mex_getcell       00000001803004d0     sf_runtime:sf_runtime.dll
 0002:000004d8       __imp_sf_mex_setcell       00000001803004d8     sf_runtime:sf_runtime.dll
 0002:000004e0       __imp_sf_debug_symbol_scope_push_eml 00000001803004e0     sf_runtime:sf_runtime.dll
 0002:000004e8       __imp_sf_debug_symbol_scope_add_eml_importable 00000001803004e8     sf_runtime:sf_runtime.dll
 0002:000004f0       __imp_sf_debug_symbol_scope_add_eml 00000001803004f0     sf_runtime:sf_runtime.dll
 0002:000004f8       __imp_cv_eml_eval          00000001803004f8     sf_runtime:sf_runtime.dll
 0002:00000500       __imp_eml_debug_line_call  0000000180300500     sf_runtime:sf_runtime.dll
 0002:00000508       __imp_sf_debug_symbol_scope_push 0000000180300508     sf_runtime:sf_runtime.dll
 0002:00000510       __imp_sf_debug_call        0000000180300510     sf_runtime:sf_runtime.dll
 0002:00000518       __imp_sf_debug_data_range_wrapper 0000000180300518     sf_runtime:sf_runtime.dll
 0002:00000520       __imp_sf_debug_symbol_scope_pop 0000000180300520     sf_runtime:sf_runtime.dll
 0002:00000528       __imp_sf_get_time          0000000180300528     sf_runtime:sf_runtime.dll
 0002:00000530       __imp_sf_mex_import        0000000180300530     sf_runtime:sf_runtime.dll
 0002:00000538       __imp_sf_mex_dup           0000000180300538     sf_runtime:sf_runtime.dll
 0002:00000540       __imp_sf_debug_initialize_chart 0000000180300540     sf_runtime:sf_runtime.dll
 0002:00000548       __imp_sf_debug_set_chart_disable_implicit_casting 0000000180300548     sf_runtime:sf_runtime.dll
 0002:00000550       __imp_sf_debug_set_chart_event_thresholds 0000000180300550     sf_runtime:sf_runtime.dll
 0002:00000558       __imp_sf_debug_set_chart_data_props 0000000180300558     sf_runtime:sf_runtime.dll
 0002:00000560       __imp_sf_debug_set_chart_state_info 0000000180300560     sf_runtime:sf_runtime.dll
 0002:00000568       __imp_sf_debug_set_chart_substate_count 0000000180300568     sf_runtime:sf_runtime.dll
 0002:00000570       __imp_sf_debug_set_chart_decomposition 0000000180300570     sf_runtime:sf_runtime.dll
 0002:00000578       __imp_sf_debug_cv_init_chart 0000000180300578     sf_runtime:sf_runtime.dll
 0002:00000580       __imp_sf_debug_cv_init_state 0000000180300580     sf_runtime:sf_runtime.dll
 0002:00000588       __imp_sf_debug_cv_init_trans 0000000180300588     sf_runtime:sf_runtime.dll
 0002:00000590       __imp_cv_eml_init_script   0000000180300590     sf_runtime:sf_runtime.dll
 0002:00000598       __imp_cv_eml_init_fcn      0000000180300598     sf_runtime:sf_runtime.dll
 0002:000005a0       __imp_sf_debug_set_chart_data_compiled_props 00000001803005a0     sf_runtime:sf_runtime.dll
 0002:000005a8       __imp_sf_debug_set_instance_data_value_ptr 00000001803005a8     sf_runtime:sf_runtime.dll
 0002:000005b0       __imp_sf_debug_reset_current_state_configuration 00000001803005b0     sf_runtime:sf_runtime.dll
 0002:000005b8       __imp_sf_mex_decode_encoded_mx_struct_array 00000001803005b8     sf_runtime:sf_runtime.dll
 0002:000005c0       __imp_ssGetInputPortSignal_wrapper 00000001803005c0     sf_runtime:sf_runtime.dll
 0002:000005c8       __imp_ssGetOutputPortSignal_wrapper 00000001803005c8     sf_runtime:sf_runtime.dll
 0002:000005d0       __imp_sim_mode_is_rtw_gen  00000001803005d0     sf_runtime:sf_runtime.dll
 0002:000005d8       __imp_sim_mode_is_external 00000001803005d8     sf_runtime:sf_runtime.dll
 0002:000005e0       __imp_sf_rtw_info_uint_prop 00000001803005e0     sf_runtime:sf_runtime.dll
 0002:000005e8       __imp_sf_is_chart_inlinable 00000001803005e8     sf_runtime:sf_runtime.dll
 0002:000005f0       __imp_sf_update_buildInfo  00000001803005f0     sf_runtime:sf_runtime.dll
 0002:000005f8       __imp_sf_mark_chart_expressionable_inputs 00000001803005f8     sf_runtime:sf_runtime.dll
 0002:00000600       __imp_sf_mark_chart_reusable_outputs 0000000180300600     sf_runtime:sf_runtime.dll
 0002:00000608       __imp_sf_set_rtw_dwork_info 0000000180300608     sf_runtime:sf_runtime.dll
 0002:00000610       __imp_sf_mex_error_message 0000000180300610     sf_runtime:sf_runtime.dll
 0002:00000618       __imp_sf_mex_create        0000000180300618     sf_runtime:sf_runtime.dll
 0002:00000620       __imp_sf_mex_addfield      0000000180300620     sf_runtime:sf_runtime.dll
 0002:00000628       __imp_sf_mex_createcellmatrix 0000000180300628     sf_runtime:sf_runtime.dll
 0002:00000630       __imp_sf_mex_duplicatearraysafe 0000000180300630     sf_runtime:sf_runtime.dll
 0002:00000638       __imp_sf_mex_destroy       0000000180300638     sf_runtime:sf_runtime.dll
 0002:00000640       __imp_sf_mex_createstruct  0000000180300640     sf_runtime:sf_runtime.dll
 0002:00000648       __imp_sf_mex_assign        0000000180300648     sf_runtime:sf_runtime.dll
 0002:00000650       __imp_sf_mex_emlrtNameCapturePostProcessR2012a 0000000180300650     sf_runtime:sf_runtime.dll
 0002:00000658       __imp_sf_load_rtw_optimization_info 0000000180300658     sf_runtime:sf_runtime.dll
 0002:00000660       __imp_sf_debug_initialize_machine 0000000180300660     sf_runtime:sf_runtime.dll
 0002:00000668       __imp_sf_debug_set_machine_event_thresholds 0000000180300668     sf_runtime:sf_runtime.dll
 0002:00000670       __imp_sf_debug_symbol_scope_add_importable 0000000180300670     sf_runtime:sf_runtime.dll
 0002:00000678       __imp_sf_debug_set_machine_data_thresholds 0000000180300678     sf_runtime:sf_runtime.dll
 0002:00000680       \177sf_runtime_NULL_THUNK_DATA 0000000180300680     sf_runtime:sf_runtime.dll
 0002:00000688       __xc_a                     0000000180300688     MSVCRT:cinitexe.obj
 0002:00000690       __xc_z                     0000000180300690     MSVCRT:cinitexe.obj
 0002:00000698       __xi_a                     0000000180300698     MSVCRT:cinitexe.obj
 0002:000006a8       __xi_z                     00000001803006a8     MSVCRT:cinitexe.obj
 0002:000006b0       __real@41cf889ce2000000    00000001803006b0     Walking01_DDA3D_sfun.obj
 0002:000006b8       __real@41e3a3f90f800000    00000001803006b8     Walking01_DDA3D_sfun.obj
 0002:000006c0       __real@41d703a11e800000    00000001803006c0     Walking01_DDA3D_sfun.obj
 0002:000006c8       __real@41ec835feb800000    00000001803006c8     Walking01_DDA3D_sfun.obj
 0002:000006d0       __real@41c62afd6a800000    00000001803006d0     Walking01_DDA3D_sfun.obj
 0002:000006d8       __real@41d780c429400000    00000001803006d8     Walking01_DDA3D_sfun.obj
 0002:000006e0       __real@41e5ee5bc8400000    00000001803006e0     Walking01_DDA3D_sfun.obj
 0002:000006e8       __real@41c3bfc78f800000    00000001803006e8     Walking01_DDA3D_sfun.obj
 0002:000006f0       __real@41cc31beb9000000    00000001803006f0     Walking01_DDA3D_sfun.obj
 0002:000006f8       __real@41e987f8a4600000    00000001803006f8     Walking01_DDA3D_sfun.obj
 0002:00000700       __real@41ecfef680000000    0000000180300700     Walking01_DDA3D_sfun.obj
 0002:00000708       __real@41b852c906000000    0000000180300708     Walking01_DDA3D_sfun.obj
 0002:00000710       __real@41e5c6e88e600000    0000000180300710     Walking01_DDA3D_sfun.obj
 0002:00000718       __real@41db268971400000    0000000180300718     Walking01_DDA3D_sfun.obj
 0002:00000720       __real@41e78b20a3000000    0000000180300720     Walking01_DDA3D_sfun.obj
 0002:00000728       __real@41e44bd65ca00000    0000000180300728     Walking01_DDA3D_sfun.obj
 0002:00000730       __real@41d7d17a3d400000    0000000180300730     c31_Walking01_DDA3D.obj
 0002:00000738       __real@41ec15224c600000    0000000180300738     c31_Walking01_DDA3D.obj
 0002:00000740       __real@41edac0dcd600000    0000000180300740     c31_Walking01_DDA3D.obj
 0002:00000748       __real@41ce9b0e78800000    0000000180300748     c31_Walking01_DDA3D.obj
 0002:00000750       __real@4000000000000000    0000000180300750     c31_Walking01_DDA3D.obj
 0002:00000758       __real@4024000000000000    0000000180300758     c31_Walking01_DDA3D.obj
 0002:00000760       __real@3ff0000000000000    0000000180300760     c31_Walking01_DDA3D.obj
 0002:00000768       __real@402a000000000000    0000000180300768     c31_Walking01_DDA3D.obj
 0002:00000770       __real@4066800000000000    0000000180300770     c31_Walking01_DDA3D.obj
 0002:00000778       __real@400921fb54442d18    0000000180300778     c31_Walking01_DDA3D.obj
 0002:00000780       __real@41dcaa962b000000    0000000180300780     c33_Walking01_DDA3D.obj
 0002:00000788       __real@41e64cb749200000    0000000180300788     c33_Walking01_DDA3D.obj
 0002:00000790       __real@41e98ffbf5000000    0000000180300790     c33_Walking01_DDA3D.obj
 0002:00000798       __real@41ee33b2e1800000    0000000180300798     c33_Walking01_DDA3D.obj
 0002:000007a0       __real@4008000000000000    00000001803007a0     c33_Walking01_DDA3D.obj
 0002:000007a8       __real@3f50624dd2f1a9fc    00000001803007a8     c33_Walking01_DDA3D.obj
 0002:000007b0       __real@401921fb54442d18    00000001803007b0     c33_Walking01_DDA3D.obj
 0002:000007c0       __mask@@NegDouble@         00000001803007c0     c33_Walking01_DDA3D.obj
 0002:000007d0       __real@4014000000000000    00000001803007d0     c33_Walking01_DDA3D.obj
 0002:000007d8       __real@4018000000000000    00000001803007d8     c33_Walking01_DDA3D.obj
 0002:000007e0       __real@bff0000000000000    00000001803007e0     c33_Walking01_DDA3D.obj
 0002:000007e8       __real@0000000000000000    00000001803007e8     c33_Walking01_DDA3D.obj
 0002:000007f0       __real@41e8144606a00000    00000001803007f0     c34_Walking01_DDA3D.obj
 0002:000007f8       __real@41e99be5dca00000    00000001803007f8     c34_Walking01_DDA3D.obj
 0002:00000800       __real@41e3224660000000    0000000180300800     c34_Walking01_DDA3D.obj
 0002:00000808       __real@41d4636cc2000000    0000000180300808     c34_Walking01_DDA3D.obj
 0002:00000810       __real@41e97af89a400000    0000000180300810     c35_Walking01_DDA3D.obj
 0002:00000818       __real@41e1c47081800000    0000000180300818     c35_Walking01_DDA3D.obj
 0002:00000820       __real@41b28fab4d000000    0000000180300820     c35_Walking01_DDA3D.obj
 0002:00000828       __real@41ec06a7b7a00000    0000000180300828     c35_Walking01_DDA3D.obj
 0002:00000830       __real@40c0000000000000    0000000180300830     c35_Walking01_DDA3D.obj
 0002:00000838       __real@404e000000000000    0000000180300838     c35_Walking01_DDA3D.obj
[...]
 0001:002cc6b0       c60_sf_marshallIn          00000001802cd6b0 f   c60_Walking01_DDA3D.obj
 0001:002cc750       c60_b_emlrt_marshallIn     00000001802cd750 f   c60_Walking01_DDA3D.obj
 0001:002cc7e0       c60_b_sf_marshallOut       00000001802cd7e0 f   c60_Walking01_DDA3D.obj
 0001:002cc960       c60_b_sf_marshallIn        00000001802cd960 f   c60_Walking01_DDA3D.obj
 0001:002cca70       c60_d_emlrt_marshallIn     00000001802cda70 f   c60_Walking01_DDA3D.obj
 0001:002ccb70       c60_c_sf_marshallOut       00000001802cdb70 f   c60_Walking01_DDA3D.obj
 0001:002cccc0       c60_d_sf_marshallOut       00000001802cdcc0 f   c60_Walking01_DDA3D.obj
 0001:002cce50       c60_e_sf_marshallOut       00000001802cde50 f   c60_Walking01_DDA3D.obj
 0001:002ccf00       sf_opaque_initialize_c60_Walking01_DDA3D 00000001802cdf00 f   c60_Walking01_DDA3D.obj
 0001:002ccf40       initialize_c60_Walking01_DDA3D 00000001802cdf40 f   c60_Walking01_DDA3D.obj
 0001:002ccf90       sf_opaque_enable_c60_Walking01_DDA3D 00000001802cdf90 f   c60_Walking01_DDA3D.obj
 0001:002ccfb0       enable_c60_Walking01_DDA3D 00000001802cdfb0 f   c60_Walking01_DDA3D.obj
 0001:002ccfe0       sf_opaque_disable_c60_Walking01_DDA3D 00000001802cdfe0 f   c60_Walking01_DDA3D.obj
 0001:002cd000       disable_c60_Walking01_DDA3D 00000001802ce000 f   c60_Walking01_DDA3D.obj
 0001:002cd030       sf_opaque_gateway_c60_Walking01_DDA3D 00000001802ce030 f   c60_Walking01_DDA3D.obj
 0001:002cd050       sf_gateway_c60_Walking01_DDA3D 00000001802ce050 f   c60_Walking01_DDA3D.obj
 0001:002ce2a0       c60_MARLOSafety            00000001802cf2a0 f   c60_Walking01_DDA3D.obj
 0001:002d0d10       c60_MARLOBasicSafetyLimits3 00000001802d1d10 f   c60_Walking01_DDA3D.obj
 0001:002d2150       c60_f_sf_marshallOut       00000001802d3150 f   c60_Walking01_DDA3D.obj
 0001:002d2200       c60_g_sf_marshallOut       00000001802d3200 f   c60_Walking01_DDA3D.obj
 0001:002d2370       c60_c_sf_marshallIn        00000001802d3370 f   c60_Walking01_DDA3D.obj
 0001:002d2470       c60_e_emlrt_marshallIn     00000001802d3470 f   c60_Walking01_DDA3D.obj
 0001:002d2560       c60_d_sf_marshallIn        00000001802d3560 f   c60_Walking01_DDA3D.obj
 0001:002d2680       c60_f_emlrt_marshallIn     00000001802d3680 f   c60_Walking01_DDA3D.obj
 0001:002d2780       c60_h_sf_marshallOut       00000001802d3780 f   c60_Walking01_DDA3D.obj
 0001:002d29d0       c60_i_sf_marshallOut       00000001802d39d0 f   c60_Walking01_DDA3D.obj
 0001:002d2b60       c60_e_sf_marshallIn        00000001802d3b60 f   c60_Walking01_DDA3D.obj
 0001:002d2c80       c60_g_emlrt_marshallIn     00000001802d3c80 f   c60_Walking01_DDA3D.obj
 0001:002d2d70       c60_f_sf_marshallIn        00000001802d3d70 f   c60_Walking01_DDA3D.obj
 0001:002d2e70       c60_h_emlrt_marshallIn     00000001802d3e70 f   c60_Walking01_DDA3D.obj
 0001:002d2f60       c60_g_sf_marshallIn        00000001802d3f60 f   c60_Walking01_DDA3D.obj
 0001:002d3000       c60_i_emlrt_marshallIn     00000001802d4000 f   c60_Walking01_DDA3D.obj
 0001:002d3090       c60_h_sf_marshallIn        00000001802d4090 f   c60_Walking01_DDA3D.obj
 0001:002d3120       c60_j_emlrt_marshallIn     00000001802d4120 f   c60_Walking01_DDA3D.obj
 0001:002d31b0       c60_j_sf_marshallOut       00000001802d41b0 f   c60_Walking01_DDA3D.obj
 0001:002d3340       c60_eml_switch_helper      00000001802d4340 f   c60_Walking01_DDA3D.obj
 0001:002d3350       c60_eml_scalar_eg          00000001802d4350 f   c60_Walking01_DDA3D.obj
 0001:002d3360       c60_mpower                 00000001802d4360 f   c60_Walking01_DDA3D.obj
 0001:002d33e0       c60_b_mpower               00000001802d43e0 f   c60_Walking01_DDA3D.obj
 0001:002d3460       c60_b_eml_scalar_eg        00000001802d4460 f   c60_Walking01_DDA3D.obj
 0001:002d3470       c60_sum                    00000001802d4470 f   c60_Walking01_DDA3D.obj
 0001:002d35b0       c60_isfinite               00000001802d45b0 f   c60_Walking01_DDA3D.obj
 0001:002d3770       c60_any                    00000001802d4770 f   c60_Walking01_DDA3D.obj
 0001:002d3970       c60_abs                    00000001802d4970 f   c60_Walking01_DDA3D.obj
 0001:002d3b70       c60_eml_error              00000001802d4b70 f   c60_Walking01_DDA3D.obj
 0001:002d3cb0       c60_bsearch                00000001802d4cb0 f   c60_Walking01_DDA3D.obj
 0001:002d4a50       c60_b_any                  00000001802d5a50 f   c60_Walking01_DDA3D.obj
 0001:002d4ad0       c60_check_forloop_overflow_error 00000001802d5ad0 f   c60_Walking01_DDA3D.obj
 0001:002d4d00       c60_b_eml_xgemm            00000001802d5d00 f   c60_Walking01_DDA3D.obj
 0001:002d4de0       sf_opaque_get_sim_state_c60_Walking01_DDA3D 00000001802d5de0 f   c60_Walking01_DDA3D.obj
 0001:002d4e30       get_sim_state_c60_Walking01_DDA3D 00000001802d5e30 f   c60_Walking01_DDA3D.obj
 0001:002d5240       sf_opaque_set_sim_state_c60_Walking01_DDA3D 00000001802d6240 f   c60_Walking01_DDA3D.obj
 0001:002d5290       set_sim_state_c60_Walking01_DDA3D 00000001802d6290 f   c60_Walking01_DDA3D.obj
 0001:002d5480       c60_update_debugger_state_c60_Walking01_DDA3D 00000001802d6480 f   c60_Walking01_DDA3D.obj
 0001:002d5490       c60_emlrt_marshallIn       00000001802d6490 f   c60_Walking01_DDA3D.obj
 0001:002d5500       c60_c_emlrt_marshallIn     00000001802d6500 f   c60_Walking01_DDA3D.obj
 0001:002d5570       c60_l_emlrt_marshallIn     00000001802d6570 f   c60_Walking01_DDA3D.obj
 0001:002d55d0       c60_m_emlrt_marshallIn     00000001802d65d0 f   c60_Walking01_DDA3D.obj
 0001:002d5660       sf_opaque_terminate_c60_Walking01_DDA3D 00000001802d6660 f   c60_Walking01_DDA3D.obj
 0001:002d5700       finalize_c60_Walking01_DDA3D 00000001802d6700 f   c60_Walking01_DDA3D.obj
 0001:002d5710       sf_opaque_init_subchart_simstructs 00000001802d6710 f   c60_Walking01_DDA3D.obj
 0001:002d5730       initSimStructsc60_Walking01_DDA3D 00000001802d6730 f   c60_Walking01_DDA3D.obj
 0001:002d5740       mdlRTW_c60_Walking01_DDA3D 00000001802d6740 f   c60_Walking01_DDA3D.obj
 0001:002d57f0       c92_info_helper            00000001802d67f0 f   c92_Walking01_DDA3D.obj
 0001:002dd210       c92_emlrt_marshallOut      00000001802de210 f   c92_Walking01_DDA3D.obj
 0001:002dd2a0       c92_b_emlrt_marshallOut    00000001802de2a0 f   c92_Walking01_DDA3D.obj
 0001:002ddcf0       mdlProcessParameters_c92_Walking01_DDA3D 00000001802decf0 f   c92_Walking01_DDA3D.obj
 0001:002dddd0       initialize_params_c92_Walking01_DDA3D 00000001802dedd0 f   c92_Walking01_DDA3D.obj
 0001:002ddde0       mdlSetWorkWidths_c92_Walking01_DDA3D 00000001802dede0 f   c92_Walking01_DDA3D.obj
 0001:002de310       sf_get_instance_specialization 00000001802df310 f   c92_Walking01_DDA3D.obj
 0001:002de320       mdlStart_c92_Walking01_DDA3D 00000001802df320 f   c92_Walking01_DDA3D.obj
 0001:002de5a0       init_dsm_address_info      00000001802df5a0 f   c92_Walking01_DDA3D.obj
 0001:002de5b0       init_simulink_io_address   00000001802df5b0 f   c92_Walking01_DDA3D.obj
 0001:002de640       sf_get_sim_state_info_c92_Walking01_DDA3D 00000001802df640 f   c92_Walking01_DDA3D.obj
 0001:002de700       chart_debug_initialization 00000001802df700 f   c92_Walking01_DDA3D.obj
 0001:002df0f0       init_script_number_translation 00000001802e00f0 f   c92_Walking01_DDA3D.obj
 0001:002df110       c92_sf_marshallOut         00000001802e0110 f   c92_Walking01_DDA3D.obj
 0001:002df330       c92_sf_marshallIn          00000001802e0330 f   c92_Walking01_DDA3D.obj
 0001:002df4c0       c92_b_emlrt_marshallIn     00000001802e04c0 f   c92_Walking01_DDA3D.obj
 0001:002df5c0       c92_b_sf_marshallOut       00000001802e05c0 f   c92_Walking01_DDA3D.obj
 0001:002df710       c92_c_sf_marshallOut       00000001802e0710 f   c92_Walking01_DDA3D.obj
 0001:002df7c0       sf_opaque_initialize_c92_Walking01_DDA3D 00000001802e07c0 f   c92_Walking01_DDA3D.obj
 0001:002df800       initialize_c92_Walking01_DDA3D 00000001802e0800 f   c92_Walking01_DDA3D.obj
 0001:002df850       sf_opaque_enable_c92_Walking01_DDA3D 00000001802e0850 f   c92_Walking01_DDA3D.obj
 0001:002df870       enable_c92_Walking01_DDA3D 00000001802e0870 f   c92_Walking01_DDA3D.obj
 0001:002df8a0       sf_opaque_disable_c92_Walking01_DDA3D 00000001802e08a0 f   c92_Walking01_DDA3D.obj
 0001:002df8c0       disable_c92_Walking01_DDA3D 00000001802e08c0 f   c92_Walking01_DDA3D.obj
 0001:002df8f0       sf_opaque_gateway_c92_Walking01_DDA3D 00000001802e08f0 f   c92_Walking01_DDA3D.obj
 0001:002df910       sf_gateway_c92_Walking01_DDA3D 00000001802e0910 f   c92_Walking01_DDA3D.obj
 0001:002dfbf0       c92_chartstep_c92_Walking01_DDA3D 00000001802e0bf0 f   c92_Walking01_DDA3D.obj
 0001:002e0640       c92_b_sf_marshallIn        00000001802e1640 f   c92_Walking01_DDA3D.obj
 0001:002e06e0       c92_c_emlrt_marshallIn     00000001802e16e0 f   c92_Walking01_DDA3D.obj
 0001:002e0770       c92_d_sf_marshallOut       00000001802e1770 f   c92_Walking01_DDA3D.obj
 0001:002e0980       c92_c_sf_marshallIn        00000001802e1980 f   c92_Walking01_DDA3D.obj
 0001:002e0b10       c92_d_emlrt_marshallIn     00000001802e1b10 f   c92_Walking01_DDA3D.obj
 0001:002e0c20       c92_e_sf_marshallOut       00000001802e1c20 f   c92_Walking01_DDA3D.obj
 0001:002e0e10       c92_eml_scalar_eg          00000001802e1e10 f   c92_Walking01_DDA3D.obj
 0001:002e0e20       c92_b_eml_xgemm            00000001802e1e20 f   c92_Walking01_DDA3D.obj
 0001:002e0f70       sf_opaque_get_sim_state_c92_Walking01_DDA3D 00000001802e1f70 f   c92_Walking01_DDA3D.obj
 0001:002e0fc0       get_sim_state_c92_Walking01_DDA3D 00000001802e1fc0 f   c92_Walking01_DDA3D.obj
 0001:002e11b0       sf_opaque_set_sim_state_c92_Walking01_DDA3D 00000001802e21b0 f   c92_Walking01_DDA3D.obj
 0001:002e1200       set_sim_state_c92_Walking01_DDA3D 00000001802e2200 f   c92_Walking01_DDA3D.obj
 0001:002e1360       c92_update_debugger_state_c92_Walking01_DDA3D 00000001802e2360 f   c92_Walking01_DDA3D.obj
 0001:002e1370       c92_emlrt_marshallIn       00000001802e2370 f   c92_Walking01_DDA3D.obj
 0001:002e13e0       c92_f_emlrt_marshallIn     00000001802e23e0 f   c92_Walking01_DDA3D.obj
 0001:002e1440       c92_g_emlrt_marshallIn     00000001802e2440 f   c92_Walking01_DDA3D.obj
 0001:002e14d0       sf_opaque_terminate_c92_Walking01_DDA3D 00000001802e24d0 f   c92_Walking01_DDA3D.obj
 0001:002e1570       finalize_c92_Walking01_DDA3D 00000001802e2570 f   c92_Walking01_DDA3D.obj
 0001:002e1580       sf_opaque_init_subchart_simstructs 00000001802e2580 f   c92_Walking01_DDA3D.obj
 0001:002e15a0       initSimStructsc92_Walking01_DDA3D 00000001802e25a0 f   c92_Walking01_DDA3D.obj
 0001:002e15b0       mdlRTW_c92_Walking01_DDA3D 00000001802e25b0 f   c92_Walking01_DDA3D.obj
 0001:002e1670       c93_info_helper            00000001802e2670 f   c93_Walking01_DDA3D.obj
 0001:002eb2e0       c93_emlrt_marshallOut      00000001802ec2e0 f   c93_Walking01_DDA3D.obj
 0001:002eb370       c93_b_emlrt_marshallOut    00000001802ec370 f   c93_Walking01_DDA3D.obj
 0001:002eb3e0       c93_b_info_helper          00000001802ec3e0 f   c93_Walking01_DDA3D.obj
 0001:002f00d0       mdlProcessParameters_c93_Walking01_DDA3D 00000001802f10d0 f   c93_Walking01_DDA3D.obj
 0001:002f01b0       initialize_params_c93_Walking01_DDA3D 00000001802f11b0 f   c93_Walking01_DDA3D.obj
 0001:002f01c0       mdlSetWorkWidths_c93_Walking01_DDA3D 00000001802f11c0 f   c93_Walking01_DDA3D.obj
 0001:002f06c0       sf_get_instance_specialization 00000001802f16c0 f   c93_Walking01_DDA3D.obj
 0001:002f06d0       mdlStart_c93_Walking01_DDA3D 00000001802f16d0 f   c93_Walking01_DDA3D.obj
 0001:002f0950       init_dsm_address_info      00000001802f1950 f   c93_Walking01_DDA3D.obj
 0001:002f0960       init_simulink_io_address   00000001802f1960 f   c93_Walking01_DDA3D.obj
 0001:002f09d0       sf_get_sim_state_info_c93_Walking01_DDA3D 00000001802f19d0 f   c93_Walking01_DDA3D.obj
 0001:002f0a90       chart_debug_initialization 00000001802f1a90 f   c93_Walking01_DDA3D.obj
 0001:002f1680       init_script_number_translation 00000001802f2680 f   c93_Walking01_DDA3D.obj
 0001:002f16d0       c93_sf_marshallOut         00000001802f26d0 f   c93_Walking01_DDA3D.obj
 0001:002f1920       c93_sf_marshallIn          00000001802f2920 f   c93_Walking01_DDA3D.obj
 0001:002f1a60       c93_b_emlrt_marshallIn     00000001802f2a60 f   c93_Walking01_DDA3D.obj
 0001:002f1b70       c93_b_sf_marshallOut       00000001802f2b70 f   c93_Walking01_DDA3D.obj
 0001:002f1c20       c93_c_sf_marshallOut       00000001802f2c20 f   c93_Walking01_DDA3D.obj
 0001:002f1f40       sf_opaque_initialize_c93_Walking01_DDA3D 00000001802f2f40 f   c93_Walking01_DDA3D.obj
 0001:002f1f80       initialize_c93_Walking01_DDA3D 00000001802f2f80 f   c93_Walking01_DDA3D.obj
 0001:002f1fd0       sf_opaque_enable_c93_Walking01_DDA3D 00000001802f2fd0 f   c93_Walking01_DDA3D.obj
 0001:002f1ff0       enable_c93_Walking01_DDA3D 00000001802f2ff0 f   c93_Walking01_DDA3D.obj
 0001:002f2020       sf_opaque_disable_c93_Walking01_DDA3D 00000001802f3020 f   c93_Walking01_DDA3D.obj
 0001:002f2040       disable_c93_Walking01_DDA3D 00000001802f3040 f   c93_Walking01_DDA3D.obj
 0001:002f2070       sf_opaque_gateway_c93_Walking01_DDA3D 00000001802f3070 f   c93_Walking01_DDA3D.obj
 0001:002f2090       sf_gateway_c93_Walking01_DDA3D 00000001802f3090 f   c93_Walking01_DDA3D.obj
 0001:002f2f20       c93_interpolateRoughGround 00000001802f3f20 f   c93_Walking01_DDA3D.obj
 0001:002f43b0       c93_b_sf_marshallIn        00000001802f53b0 f   c93_Walking01_DDA3D.obj
 0001:002f4450       c93_c_emlrt_marshallIn     00000001802f5450 f   c93_Walking01_DDA3D.obj
 0001:002f44e0       c93_d_sf_marshallOut       00000001802f54e0 f   c93_Walking01_DDA3D.obj
 0001:002f4670       c93_c_sf_marshallIn        00000001802f5670 f   c93_Walking01_DDA3D.obj
 0001:002f4800       c93_d_emlrt_marshallIn     00000001802f5800 f   c93_Walking01_DDA3D.obj
 0001:002f4910       c93_e_sf_marshallOut       00000001802f5910 f   c93_Walking01_DDA3D.obj
 0001:002f4a50       c93_d_sf_marshallIn        00000001802f5a50 f   c93_Walking01_DDA3D.obj
 0001:002f4b20       c93_e_emlrt_marshallIn     00000001802f5b20 f   c93_Walking01_DDA3D.obj
 0001:002f4c00       c93_e_sf_marshallIn        00000001802f5c00 f   c93_Walking01_DDA3D.obj
 0001:002f4d00       c93_f_emlrt_marshallIn     00000001802f5d00 f   c93_Walking01_DDA3D.obj
 0001:002f4e10       c93_eml_sort               00000001802f5e10 f   c93_Walking01_DDA3D.obj
 0001:002f4ec0       c93_eml_sort_idx           00000001802f5ec0 f   c93_Walking01_DDA3D.obj
 0001:002f68c0       c93_eml_switch_helper      00000001802f78c0 f   c93_Walking01_DDA3D.obj
 0001:002f68d0       c93_check_forloop_overflow_error 00000001802f78d0 f   c93_Walking01_DDA3D.obj
 0001:002f6ad0       sf_opaque_get_sim_state_c93_Walking01_DDA3D 00000001802f7ad0 f   c93_Walking01_DDA3D.obj
 0001:002f6b20       get_sim_state_c93_Walking01_DDA3D 00000001802f7b20 f   c93_Walking01_DDA3D.obj
 0001:002f6d20       sf_opaque_set_sim_state_c93_Walking01_DDA3D 00000001802f7d20 f   c93_Walking01_DDA3D.obj
 0001:002f6d70       set_sim_state_c93_Walking01_DDA3D 00000001802f7d70 f   c93_Walking01_DDA3D.obj
 0001:002f6ed0       c93_update_debugger_state_c93_Walking01_DDA3D 00000001802f7ed0 f   c93_Walking01_DDA3D.obj
 0001:002f6ee0       c93_emlrt_marshallIn       00000001802f7ee0 f   c93_Walking01_DDA3D.obj
 0001:002f6f50       c93_h_emlrt_marshallIn     00000001802f7f50 f   c93_Walking01_DDA3D.obj
 0001:002f6fb0       c93_i_emlrt_marshallIn     00000001802f7fb0 f   c93_Walking01_DDA3D.obj
 0001:002f7040       sf_opaque_terminate_c93_Walking01_DDA3D 00000001802f8040 f   c93_Walking01_DDA3D.obj
 0001:002f70e0       finalize_c93_Walking01_DDA3D 00000001802f80e0 f   c93_Walking01_DDA3D.obj
 0001:002f70f0       sf_opaque_init_subchart_simstructs 00000001802f80f0 f   c93_Walking01_DDA3D.obj
 0001:002f7110       initSimStructsc93_Walking01_DDA3D 00000001802f8110 f   c93_Walking01_DDA3D.obj
 0001:002f7120       mdlRTW_c93_Walking01_DDA3D 00000001802f8120 f   c93_Walking01_DDA3D.obj
 0001:002f7f20       getChartInfoFromSimStruct  00000001802f8f20 f   Walking01_DDA3D_sfun_registry.obj
 0001:002f95c0       _ssFatalError              00000001802fa5c0 f   Walking01_DDA3D_sfun_registry.obj
 0001:002fc670       ProcessMexSfunctionCmdLineCall 00000001802fd670 f   Walking01_DDA3D_sfun_registry.obj
 0001:002fc840       sf_debug_api_wrapper       00000001802fd840 f   Walking01_DDA3D_sfun_registry.obj
 0001:002fc890       mdlStart                   00000001802fd890 f   Walking01_DDA3D_sfun_registry.obj
 0001:002fc8c0       mdl_start_processing       00000001802fd8c0 f   Walking01_DDA3D_sfun_registry.obj
 0001:002fc980       mdlTerminate               00000001802fd980 f   Walking01_DDA3D_sfun_registry.obj
 0001:002fc9b0       mdl_terminate_processing   00000001802fd9b0 f   Walking01_DDA3D_sfun_registry.obj
 0001:002fca30       mdlInitializeSampleTimes   00000001802fda30 f   Walking01_DDA3D_sfun_registry.obj
 0001:002fca60       mdlZeroCrossings           00000001802fda60 f   Walking01_DDA3D_sfun_registry.obj
 0001:002fca90       mdl_zeroCrossings_processing 00000001802fda90 f   Walking01_DDA3D_sfun_registry.obj
 0001:002fcad0       mdlDerivatives             00000001802fdad0 f   Walking01_DDA3D_sfun_registry.obj
 0001:002fcb00       mdl_derivatives_processing 00000001802fdb00 f   Walking01_DDA3D_sfun_registry.obj
 0001:002fcb50       mdlInitializeConditions    00000001802fdb50 f   Walking01_DDA3D_sfun_registry.obj
 0001:002fcb80       mdl_initialize_conditions_processing 00000001802fdb80 f   Walking01_DDA3D_sfun_registry.obj
 0001:002fcbd0       mdlEnable                  00000001802fdbd0 f   Walking01_DDA3D_sfun_registry.obj
 0001:002fcc00       mdl_enable_processing      00000001802fdc00 f   Walking01_DDA3D_sfun_registry.obj
 0001:002fcc40       mdlDisable                 00000001802fdc40 f   Walking01_DDA3D_sfun_registry.obj
 0001:002fcc70       mdl_disable_processing     00000001802fdc70 f   Walking01_DDA3D_sfun_registry.obj
 0001:002fccb0       mdlOutputs                 00000001802fdcb0 f   Walking01_DDA3D_sfun_registry.obj
 0001:002fcce0       mdl_outputs_processing     00000001802fdce0 f   Walking01_DDA3D_sfun_registry.obj
 0001:002fcdc0       mdl_outputs_continuous_legacy 00000001802fddc0 f   Walking01_DDA3D_sfun_registry.obj
 0001:002fceb0       mdlGetTimeOfNextVarHit     00000001802fdeb0 f   Walking01_DDA3D_sfun_registry.obj
 0001:002fcf00       _ProcessMexSfunctionCmdLineCall 00000001802fdf00 f   Walking01_DDA3D_sfun_registry.obj
 0001:002fd650       mdlSetWorkWidths           00000001802fe650 f   Walking01_DDA3D_sfun_registry.obj
 0001:002fd680       mdlProcessParameters       00000001802fe680 f   Walking01_DDA3D_sfun_registry.obj
 0001:002fd6b0       mdlInitializeSizes         00000001802fe6b0 f   Walking01_DDA3D_sfun_registry.obj
 0001:002fd6e0       mdlExtModeExec             00000001802fe6e0 f   Walking01_DDA3D_sfun_registry.obj
 0001:002fd710       mdl_ext_mode_exec_processing 00000001802fe710 f   Walking01_DDA3D_sfun_registry.obj
 0001:002fd750       mdlRTW                     00000001802fe750 f   Walking01_DDA3D_sfun_registry.obj
 0001:002fd790       _CreateSimStruct           00000001802fe790 f   Walking01_DDA3D_sfun_registry.obj
 0001:002fd920       _RegNumInputPortsCB        00000001802fe920 f   Walking01_DDA3D_sfun_registry.obj
 0001:002fd9a0       _RegNumOutputPortsCB       00000001802fe9a0 f   Walking01_DDA3D_sfun_registry.obj
 0001:002fe0d0       pre_c_init                 00000001802ff0d0 f   MSVCRT:crtdll.obj
 0001:002fe38c       __DllMainCRTStartup        00000001802ff38c f   MSVCRT:crtdll.obj
 0001:002fe9f0       __DllMainCRTStartup$filt$0 00000001802ff9f0 f   MSVCRT:crtdll.obj
 0001:002fea20       __DllMainCRTStartup$fin$1  00000001802ffa20 f   MSVCRT:crtdll.obj
 0001:002fea3a       _onexit$fin$0              00000001802ffa3a f   MSVCRT:atonexit.obj
 0001:002fea60       _IsNonwritableInCurrentImage$filt$0 00000001802ffa60 f   MSVCRT:pesect.obj
