 Walking_ATRIAS_sfun

 Timestamp is 578fff62 (Wed Jul 20 18:46:58 2016)

 Preferred load address is 0000000180000000

 Start         Length     Name                   Class
 0001:00000000 000e3044H .text                   CODE
 0001:000e3050 00000092H .text$x                 CODE
 0002:00000000 000005e8H .idata$5                DATA
 0002:000005e8 00000008H .CRT$XCA                DATA
 0002:000005f0 00000008H .CRT$XCZ                DATA
 0002:000005f8 00000008H .CRT$XIA                DATA
 0002:00000600 00000008H .CRT$XIAA               DATA
 0002:00000608 00000008H .CRT$XIZ                DATA
 0002:00000610 000009ecH .rdata                  DATA
 0002:00001000 00000008H .rtc$IAA                DATA
 0002:00001008 00000008H .rtc$IZZ                DATA
 0002:00001010 00000008H .rtc$TAA                DATA
 0002:00001018 00000008H .rtc$TZZ                DATA
 0002:00001020 000025c4H .xdata                  DATA
 0002:000035e4 0000008cH .idata$2                DATA
 0002:00003670 00000014H .idata$3                DATA
 0002:00003688 000005e8H .idata$4                DATA
 0002:00003c70 000010d4H .idata$6                DATA
 0002:00004d50 00000059H .edata                  DATA
 0003:00000000 000403e8H .data                   DATA
 0003:000403f0 00000868H .bss                    DATA
 0004:00000000 00003024H .pdata                  DATA

  Address         Publics by Value              Rva+Base               Lib:Object

 0000:00000000       ___safe_se_handler_count   0000000000000000     <absolute>
 0000:00000000       ___safe_se_handler_table   0000000000000000     <absolute>
 0000:00000000       __ImageBase                0000000180000000     <linker-defined>
 0001:00000000       Walking_ATRIAS_initializer 0000000180001000 f   Walking_ATRIAS_sfun.obj
 0001:00000010       Walking_ATRIAS_terminator  0000000180001010 f   Walking_ATRIAS_sfun.obj
 0001:00000020       sf_Walking_ATRIAS_method_dispatcher 0000000180001020 f   Walking_ATRIAS_sfun.obj
 0001:000002c0       sf_Walking_ATRIAS_uses_exported_functions 00000001800012c0 f   Walking_ATRIAS_sfun.obj
 0001:00000300       sf_Walking_ATRIAS_process_testpoint_info_call 0000000180001300 f   Walking_ATRIAS_sfun.obj
 0001:000004d0       sf_Walking_ATRIAS_process_check_sum_call 00000001800014d0 f   Walking_ATRIAS_sfun.obj
 0001:00000a90       sf_Walking_ATRIAS_autoinheritance_info 0000000180001a90 f   Walking_ATRIAS_sfun.obj
 0001:00001160       sf_Walking_ATRIAS_get_eml_resolved_functions_info 0000000180002160 f   Walking_ATRIAS_sfun.obj
 0001:000016f0       sf_Walking_ATRIAS_third_party_uses_info 00000001800026f0 f   Walking_ATRIAS_sfun.obj
 0001:00001bc0       sf_Walking_ATRIAS_jit_fallback_info 0000000180002bc0 f   Walking_ATRIAS_sfun.obj
 0001:00002090       sf_Walking_ATRIAS_updateBuildInfo_args_info 0000000180003090 f   Walking_ATRIAS_sfun.obj
 0001:00002560       sf_Walking_ATRIAS_get_post_codegen_info 0000000180003560 f   Walking_ATRIAS_sfun.obj
 0001:00002a00       Walking_ATRIAS_debug_initialize 0000000180003a00 f   Walking_ATRIAS_sfun.obj
 0001:00002a80       Walking_ATRIAS_register_exported_symbols 0000000180003a80 f   Walking_ATRIAS_sfun.obj
 0001:00002a90       load_Walking_ATRIAS_optimization_info 0000000180003a90 f   Walking_ATRIAS_sfun.obj
 0001:00002ae0       unload_Walking_ATRIAS_optimization_info 0000000180003ae0 f   Walking_ATRIAS_sfun.obj
 0001:00002b10       sf_c1_Walking_ATRIAS_get_eml_resolved_functions_info 0000000180003b10 f   c1_Walking_ATRIAS.obj
 0001:0000deb0       sf_c1_Walking_ATRIAS_get_check_sum 000000018000eeb0 f   c1_Walking_ATRIAS.obj
 0001:0000df30       sf_c1_Walking_ATRIAS_get_autoinheritance_info 000000018000ef30 f   c1_Walking_ATRIAS.obj
 0001:0000f2f0       sf_c1_Walking_ATRIAS_third_party_uses_info 00000001800102f0 f   c1_Walking_ATRIAS.obj
 0001:0000f320       sf_c1_Walking_ATRIAS_jit_fallback_info 0000000180010320 f   c1_Walking_ATRIAS.obj
 0001:0000f3f0       sf_c1_Walking_ATRIAS_updateBuildInfo_args_info 00000001800103f0 f   c1_Walking_ATRIAS.obj
 0001:0000f420       sf_c1_Walking_ATRIAS_get_post_codegen_info 0000000180010420 f   c1_Walking_ATRIAS.obj
 0001:0000f4f0       c1_Walking_ATRIAS_method_dispatcher 00000001800104f0 f   c1_Walking_ATRIAS.obj
 0001:00018a10       sf_c2_Walking_ATRIAS_get_eml_resolved_functions_info 0000000180019a10 f   c2_Walking_ATRIAS.obj
 0001:0001f480       sf_c2_Walking_ATRIAS_get_check_sum 0000000180020480 f   c2_Walking_ATRIAS.obj
 0001:0001f500       sf_c2_Walking_ATRIAS_get_autoinheritance_info 0000000180020500 f   c2_Walking_ATRIAS.obj
 0001:000204f0       sf_c2_Walking_ATRIAS_third_party_uses_info 00000001800214f0 f   c2_Walking_ATRIAS.obj
 0001:00020520       sf_c2_Walking_ATRIAS_jit_fallback_info 0000000180021520 f   c2_Walking_ATRIAS.obj
 0001:000205f0       sf_c2_Walking_ATRIAS_updateBuildInfo_args_info 00000001800215f0 f   c2_Walking_ATRIAS.obj
 0001:00020620       sf_c2_Walking_ATRIAS_get_post_codegen_info 0000000180021620 f   c2_Walking_ATRIAS.obj
 0001:000206f0       c2_Walking_ATRIAS_method_dispatcher 00000001800216f0 f   c2_Walking_ATRIAS.obj
 0001:0002b770       sf_c4_Walking_ATRIAS_get_eml_resolved_functions_info 000000018002c770 f   c4_Walking_ATRIAS.obj
 0001:0002ec00       sf_c4_Walking_ATRIAS_get_check_sum 000000018002fc00 f   c4_Walking_ATRIAS.obj
 0001:0002ec80       sf_c4_Walking_ATRIAS_get_autoinheritance_info 000000018002fc80 f   c4_Walking_ATRIAS.obj
 0001:0002f4c0       sf_c4_Walking_ATRIAS_third_party_uses_info 00000001800304c0 f   c4_Walking_ATRIAS.obj
 0001:0002f4f0       sf_c4_Walking_ATRIAS_jit_fallback_info 00000001800304f0 f   c4_Walking_ATRIAS.obj
 0001:0002f5c0       sf_c4_Walking_ATRIAS_updateBuildInfo_args_info 00000001800305c0 f   c4_Walking_ATRIAS.obj
 0001:0002f5f0       sf_c4_Walking_ATRIAS_get_post_codegen_info 00000001800305f0 f   c4_Walking_ATRIAS.obj
 0001:0002f6c0       c4_Walking_ATRIAS_method_dispatcher 00000001800306c0 f   c4_Walking_ATRIAS.obj
 0001:00032320       sf_c31_Walking_ATRIAS_get_eml_resolved_functions_info 0000000180033320 f   c31_Walking_ATRIAS.obj
 0001:00037780       sf_c31_Walking_ATRIAS_get_check_sum 0000000180038780 f   c31_Walking_ATRIAS.obj
 0001:00037800       sf_c31_Walking_ATRIAS_get_autoinheritance_info 0000000180038800 f   c31_Walking_ATRIAS.obj
 0001:00037db0       sf_c31_Walking_ATRIAS_third_party_uses_info 0000000180038db0 f   c31_Walking_ATRIAS.obj
 0001:00037de0       sf_c31_Walking_ATRIAS_jit_fallback_info 0000000180038de0 f   c31_Walking_ATRIAS.obj
 0001:00037eb0       sf_c31_Walking_ATRIAS_updateBuildInfo_args_info 0000000180038eb0 f   c31_Walking_ATRIAS.obj
 0001:00037ee0       sf_c31_Walking_ATRIAS_get_post_codegen_info 0000000180038ee0 f   c31_Walking_ATRIAS.obj
 0001:00037fb0       c31_Walking_ATRIAS_method_dispatcher 0000000180038fb0 f   c31_Walking_ATRIAS.obj
 0001:0003adc0       sf_c35_Walking_ATRIAS_get_eml_resolved_functions_info 000000018003bdc0 f   c35_Walking_ATRIAS.obj
 0001:0003c4e0       sf_c35_Walking_ATRIAS_get_check_sum 000000018003d4e0 f   c35_Walking_ATRIAS.obj
 0001:0003c560       sf_c35_Walking_ATRIAS_get_autoinheritance_info 000000018003d560 f   c35_Walking_ATRIAS.obj
 0001:0003c9c0       sf_c35_Walking_ATRIAS_third_party_uses_info 000000018003d9c0 f   c35_Walking_ATRIAS.obj
 0001:0003c9f0       sf_c35_Walking_ATRIAS_jit_fallback_info 000000018003d9f0 f   c35_Walking_ATRIAS.obj
 0001:0003cac0       sf_c35_Walking_ATRIAS_updateBuildInfo_args_info 000000018003dac0 f   c35_Walking_ATRIAS.obj
 0001:0003caf0       sf_c35_Walking_ATRIAS_get_post_codegen_info 000000018003daf0 f   c35_Walking_ATRIAS.obj
 0001:0003cbc0       c35_Walking_ATRIAS_method_dispatcher 000000018003dbc0 f   c35_Walking_ATRIAS.obj
 0001:0003f150       sf_c36_Walking_ATRIAS_get_eml_resolved_functions_info 0000000180040150 f   c36_Walking_ATRIAS.obj
 0001:00040870       sf_c36_Walking_ATRIAS_get_check_sum 0000000180041870 f   c36_Walking_ATRIAS.obj
 0001:000408f0       sf_c36_Walking_ATRIAS_get_autoinheritance_info 00000001800418f0 f   c36_Walking_ATRIAS.obj
 0001:00040d50       sf_c36_Walking_ATRIAS_third_party_uses_info 0000000180041d50 f   c36_Walking_ATRIAS.obj
 0001:00040d80       sf_c36_Walking_ATRIAS_jit_fallback_info 0000000180041d80 f   c36_Walking_ATRIAS.obj
 0001:00040e50       sf_c36_Walking_ATRIAS_updateBuildInfo_args_info 0000000180041e50 f   c36_Walking_ATRIAS.obj
 0001:00040e80       sf_c36_Walking_ATRIAS_get_post_codegen_info 0000000180041e80 f   c36_Walking_ATRIAS.obj
 0001:00040f50       c36_Walking_ATRIAS_method_dispatcher 0000000180041f50 f   c36_Walking_ATRIAS.obj
 0001:000435d0       sf_c37_Walking_ATRIAS_get_eml_resolved_functions_info 00000001800445d0 f   c37_Walking_ATRIAS.obj
 0001:00044cf0       sf_c37_Walking_ATRIAS_get_check_sum 0000000180045cf0 f   c37_Walking_ATRIAS.obj
 0001:00044d70       sf_c37_Walking_ATRIAS_get_autoinheritance_info 0000000180045d70 f   c37_Walking_ATRIAS.obj
 0001:000451d0       sf_c37_Walking_ATRIAS_third_party_uses_info 00000001800461d0 f   c37_Walking_ATRIAS.obj
 0001:00045200       sf_c37_Walking_ATRIAS_jit_fallback_info 0000000180046200 f   c37_Walking_ATRIAS.obj
 0001:000452d0       sf_c37_Walking_ATRIAS_updateBuildInfo_args_info 00000001800462d0 f   c37_Walking_ATRIAS.obj
 0001:00045300       sf_c37_Walking_ATRIAS_get_post_codegen_info 0000000180046300 f   c37_Walking_ATRIAS.obj
 0001:000453d0       c37_Walking_ATRIAS_method_dispatcher 00000001800463d0 f   c37_Walking_ATRIAS.obj
 0001:00047ad0       sf_c38_Walking_ATRIAS_get_eml_resolved_functions_info 0000000180048ad0 f   c38_Walking_ATRIAS.obj
 0001:000491f0       sf_c38_Walking_ATRIAS_get_check_sum 000000018004a1f0 f   c38_Walking_ATRIAS.obj
 0001:00049270       sf_c38_Walking_ATRIAS_get_autoinheritance_info 000000018004a270 f   c38_Walking_ATRIAS.obj
 0001:000496d0       sf_c38_Walking_ATRIAS_third_party_uses_info 000000018004a6d0 f   c38_Walking_ATRIAS.obj
 0001:00049700       sf_c38_Walking_ATRIAS_jit_fallback_info 000000018004a700 f   c38_Walking_ATRIAS.obj
 0001:000497d0       sf_c38_Walking_ATRIAS_updateBuildInfo_args_info 000000018004a7d0 f   c38_Walking_ATRIAS.obj
 0001:00049800       sf_c38_Walking_ATRIAS_get_post_codegen_info 000000018004a800 f   c38_Walking_ATRIAS.obj
 0001:000498d0       c38_Walking_ATRIAS_method_dispatcher 000000018004a8d0 f   c38_Walking_ATRIAS.obj
 0001:0004c040       sf_c39_Walking_ATRIAS_get_eml_resolved_functions_info 000000018004d040 f   c39_Walking_ATRIAS.obj
 0001:0004eb00       sf_c39_Walking_ATRIAS_get_check_sum 000000018004fb00 f   c39_Walking_ATRIAS.obj
 0001:0004eb80       sf_c39_Walking_ATRIAS_get_autoinheritance_info 000000018004fb80 f   c39_Walking_ATRIAS.obj
 0001:0004efe0       sf_c39_Walking_ATRIAS_third_party_uses_info 000000018004ffe0 f   c39_Walking_ATRIAS.obj
 0001:0004f010       sf_c39_Walking_ATRIAS_jit_fallback_info 0000000180050010 f   c39_Walking_ATRIAS.obj
 0001:0004f0e0       sf_c39_Walking_ATRIAS_updateBuildInfo_args_info 00000001800500e0 f   c39_Walking_ATRIAS.obj
 0001:0004f110       sf_c39_Walking_ATRIAS_get_post_codegen_info 0000000180050110 f   c39_Walking_ATRIAS.obj
 0001:0004f1e0       c39_Walking_ATRIAS_method_dispatcher 00000001800501e0 f   c39_Walking_ATRIAS.obj
 0001:00052480       sf_c43_Walking_ATRIAS_get_eml_resolved_functions_info 0000000180053480 f   c43_Walking_ATRIAS.obj
 0001:00052500       sf_c43_Walking_ATRIAS_get_check_sum 0000000180053500 f   c43_Walking_ATRIAS.obj
 0001:00052580       sf_c43_Walking_ATRIAS_get_autoinheritance_info 0000000180053580 f   c43_Walking_ATRIAS.obj
 0001:00053320       sf_c43_Walking_ATRIAS_third_party_uses_info 0000000180054320 f   c43_Walking_ATRIAS.obj
 0001:00053350       sf_c43_Walking_ATRIAS_jit_fallback_info 0000000180054350 f   c43_Walking_ATRIAS.obj
 0001:00053420       sf_c43_Walking_ATRIAS_updateBuildInfo_args_info 0000000180054420 f   c43_Walking_ATRIAS.obj
 0001:00053450       sf_c43_Walking_ATRIAS_get_post_codegen_info 0000000180054450 f   c43_Walking_ATRIAS.obj
 0001:00053520       sf_c43_Walking_ATRIAS_get_testpoint_info 0000000180054520 f   c43_Walking_ATRIAS.obj
 0001:00053530       c43_Walking_ATRIAS_method_dispatcher 0000000180054530 f   c43_Walking_ATRIAS.obj
 0001:00060f80       sf_c44_Walking_ATRIAS_get_eml_resolved_functions_info 0000000180061f80 f   c44_Walking_ATRIAS.obj
 0001:00061000       sf_c44_Walking_ATRIAS_get_check_sum 0000000180062000 f   c44_Walking_ATRIAS.obj
 0001:00061080       sf_c44_Walking_ATRIAS_get_autoinheritance_info 0000000180062080 f   c44_Walking_ATRIAS.obj
 0001:00061e20       sf_c44_Walking_ATRIAS_third_party_uses_info 0000000180062e20 f   c44_Walking_ATRIAS.obj
 0001:00061e50       sf_c44_Walking_ATRIAS_jit_fallback_info 0000000180062e50 f   c44_Walking_ATRIAS.obj
 0001:00061f20       sf_c44_Walking_ATRIAS_updateBuildInfo_args_info 0000000180062f20 f   c44_Walking_ATRIAS.obj
 0001:00061f50       sf_c44_Walking_ATRIAS_get_post_codegen_info 0000000180062f50 f   c44_Walking_ATRIAS.obj
 0001:00062020       sf_c44_Walking_ATRIAS_get_testpoint_info 0000000180063020 f   c44_Walking_ATRIAS.obj
 0001:00062030       c44_Walking_ATRIAS_method_dispatcher 0000000180063030 f   c44_Walking_ATRIAS.obj
 0001:0006fa90       sf_c45_Walking_ATRIAS_get_eml_resolved_functions_info 0000000180070a90 f   c45_Walking_ATRIAS.obj
 0001:0006fb10       sf_c45_Walking_ATRIAS_get_check_sum 0000000180070b10 f   c45_Walking_ATRIAS.obj
 0001:0006fb90       sf_c45_Walking_ATRIAS_get_autoinheritance_info 0000000180070b90 f   c45_Walking_ATRIAS.obj
 0001:00070930       sf_c45_Walking_ATRIAS_third_party_uses_info 0000000180071930 f   c45_Walking_ATRIAS.obj
 0001:00070960       sf_c45_Walking_ATRIAS_jit_fallback_info 0000000180071960 f   c45_Walking_ATRIAS.obj
 0001:00070a30       sf_c45_Walking_ATRIAS_updateBuildInfo_args_info 0000000180071a30 f   c45_Walking_ATRIAS.obj
 0001:00070a60       sf_c45_Walking_ATRIAS_get_post_codegen_info 0000000180071a60 f   c45_Walking_ATRIAS.obj
 0001:00070b30       sf_c45_Walking_ATRIAS_get_testpoint_info 0000000180071b30 f   c45_Walking_ATRIAS.obj
 0001:00070b40       c45_Walking_ATRIAS_method_dispatcher 0000000180071b40 f   c45_Walking_ATRIAS.obj
 0001:0007e590       sf_c46_Walking_ATRIAS_get_eml_resolved_functions_info 000000018007f590 f   c46_Walking_ATRIAS.obj
 0001:0007e610       sf_c46_Walking_ATRIAS_get_check_sum 000000018007f610 f   c46_Walking_ATRIAS.obj
 0001:0007e690       sf_c46_Walking_ATRIAS_get_autoinheritance_info 000000018007f690 f   c46_Walking_ATRIAS.obj
 0001:0007f430       sf_c46_Walking_ATRIAS_third_party_uses_info 0000000180080430 f   c46_Walking_ATRIAS.obj
 0001:0007f460       sf_c46_Walking_ATRIAS_jit_fallback_info 0000000180080460 f   c46_Walking_ATRIAS.obj
 0001:0007f530       sf_c46_Walking_ATRIAS_updateBuildInfo_args_info 0000000180080530 f   c46_Walking_ATRIAS.obj
 0001:0007f560       sf_c46_Walking_ATRIAS_get_post_codegen_info 0000000180080560 f   c46_Walking_ATRIAS.obj
 0001:0007f630       sf_c46_Walking_ATRIAS_get_testpoint_info 0000000180080630 f   c46_Walking_ATRIAS.obj
 0001:0007f640       c46_Walking_ATRIAS_method_dispatcher 0000000180080640 f   c46_Walking_ATRIAS.obj
 0001:0008d0a0       sf_c48_Walking_ATRIAS_get_eml_resolved_functions_info 000000018008e0a0 f   c48_Walking_ATRIAS.obj
 0001:0008d120       sf_c48_Walking_ATRIAS_get_check_sum 000000018008e120 f   c48_Walking_ATRIAS.obj
 0001:0008d1a0       sf_c48_Walking_ATRIAS_get_autoinheritance_info 000000018008e1a0 f   c48_Walking_ATRIAS.obj
 0001:0008d600       sf_c48_Walking_ATRIAS_third_party_uses_info 000000018008e600 f   c48_Walking_ATRIAS.obj
 0001:0008d630       sf_c48_Walking_ATRIAS_jit_fallback_info 000000018008e630 f   c48_Walking_ATRIAS.obj
 0001:0008d700       sf_c48_Walking_ATRIAS_updateBuildInfo_args_info 000000018008e700 f   c48_Walking_ATRIAS.obj
 0001:0008d730       sf_c48_Walking_ATRIAS_get_post_codegen_info 000000018008e730 f   c48_Walking_ATRIAS.obj
 0001:0008d800       c48_Walking_ATRIAS_method_dispatcher 000000018008e800 f   c48_Walking_ATRIAS.obj
 0001:0008fcc0       sf_c49_Walking_ATRIAS_get_eml_resolved_functions_info 0000000180090cc0 f   c49_Walking_ATRIAS.obj
 0001:00098490       sf_c49_Walking_ATRIAS_get_check_sum 0000000180099490 f   c49_Walking_ATRIAS.obj
 0001:00098510       sf_c49_Walking_ATRIAS_get_autoinheritance_info 0000000180099510 f   c49_Walking_ATRIAS.obj
 0001:000994f0       sf_c49_Walking_ATRIAS_third_party_uses_info 000000018009a4f0 f   c49_Walking_ATRIAS.obj
 0001:00099520       sf_c49_Walking_ATRIAS_jit_fallback_info 000000018009a520 f   c49_Walking_ATRIAS.obj
 0001:000995f0       sf_c49_Walking_ATRIAS_updateBuildInfo_args_info 000000018009a5f0 f   c49_Walking_ATRIAS.obj
 0001:00099620       sf_c49_Walking_ATRIAS_get_post_codegen_info 000000018009a620 f   c49_Walking_ATRIAS.obj
 0001:000996f0       c49_Walking_ATRIAS_method_dispatcher 000000018009a6f0 f   c49_Walking_ATRIAS.obj
 0001:000a4cb0       sf_c50_Walking_ATRIAS_get_eml_resolved_functions_info 00000001800a5cb0 f   c50_Walking_ATRIAS.obj
 0001:000a5ef0       sf_c50_Walking_ATRIAS_get_check_sum 00000001800a6ef0 f   c50_Walking_ATRIAS.obj
 0001:000a5f70       sf_c50_Walking_ATRIAS_get_autoinheritance_info 00000001800a6f70 f   c50_Walking_ATRIAS.obj
 0001:000a6660       sf_c50_Walking_ATRIAS_third_party_uses_info 00000001800a7660 f   c50_Walking_ATRIAS.obj
 0001:000a6690       sf_c50_Walking_ATRIAS_jit_fallback_info 00000001800a7690 f   c50_Walking_ATRIAS.obj
 0001:000a6760       sf_c50_Walking_ATRIAS_updateBuildInfo_args_info 00000001800a7760 f   c50_Walking_ATRIAS.obj
 0001:000a6790       sf_c50_Walking_ATRIAS_get_post_codegen_info 00000001800a7790 f   c50_Walking_ATRIAS.obj
 0001:000a6860       c50_Walking_ATRIAS_method_dispatcher 00000001800a7860 f   c50_Walking_ATRIAS.obj
 0001:000abaf0       sf_c59_Walking_ATRIAS_get_eml_resolved_functions_info 00000001800acaf0 f   c59_Walking_ATRIAS.obj
 0001:000b1440       sf_c59_Walking_ATRIAS_get_check_sum 00000001800b2440 f   c59_Walking_ATRIAS.obj
 0001:000b14c0       sf_c59_Walking_ATRIAS_get_autoinheritance_info 00000001800b24c0 f   c59_Walking_ATRIAS.obj
 0001:000b2490       sf_c59_Walking_ATRIAS_third_party_uses_info 00000001800b3490 f   c59_Walking_ATRIAS.obj
 0001:000b24c0       sf_c59_Walking_ATRIAS_jit_fallback_info 00000001800b34c0 f   c59_Walking_ATRIAS.obj
 0001:000b2590       sf_c59_Walking_ATRIAS_updateBuildInfo_args_info 00000001800b3590 f   c59_Walking_ATRIAS.obj
 0001:000b25c0       sf_c59_Walking_ATRIAS_get_post_codegen_info 00000001800b35c0 f   c59_Walking_ATRIAS.obj
 0001:000b2690       c59_Walking_ATRIAS_method_dispatcher 00000001800b3690 f   c59_Walking_ATRIAS.obj
 0001:000b7880       sf_c60_Walking_ATRIAS_get_eml_resolved_functions_info 00000001800b8880 f   c60_Walking_ATRIAS.obj
 0001:000cd9c0       sf_c60_Walking_ATRIAS_get_check_sum 00000001800ce9c0 f   c60_Walking_ATRIAS.obj
 0001:000cda40       sf_c60_Walking_ATRIAS_get_autoinheritance_info 00000001800cea40 f   c60_Walking_ATRIAS.obj
 0001:000ce8e0       sf_c60_Walking_ATRIAS_third_party_uses_info 00000001800cf8e0 f   c60_Walking_ATRIAS.obj
 0001:000ce910       sf_c60_Walking_ATRIAS_jit_fallback_info 00000001800cf910 f   c60_Walking_ATRIAS.obj
 0001:000ce9e0       sf_c60_Walking_ATRIAS_updateBuildInfo_args_info 00000001800cf9e0 f   c60_Walking_ATRIAS.obj
 0001:000cea10       sf_c60_Walking_ATRIAS_get_post_codegen_info 00000001800cfa10 f   c60_Walking_ATRIAS.obj
 0001:000ceae0       c60_Walking_ATRIAS_method_dispatcher 00000001800cfae0 f   c60_Walking_ATRIAS.obj
 0001:000db830       sf_process_check_sum_call  00000001800dc830 f   Walking_ATRIAS_sfun_registry.obj
 0001:000db880       sf_process_machine_uses_exported_functions_call 00000001800dc880 f   Walking_ATRIAS_sfun_registry.obj
 0001:000db9d0       sf_process_testpoint_info_call 00000001800dc9d0 f   Walking_ATRIAS_sfun_registry.obj
 0001:000dba20       sf_process_autoinheritance_call 00000001800dca20 f   Walking_ATRIAS_sfun_registry.obj
 0001:000dbbc0       sf_process_get_third_party_uses_info_call 00000001800dcbc0 f   Walking_ATRIAS_sfun_registry.obj
 0001:000dbd60       sf_process_get_jit_fallback_info_call 00000001800dcd60 f   Walking_ATRIAS_sfun_registry.obj
 0001:000dbf00       sf_process_get_updateBuildInfo_args_info_call 00000001800dcf00 f   Walking_ATRIAS_sfun_registry.obj
 0001:000dc0a0       sf_process_get_eml_resolved_functions_info_call 00000001800dd0a0 f   Walking_ATRIAS_sfun_registry.obj
 0001:000dc220       sf_process_get_post_codegen_info 00000001800dd220 f   Walking_ATRIAS_sfun_registry.obj
 0001:000dc370       sf_mex_unlock_call         00000001800dd370 f   Walking_ATRIAS_sfun_registry.obj
 0001:000dc420       sf_machine_global_initializer_called 00000001800dd420 f   Walking_ATRIAS_sfun_registry.obj
 0001:000dc450       sf_machine_global_method_dispatcher 00000001800dd450 f   Walking_ATRIAS_sfun_registry.obj
 0001:000dc4b0       sf_machine_global_terminator 00000001800dd4b0 f   Walking_ATRIAS_sfun_registry.obj
 0001:000dc500       sf_register_machine_exported_symbols 00000001800dd500 f   Walking_ATRIAS_sfun_registry.obj
 0001:000dc520       callCustomFcn              00000001800dd520 f   Walking_ATRIAS_sfun_registry.obj
 0001:000dc530       sf_machine_global_initializer 00000001800dd530 f   Walking_ATRIAS_sfun_registry.obj
 0001:000dc5b0       mdlGetSimState             00000001800dd5b0 f   Walking_ATRIAS_sfun_registry.obj
 0001:000dc630       mdlSetSimState             00000001800dd630 f   Walking_ATRIAS_sfun_registry.obj
 0001:000dc670       _ssSetStateAbsTol          00000001800dd670 f   Walking_ATRIAS_sfun_registry.obj
 0001:000dc750       _ssGetAbsTol               00000001800dd750 f   Walking_ATRIAS_sfun_registry.obj
 0001:000dc7c0       _ssSetInputPortMatrixDimensions 00000001800dd7c0 f   Walking_ATRIAS_sfun_registry.obj
 0001:000dc8d0       _ssSetOutputPortMatrixDimensions 00000001800dd8d0 f   Walking_ATRIAS_sfun_registry.obj
 0001:000dc9e0       _ssSetInputPortVectorDimension 00000001800dd9e0 f   Walking_ATRIAS_sfun_registry.obj
 0001:000dcab0       _ssSetOutputPortVectorDimension 00000001800ddab0 f   Walking_ATRIAS_sfun_registry.obj
 0001:000dcb80       ssIsRunTimeParamTunable    00000001800ddb80 f   Walking_ATRIAS_sfun_registry.obj
 0001:000dcbf0       ssGetSFuncBlockHandle      00000001800ddbf0 f   Walking_ATRIAS_sfun_registry.obj
 0001:000dcc60       _ssGetCurrentInputPortWidth 00000001800ddc60 f   Walking_ATRIAS_sfun_registry.obj
 0001:000dcd80       _ssGetCurrentOutputPortWidth 00000001800ddd80 f   Walking_ATRIAS_sfun_registry.obj
 0001:000dcea0       _ssGetCallSystemNumFcnCallDestinations 00000001800ddea0 f   Walking_ATRIAS_sfun_registry.obj
 0001:000dcf10       ssWarning                  00000001800ddf10 f   Walking_ATRIAS_sfun_registry.obj
 0001:000dd020       ssGetIsZeroCrossControlDisabled 00000001800de020 f   Walking_ATRIAS_sfun_registry.obj
 0001:000dd090       ssSetIsInputPortUsedForContZcSignal 00000001800de090 f   Walking_ATRIAS_sfun_registry.obj
 0001:000dd100       ssSetZcSignalIsZcElementDisc 00000001800de100 f   Walking_ATRIAS_sfun_registry.obj
 0001:000dd1b0       ssSetZcSignalName          00000001800de1b0 f   Walking_ATRIAS_sfun_registry.obj
 0001:000dd220       ssSetZcSignalWidth         00000001800de220 f   Walking_ATRIAS_sfun_registry.obj
 0001:000dd290       ssSetZcSignalZcEventType   00000001800de290 f   Walking_ATRIAS_sfun_registry.obj
 0001:000dd300       ssSetZcSignalType          00000001800de300 f   Walking_ATRIAS_sfun_registry.obj
 0001:000dd370       ssSetZcSignalZcTol         00000001800de370 f   Walking_ATRIAS_sfun_registry.obj
 0001:000dd3e0       ssSetZcSignalNeedsEventNotification 00000001800de3e0 f   Walking_ATRIAS_sfun_registry.obj
 0001:000dd450       ssCreateAndAddZcSignalInfo 00000001800de450 f   Walking_ATRIAS_sfun_registry.obj
 0001:000dd4c0       ssCloneAndAddZcSignalInfo  00000001800de4c0 f   Walking_ATRIAS_sfun_registry.obj
 0001:000dd530       ssGetNumZcSignals          00000001800de530 f   Walking_ATRIAS_sfun_registry.obj
 0001:000dd5a0       ssGetZcSignalVector        00000001800de5a0 f   Walking_ATRIAS_sfun_registry.obj
 0001:000dd610       ssGetZcSignalZcEvents      00000001800de610 f   Walking_ATRIAS_sfun_registry.obj
 0001:000dd680       ssGetZcSignalName          00000001800de680 f   Walking_ATRIAS_sfun_registry.obj
 0001:000dd6f0       ssGetZcSignalWidth         00000001800de6f0 f   Walking_ATRIAS_sfun_registry.obj
 0001:000dd760       ssGetZcSignalZcEventType   00000001800de760 f   Walking_ATRIAS_sfun_registry.obj
 0001:000dd7d0       ssGetZcSignalType          00000001800de7d0 f   Walking_ATRIAS_sfun_registry.obj
 0001:000dd840       ssGetZcSignalZcTol         00000001800de840 f   Walking_ATRIAS_sfun_registry.obj
 0001:000dd8c0       ssGetZcSignalNeedsEventNotification 00000001800de8c0 f   Walking_ATRIAS_sfun_registry.obj
 0001:000dd930       ssGetZcSignalIsZcElementDisc 00000001800de930 f   Walking_ATRIAS_sfun_registry.obj
 0001:000dd9d0       ssGetIsInputPortElementContinuous 00000001800de9d0 f   Walking_ATRIAS_sfun_registry.obj
 0001:000dda70       _ssGetInputPortSignalPtrsFcn 00000001800dea70 f   Walking_ATRIAS_sfun_registry.obj
 0001:000ddd30       _ssGetInputPortSignalFcn   00000001800ded30 f   Walking_ATRIAS_sfun_registry.obj
 0001:000ddf50       _ssSetInputPortDirectFeedThroughFcn 00000001800def50 f   Walking_ATRIAS_sfun_registry.obj
 0001:000de0b0       _ssSetInputPortReusableFcn 00000001800df0b0 f   Walking_ATRIAS_sfun_registry.obj
 0001:000de1a0       _ssSetOutputPortReusableFcn 00000001800df1a0 f   Walking_ATRIAS_sfun_registry.obj
 0001:000de280       ssGetDTypeIdFromMxArray    00000001800df280 f   Walking_ATRIAS_sfun_registry.obj
 0001:000de3a0       ssWriteRTWStr              00000001800df3a0 f   Walking_ATRIAS_sfun_registry.obj
 0001:000de400       ssWriteRTWMxVectParam      00000001800df400 f   Walking_ATRIAS_sfun_registry.obj
 0001:000de460       ssWriteRTWMx2dMatParam     00000001800df460 f   Walking_ATRIAS_sfun_registry.obj
 0001:000de4e0       ssWriteRTWNameValuePair    00000001800df4e0 f   Walking_ATRIAS_sfun_registry.obj
 0001:000de9d0       ssWriteRTWParameters       00000001800df9d0 f   Walking_ATRIAS_sfun_registry.obj
 0001:000defd0       ssWriteRTWParamSettings    00000001800dffd0 f   Walking_ATRIAS_sfun_registry.obj
 0001:000df6a0       ssWriteRTWWorkVect         00000001800e06a0 f   Walking_ATRIAS_sfun_registry.obj
 0001:000dfba0       mexFunction                00000001800e0ba0 f   Walking_ATRIAS_sfun_registry.obj
 0001:000e20f0       ProcessMexSfunctionEveryCall 00000001800e30f0 f   Walking_ATRIAS_sfun_registry.obj
 0001:000e2272       sf_debug_set_machine_data_thresholds 00000001800e3272 f   sf_runtime:sf_runtime.dll
 0001:000e2278       sf_debug_set_machine_event_thresholds 00000001800e3278 f   sf_runtime:sf_runtime.dll
 0001:000e227e       sf_debug_initialize_machine 00000001800e327e f   sf_runtime:sf_runtime.dll
 0001:000e2284       sf_load_rtw_optimization_info 00000001800e3284 f   sf_runtime:sf_runtime.dll
 0001:000e228a       sf_mex_emlrtNameCapturePostProcessR2012a 00000001800e328a f   sf_runtime:sf_runtime.dll
 0001:000e2290       sf_mex_assign              00000001800e3290 f   sf_runtime:sf_runtime.dll
 0001:000e2296       sf_mex_createstruct        00000001800e3296 f   sf_runtime:sf_runtime.dll
 0001:000e229c       sf_mex_destroy             00000001800e329c f   sf_runtime:sf_runtime.dll
 0001:000e22a2       sf_mex_duplicatearraysafe  00000001800e32a2 f   sf_runtime:sf_runtime.dll
 0001:000e22a8       sf_mex_createcellmatrix    00000001800e32a8 f   sf_runtime:sf_runtime.dll
 0001:000e22ae       sf_mex_addfield            00000001800e32ae f   sf_runtime:sf_runtime.dll
 0001:000e22b4       sf_mex_create              00000001800e32b4 f   sf_runtime:sf_runtime.dll
 0001:000e22ba       sf_mex_error_message       00000001800e32ba f   sf_runtime:sf_runtime.dll
 0001:000e22c0       sf_set_rtw_dwork_info      00000001800e32c0 f   sf_runtime:sf_runtime.dll
 0001:000e22c6       sf_mark_chart_reusable_outputs 00000001800e32c6 f   sf_runtime:sf_runtime.dll
 0001:000e22cc       sf_mark_chart_expressionable_inputs 00000001800e32cc f   sf_runtime:sf_runtime.dll
 0001:000e22d2       sf_update_buildInfo        00000001800e32d2 f   sf_runtime:sf_runtime.dll
 0001:000e22d8       sf_rtw_info_uint_prop      00000001800e32d8 f   sf_runtime:sf_runtime.dll
 0001:000e22de       sf_is_chart_inlinable      00000001800e32de f   sf_runtime:sf_runtime.dll
 0001:000e22e4       sim_mode_is_external       00000001800e32e4 f   sf_runtime:sf_runtime.dll
 0001:000e22ea       sim_mode_is_rtw_gen        00000001800e32ea f   sf_runtime:sf_runtime.dll
 0001:000e22f0       ssGetOutputPortSignal_wrapper 00000001800e32f0 f   sf_runtime:sf_runtime.dll
 0001:000e22f6       ssGetInputPortSignal_wrapper 00000001800e32f6 f   sf_runtime:sf_runtime.dll
 0001:000e22fc       sf_mex_decode_encoded_mx_struct_array 00000001800e32fc f   sf_runtime:sf_runtime.dll
 0001:000e2302       sf_debug_reset_current_state_configuration 00000001800e3302 f   sf_runtime:sf_runtime.dll
 0001:000e2308       sf_debug_set_instance_data_value_ptr 00000001800e3308 f   sf_runtime:sf_runtime.dll
 0001:000e230e       sf_debug_set_chart_data_compiled_props 00000001800e330e f   sf_runtime:sf_runtime.dll
 0001:000e2314       cv_script_init_relational  00000001800e3314 f   sf_runtime:sf_runtime.dll
 0001:000e231a       cv_script_init_mcdc        00000001800e331a f   sf_runtime:sf_runtime.dll
 0001:000e2320       cv_script_init_if          00000001800e3320 f   sf_runtime:sf_runtime.dll
 0001:000e2326       cv_script_init_saturation  00000001800e3326 f   sf_runtime:sf_runtime.dll
 0001:000e232c       cv_script_init_fcn         00000001800e332c f   sf_runtime:sf_runtime.dll
 0001:000e2332       cv_script_init_script      00000001800e3332 f   sf_runtime:sf_runtime.dll
 0001:000e2338       cv_eml_init_fcn            00000001800e3338 f   sf_runtime:sf_runtime.dll
 0001:000e233e       cv_eml_init_script         00000001800e333e f   sf_runtime:sf_runtime.dll
 0001:000e2344       sf_debug_cv_init_trans     00000001800e3344 f   sf_runtime:sf_runtime.dll
 0001:000e234a       sf_debug_cv_init_state     00000001800e334a f   sf_runtime:sf_runtime.dll
 0001:000e2350       sf_debug_cv_init_chart     00000001800e3350 f   sf_runtime:sf_runtime.dll
 0001:000e2356       sf_debug_set_chart_decomposition 00000001800e3356 f   sf_runtime:sf_runtime.dll
 0001:000e235c       sf_debug_set_chart_substate_count 00000001800e335c f   sf_runtime:sf_runtime.dll
 0001:000e2362       sf_debug_set_chart_state_info 00000001800e3362 f   sf_runtime:sf_runtime.dll
 0001:000e2368       sf_debug_set_chart_data_props 00000001800e3368 f   sf_runtime:sf_runtime.dll
 0001:000e236e       sf_debug_set_chart_event_thresholds 00000001800e336e f   sf_runtime:sf_runtime.dll
 0001:000e2374       sf_debug_set_chart_disable_implicit_casting 00000001800e3374 f   sf_runtime:sf_runtime.dll
 0001:000e237a       sf_debug_initialize_chart  00000001800e337a f   sf_runtime:sf_runtime.dll
 0001:000e2380       sf_debug_set_script_translation 00000001800e3380 f   sf_runtime:sf_runtime.dll
 0001:000e2386       sf_debug_get_script_id     00000001800e3386 f   sf_runtime:sf_runtime.dll
 0001:000e238c       sf_mex_dup                 00000001800e338c f   sf_runtime:sf_runtime.dll
 0001:000e2392       sf_mex_import              00000001800e3392 f   sf_runtime:sf_runtime.dll
 0001:000e2398       sf_get_time                00000001800e3398 f   sf_runtime:sf_runtime.dll
 0001:000e239e       sf_debug_check_for_state_inconsistency 00000001800e339e f   sf_runtime:sf_runtime.dll
 0001:000e23a4       sf_debug_symbol_scope_pop  00000001800e33a4 f   sf_runtime:sf_runtime.dll
 0001:000e23aa       eml_debug_line_call        00000001800e33aa f   sf_runtime:sf_runtime.dll
 0001:000e23b0       cv_eml_eval                00000001800e33b0 f   sf_runtime:sf_runtime.dll
 0001:000e23b6       sf_debug_symbol_scope_add_eml 00000001800e33b6 f   sf_runtime:sf_runtime.dll
 0001:000e23bc       sf_debug_symbol_scope_add_eml_importable 00000001800e33bc f   sf_runtime:sf_runtime.dll
 0001:000e23c2       sf_debug_symbol_scope_push_eml 00000001800e33c2 f   sf_runtime:sf_runtime.dll
 0001:000e23c8       sf_debug_data_range_wrapper 00000001800e33c8 f   sf_runtime:sf_runtime.dll
 0001:000e23ce       sf_debug_call              00000001800e33ce f   sf_runtime:sf_runtime.dll
 0001:000e23d4       sf_debug_symbol_scope_push 00000001800e33d4 f   sf_runtime:sf_runtime.dll
 0001:000e23da       cv_eval_relational         00000001800e33da f   sf_runtime:sf_runtime.dll
 0001:000e23e0       sf_debug_symbol_switch     00000001800e33e0 f   sf_runtime:sf_runtime.dll
 0001:000e23e6       cv_eval_saturation         00000001800e33e6 f   sf_runtime:sf_runtime.dll
 0001:000e23ec       cv_script_eval             00000001800e33ec f   sf_runtime:sf_runtime.dll
 0001:000e23f2       sf_debug_eml_data_array_bounds_error_check 00000001800e33f2 f   sf_runtime:sf_runtime.dll
 0001:000e23f8       sf_debug_integer_check     00000001800e33f8 f   sf_runtime:sf_runtime.dll
 0001:000e23fe       sf_mex_setcell             00000001800e33fe f   sf_runtime:sf_runtime.dll
 0001:000e2404       sf_mex_getcell             00000001800e3404 f   sf_runtime:sf_runtime.dll
 0001:000e240a       sf_clear_rtw_identifier    00000001800e340a f   sf_runtime:sf_runtime.dll
 0001:000e2410       cv_eml_init_relational     00000001800e3410 f   sf_runtime:sf_runtime.dll
 0001:000e2416       cv_eml_init_mcdc           00000001800e3416 f   sf_runtime:sf_runtime.dll
 0001:000e241c       cv_eml_init_if             00000001800e341c f   sf_runtime:sf_runtime.dll
 0001:000e2422       sf_mex_call_debug          00000001800e3422 f   sf_runtime:sf_runtime.dll
 0001:000e2428       cv_eml_init_saturation     00000001800e3428 f   sf_runtime:sf_runtime.dll
 0001:000e242e       sf_set_encoded_dwork_info  00000001800e342e f   sf_runtime:sf_runtime.dll
 0001:000e2434       ssGetDWork_wrapper         00000001800e3434 f   sf_runtime:sf_runtime.dll
 0001:000e243a       sf_debug_set_chart_state_substate_index 00000001800e343a f   sf_runtime:sf_runtime.dll
 0001:000e2440       sf_debug_set_chart_state_substate_count 00000001800e3440 f   sf_runtime:sf_runtime.dll
 0001:000e2446       sf_debug_set_chart_substate_index 00000001800e3446 f   sf_runtime:sf_runtime.dll
 0001:000e244c       sf_get_dwork_info_from_mat_file 00000001800e344c f   sf_runtime:sf_runtime.dll
 0001:000e2452       cv_eval_point              00000001800e3452 f   sf_runtime:sf_runtime.dll
 0001:000e2458       sf_debug_read_before_write_error 00000001800e3458 f   sf_runtime:sf_runtime.dll
 0001:000e245e       sf_debug_animate           00000001800e345e f   sf_runtime:sf_runtime.dll
 0001:000e2464       sf_debug_set_honor_breakpoints 00000001800e3464 f   sf_runtime:sf_runtime.dll
 0001:000e246a       sf_debug_set_animation     00000001800e346a f   sf_runtime:sf_runtime.dll
 0001:000e2470       sf_debug_get_animation     00000001800e3470 f   sf_runtime:sf_runtime.dll
 0001:000e2476       sf_debug_size_eq_check_1d  00000001800e3476 f   sf_runtime:sf_runtime.dll
 0001:000e247c       sf_mex_getfield            00000001800e347c f   sf_runtime:sf_runtime.dll
 0001:000e2482       sf_mex_check_struct        00000001800e3482 f   sf_runtime:sf_runtime.dll
 0001:000e2488       sf_debug_non_negative_check 00000001800e3488 f   sf_runtime:sf_runtime.dll
 0001:000e248e       cv_script_init_switch      00000001800e348e f   sf_runtime:sf_runtime.dll
 0001:000e2494       sf_debug_terminate         00000001800e3494 f   sf_runtime:sf_runtime.dll
 0001:000e249a       sf_debug_create_debug_instance_struct 00000001800e349a f   sf_runtime:sf_runtime.dll
 0001:000e24a0       sf_debug_api               00000001800e34a0 f   sf_runtime:sf_runtime.dll
 0001:000e24a6       callMdlMethodAndReportError 00000001800e34a6 f   sf_runtime:sf_runtime.dll
 0001:000e24ac       call_sf_machine_global_method_dispatcher 00000001800e34ac f   sf_runtime:sf_runtime.dll
 0001:000e24b2       sf_clear_error_manager_info 00000001800e34b2 f   sf_runtime:sf_runtime.dll
 0001:000e24b8       sf_mex_error_direct_call   00000001800e34b8 f   sf_runtime:sf_runtime.dll
 0001:000e24be       mxCreateLogicalScalar      00000001800e34be f   libmx:libmx.dll
 0001:000e24c4       mxCreateDoubleMatrix_730   00000001800e34c4 f   libmx:libmx.dll
 0001:000e24ca       mxGetScalar                00000001800e34ca f   libmx:libmx.dll
 0001:000e24d0       mxGetString_730            00000001800e34d0 f   libmx:libmx.dll
 0001:000e24d6       mxIsChar                   00000001800e34d6 f   libmx:libmx.dll
 0001:000e24dc       mxGetPr                    00000001800e34dc f   libmx:libmx.dll
 0001:000e24e2       mxDestroyArray             00000001800e34e2 f   libmx:libmx.dll
 0001:000e24e8       mxDuplicateArray           00000001800e34e8 f   libmx:libmx.dll
 0001:000e24ee       mxCreateDoubleScalar       00000001800e34ee f   libmx:libmx.dll
 0001:000e24f4       mxSetField_730             00000001800e34f4 f   libmx:libmx.dll
 0001:000e24fa       mxCreateString             00000001800e34fa f   libmx:libmx.dll
 0001:000e2500       mxCreateStructMatrix_730   00000001800e3500 f   libmx:libmx.dll
 0001:000e2506       mxCreateCellMatrix_730     00000001800e3506 f   libmx:libmx.dll
 0001:000e250c       mxCreateCellArray_730      00000001800e350c f   libmx:libmx.dll
 0001:000e2512       mxCreateStructArray_730    00000001800e3512 f   libmx:libmx.dll
 0001:000e2518       mxGetNaN                   00000001800e3518 f   libmx:libmx.dll
 0001:000e251e       mxGetClassID               00000001800e351e f   libmx:libmx.dll
 0001:000e2524       mxIsNumeric                00000001800e3524 f   libmx:libmx.dll
 0001:000e252a       mxIsComplex                00000001800e352a f   libmx:libmx.dll
 0001:000e2530       mxGetN                     00000001800e3530 f   libmx:libmx.dll
 0001:000e2536       mxGetM                     00000001800e3536 f   libmx:libmx.dll
 0001:000e253c       mxCalloc                   00000001800e353c f   libmx:libmx.dll
 0001:000e2542       mexMakeArrayPersistent     00000001800e3542 f   libmex:libmex.dll
 0001:000e2548       mexUnlock                  00000001800e3548 f   libmex:libmex.dll
 0001:000e254e       mexIsLocked                00000001800e354e f   libmex:libmex.dll
 0001:000e2554       mexWarnMsgTxt              00000001800e3554 f   libmex:libmex.dll
 0001:000e255a       mexCallMATLABWithObject    00000001800e355a f   libmex:libmex.dll
 0001:000e2560       mexErrMsgTxt               00000001800e3560 f   libmex:libmex.dll
 0001:000e2566       mexLock                    00000001800e3566 f   libmex:libmex.dll
 0001:000e256c       utMalloc                   00000001800e356c f   libut:libut.dll
 0001:000e2572       utFree                     00000001800e3572 f   libut:libut.dll
 0001:000e2578       muDoubleScalarSin          00000001800e3578 f   libmwmathutil:libmwmathutil.dll
 0001:000e257e       muDoubleScalarCos          00000001800e357e f   libmwmathutil:libmwmathutil.dll
 0001:000e2584       muDoubleScalarRound        00000001800e3584 f   libmwmathutil:libmwmathutil.dll
 0001:000e258a       muDoubleScalarSqrt         00000001800e358a f   libmwmathutil:libmwmathutil.dll
 0001:000e2590       muDoubleScalarAbs          00000001800e3590 f   libmwmathutil:libmwmathutil.dll
 0001:000e2596       muDoubleScalarAsin         00000001800e3596 f   libmwmathutil:libmwmathutil.dll
 0001:000e259c       muDoubleScalarAtan2        00000001800e359c f   libmwmathutil:libmwmathutil.dll
 0001:000e25a2       muDoubleScalarMax          00000001800e35a2 f   libmwmathutil:libmwmathutil.dll
 0001:000e25a8       muDoubleScalarMin          00000001800e35a8 f   libmwmathutil:libmwmathutil.dll
 0001:000e25ae       muDoubleScalarFloor        00000001800e35ae f   libmwmathutil:libmwmathutil.dll
 0001:000e25b4       muDoubleScalarIsNaN        00000001800e35b4 f   libmwmathutil:libmwmathutil.dll
 0001:000e25ba       muDoubleScalarPower        00000001800e35ba f   libmwmathutil:libmwmathutil.dll
 0001:000e25c0       muDoubleScalarIsInf        00000001800e35c0 f   libmwmathutil:libmwmathutil.dll
 0001:000e25c8       __GSHandlerCheckCommon     00000001800e35c8 f   MSVCRT:gshandler.obj
 0001:000e262c       __GSHandlerCheck           00000001800e362c f   MSVCRT:gshandler.obj
 0001:000e264a       strcmp                     00000001800e364a f   MSVCRT:MSVCR100.dll
 0001:000e2660       __security_check_cookie    00000001800e3660 f   MSVCRT:amdsecgs.obj
 0001:000e2680       strlen                     00000001800e3680 f   MSVCRT:MSVCR100.dll
 0001:000e2686       memset                     00000001800e3686 f   MSVCRT:MSVCR100.dll
 0001:000e26a0       __chkstk                   00000001800e36a0 f   MSVCRT:chkstk.obj
 0001:000e26a0       _alloca_probe              00000001800e36a0     MSVCRT:chkstk.obj
 0001:000e26ee       ldexp                      00000001800e36ee f   MSVCRT:MSVCR100.dll
 0001:000e26f4       frexp                      00000001800e36f4 f   MSVCRT:MSVCR100.dll
 0001:000e26fa       free                       00000001800e36fa f   MSVCRT:MSVCR100.dll
 0001:000e2700       sprintf                    00000001800e3700 f   MSVCRT:MSVCR100.dll
 0001:000e2706       malloc                     00000001800e3706 f   MSVCRT:MSVCR100.dll
 0001:000e270c       strcat                     00000001800e370c f   MSVCRT:MSVCR100.dll
 0001:000e2712       memcpy                     00000001800e3712 f   MSVCRT:MSVCR100.dll
 0001:000e2718       NtCurrentTeb               00000001800e3718 f i MSVCRT:crtdll.obj
 0001:000e2784       _CRT_INIT                  00000001800e3784 f   MSVCRT:crtdll.obj
 0001:000e2b1c       _DllMainCRTStartup         00000001800e3b1c f   MSVCRT:crtdll.obj
 0001:000e2b5c       __report_gsfailure         00000001800e3b5c f   MSVCRT:gs_report.obj
 0001:000e2ca8       __clean_type_info_names    00000001800e3ca8 f   MSVCRT:tncleanup.obj
 0001:000e2cb4       _onexit                    00000001800e3cb4 f   MSVCRT:atonexit.obj
 0001:000e2d64       atexit                     00000001800e3d64 f   MSVCRT:atonexit.obj
 0001:000e2d7c       _RTC_Initialize            00000001800e3d7c f   MSVCRT:_initsect_.obj
 0001:000e2db4       _RTC_Terminate             00000001800e3db4 f   MSVCRT:_initsect_.obj
 0001:000e2dec       _malloc_crt                00000001800e3dec f   MSVCRT:MSVCR100.dll
 0001:000e2e00       _ValidateImageBase         00000001800e3e00 f   MSVCRT:pesect.obj
 0001:000e2e30       _FindPESection             00000001800e3e30 f   MSVCRT:pesect.obj
 0001:000e2e80       _IsNonwritableInCurrentImage 00000001800e3e80 f   MSVCRT:pesect.obj
 0001:000e2ec2       _initterm                  00000001800e3ec2 f   MSVCRT:MSVCR100.dll
 0001:000e2ec8       _initterm_e                00000001800e3ec8 f   MSVCRT:MSVCR100.dll
 0001:000e2ece       _encoded_null              00000001800e3ece f   MSVCRT:MSVCR100.dll
 0001:000e2ed4       _amsg_exit                 00000001800e3ed4 f   MSVCRT:MSVCR100.dll
 0001:000e2eda       __C_specific_handler       00000001800e3eda f   MSVCRT:MSVCR100.dll
 0001:000e2ee0       __CppXcptFilter            00000001800e3ee0 f   MSVCRT:MSVCR100.dll
 0001:000e2ee8       DllMain                    00000001800e3ee8 f   MSVCRT:dllmain.obj
 0001:000e2f0c       __security_init_cookie     00000001800e3f0c f   MSVCRT:gs_support.obj
 0001:000e2fc0       __crt_debugger_hook        00000001800e3fc0 f   MSVCRT:MSVCR100.dll
 0001:000e2fc6       __clean_type_info_names_internal 00000001800e3fc6 f   MSVCRT:MSVCR100.dll
 0001:000e2fcc       _unlock                    00000001800e3fcc f   MSVCRT:MSVCR100.dll
 0001:000e2fd2       __dllonexit                00000001800e3fd2 f   MSVCRT:MSVCR100.dll
 0001:000e2fd8       _lock                      00000001800e3fd8 f   MSVCRT:MSVCR100.dll
 0001:000e2fde       EncodePointer              00000001800e3fde f   kernel32:KERNEL32.dll
 0001:000e2fe4       DecodePointer              00000001800e3fe4 f   kernel32:KERNEL32.dll
 0001:000e2fea       Sleep                      00000001800e3fea f   kernel32:KERNEL32.dll
 0001:000e2ff0       TerminateProcess           00000001800e3ff0 f   kernel32:KERNEL32.dll
 0001:000e2ff6       GetCurrentProcess          00000001800e3ff6 f   kernel32:KERNEL32.dll
 0001:000e2ffc       UnhandledExceptionFilter   00000001800e3ffc f   kernel32:KERNEL32.dll
 0001:000e3002       SetUnhandledExceptionFilter 00000001800e4002 f   kernel32:KERNEL32.dll
 0001:000e3008       IsDebuggerPresent          00000001800e4008 f   kernel32:KERNEL32.dll
 0001:000e300e       RtlVirtualUnwind           00000001800e400e f   kernel32:KERNEL32.dll
 0001:000e3014       RtlLookupFunctionEntry     00000001800e4014 f   kernel32:KERNEL32.dll
 0001:000e301a       RtlCaptureContext          00000001800e401a f   kernel32:KERNEL32.dll
 0001:000e3020       DisableThreadLibraryCalls  00000001800e4020 f   kernel32:KERNEL32.dll
 0001:000e3026       QueryPerformanceCounter    00000001800e4026 f   kernel32:KERNEL32.dll
 0001:000e302c       GetTickCount               00000001800e402c f   kernel32:KERNEL32.dll
 0001:000e3032       GetCurrentThreadId         00000001800e4032 f   kernel32:KERNEL32.dll
 0001:000e3038       GetCurrentProcessId        00000001800e4038 f   kernel32:KERNEL32.dll
 0001:000e303e       GetSystemTimeAsFileTime    00000001800e403e f   kernel32:KERNEL32.dll
 0002:00000000       __imp_GetCurrentProcessId  00000001800e5000     kernel32:KERNEL32.dll
 0002:00000008       __imp_GetCurrentThreadId   00000001800e5008     kernel32:KERNEL32.dll
 0002:00000010       __imp_GetTickCount         00000001800e5010     kernel32:KERNEL32.dll
 0002:00000018       __imp_QueryPerformanceCounter 00000001800e5018     kernel32:KERNEL32.dll
 0002:00000020       __imp_DisableThreadLibraryCalls 00000001800e5020     kernel32:KERNEL32.dll
 0002:00000028       __imp_RtlCaptureContext    00000001800e5028     kernel32:KERNEL32.dll
 0002:00000030       __imp_RtlLookupFunctionEntry 00000001800e5030     kernel32:KERNEL32.dll
 0002:00000038       __imp_RtlVirtualUnwind     00000001800e5038     kernel32:KERNEL32.dll
 0002:00000040       __imp_IsDebuggerPresent    00000001800e5040     kernel32:KERNEL32.dll
 0002:00000048       __imp_SetUnhandledExceptionFilter 00000001800e5048     kernel32:KERNEL32.dll
 0002:00000050       __imp_UnhandledExceptionFilter 00000001800e5050     kernel32:KERNEL32.dll
 0002:00000058       __imp_GetCurrentProcess    00000001800e5058     kernel32:KERNEL32.dll
 0002:00000060       __imp_TerminateProcess     00000001800e5060     kernel32:KERNEL32.dll
 0002:00000068       __imp_Sleep                00000001800e5068     kernel32:KERNEL32.dll
 0002:00000070       __imp_DecodePointer        00000001800e5070     kernel32:KERNEL32.dll
 0002:00000078       __imp_EncodePointer        00000001800e5078     kernel32:KERNEL32.dll
 0002:00000080       __imp_GetSystemTimeAsFileTime 00000001800e5080     kernel32:KERNEL32.dll
 0002:00000088       \177KERNEL32_NULL_THUNK_DATA 00000001800e5088     kernel32:KERNEL32.dll
 0002:00000090       __imp__onexit              00000001800e5090     MSVCRT:MSVCR100.dll
 0002:00000098       __imp__lock                00000001800e5098     MSVCRT:MSVCR100.dll
 0002:000000a0       __imp___dllonexit          00000001800e50a0     MSVCRT:MSVCR100.dll
 0002:000000a8       __imp__unlock              00000001800e50a8     MSVCRT:MSVCR100.dll
 0002:000000b0       __imp___clean_type_info_names_internal 00000001800e50b0     MSVCRT:MSVCR100.dll
 0002:000000b8       __imp___crt_debugger_hook  00000001800e50b8     MSVCRT:MSVCR100.dll
 0002:000000c0       __imp___CppXcptFilter      00000001800e50c0     MSVCRT:MSVCR100.dll
 0002:000000c8       __imp___C_specific_handler 00000001800e50c8     MSVCRT:MSVCR100.dll
 0002:000000d0       __imp__amsg_exit           00000001800e50d0     MSVCRT:MSVCR100.dll
 0002:000000d8       __imp__encoded_null        00000001800e50d8     MSVCRT:MSVCR100.dll
 0002:000000e0       __imp__initterm_e          00000001800e50e0     MSVCRT:MSVCR100.dll
 0002:000000e8       __imp__initterm            00000001800e50e8     MSVCRT:MSVCR100.dll
 0002:000000f0       __imp__malloc_crt          00000001800e50f0     MSVCRT:MSVCR100.dll
 0002:000000f8       __imp_memcpy               00000001800e50f8     MSVCRT:MSVCR100.dll
 0002:00000100       __imp_strcat               00000001800e5100     MSVCRT:MSVCR100.dll
 0002:00000108       __imp_malloc               00000001800e5108     MSVCRT:MSVCR100.dll
 0002:00000110       __imp_sprintf              00000001800e5110     MSVCRT:MSVCR100.dll
 0002:00000118       __imp_free                 00000001800e5118     MSVCRT:MSVCR100.dll
 0002:00000120       __imp_frexp                00000001800e5120     MSVCRT:MSVCR100.dll
 0002:00000128       __imp_ldexp                00000001800e5128     MSVCRT:MSVCR100.dll
 0002:00000130       __imp_memset               00000001800e5130     MSVCRT:MSVCR100.dll
 0002:00000138       __imp_strlen               00000001800e5138     MSVCRT:MSVCR100.dll
 0002:00000140       __imp_strcmp               00000001800e5140     MSVCRT:MSVCR100.dll
 0002:00000148       \177MSVCR100_NULL_THUNK_DATA 00000001800e5148     MSVCRT:MSVCR100.dll
 0002:00000150       __imp_mexMakeArrayPersistent 00000001800e5150     libmex:libmex.dll
 0002:00000158       __imp_mexIsLocked          00000001800e5158     libmex:libmex.dll
 0002:00000160       __imp_mexWarnMsgTxt        00000001800e5160     libmex:libmex.dll
 0002:00000168       __imp_mexCallMATLABWithObject 00000001800e5168     libmex:libmex.dll
 0002:00000170       __imp_mexErrMsgTxt         00000001800e5170     libmex:libmex.dll
 0002:00000178       __imp_mexLock              00000001800e5178     libmex:libmex.dll
 0002:00000180       __imp_mexUnlock            00000001800e5180     libmex:libmex.dll
 0002:00000188       \177libmex_NULL_THUNK_DATA 00000001800e5188     libmex:libmex.dll
 0002:00000190       __imp_muDoubleScalarAsin   00000001800e5190     libmwmathutil:libmwmathutil.dll
 0002:00000198       __imp_muDoubleScalarAbs    00000001800e5198     libmwmathutil:libmwmathutil.dll
 0002:000001a0       __imp_muDoubleScalarAtan2  00000001800e51a0     libmwmathutil:libmwmathutil.dll
 0002:000001a8       __imp_muDoubleScalarRound  00000001800e51a8     libmwmathutil:libmwmathutil.dll
 0002:000001b0       __imp_muDoubleScalarCos    00000001800e51b0     libmwmathutil:libmwmathutil.dll
 0002:000001b8       __imp_muDoubleScalarSin    00000001800e51b8     libmwmathutil:libmwmathutil.dll
 0002:000001c0       __imp_muDoubleScalarMax    00000001800e51c0     libmwmathutil:libmwmathutil.dll
 0002:000001c8       __imp_muDoubleScalarMin    00000001800e51c8     libmwmathutil:libmwmathutil.dll
 0002:000001d0       __imp_muDoubleScalarFloor  00000001800e51d0     libmwmathutil:libmwmathutil.dll
 0002:000001d8       __imp_muDoubleScalarIsNaN  00000001800e51d8     libmwmathutil:libmwmathutil.dll
 0002:000001e0       __imp_muDoubleScalarPower  00000001800e51e0     libmwmathutil:libmwmathutil.dll
 0002:000001e8       __imp_muDoubleScalarIsInf  00000001800e51e8     libmwmathutil:libmwmathutil.dll
 0002:000001f0       __imp_muDoubleScalarSqrt   00000001800e51f0     libmwmathutil:libmwmathutil.dll
 0002:000001f8       \177libmwmathutil_NULL_THUNK_DATA 00000001800e51f8     libmwmathutil:libmwmathutil.dll
 0002:00000200       __imp_mxCalloc             00000001800e5200     libmx:libmx.dll
 0002:00000208       __imp_mxGetM               00000001800e5208     libmx:libmx.dll
 0002:00000210       __imp_mxGetN               00000001800e5210     libmx:libmx.dll
 0002:00000218       __imp_mxIsComplex          00000001800e5218     libmx:libmx.dll
 0002:00000220       __imp_mxIsNumeric          00000001800e5220     libmx:libmx.dll
 0002:00000228       __imp_mxGetClassID         00000001800e5228     libmx:libmx.dll
 0002:00000230       __imp_mxGetNaN             00000001800e5230     libmx:libmx.dll
 0002:00000238       __imp_mxCreateStructArray_730 00000001800e5238     libmx:libmx.dll
 0002:00000240       __imp_mxCreateCellArray_730 00000001800e5240     libmx:libmx.dll
 0002:00000248       __imp_mxCreateCellMatrix_730 00000001800e5248     libmx:libmx.dll
 0002:00000250       __imp_mxCreateStructMatrix_730 00000001800e5250     libmx:libmx.dll
 0002:00000258       __imp_mxCreateString       00000001800e5258     libmx:libmx.dll
 0002:00000260       __imp_mxSetField_730       00000001800e5260     libmx:libmx.dll
 0002:00000268       __imp_mxCreateDoubleScalar 00000001800e5268     libmx:libmx.dll
 0002:00000270       __imp_mxDuplicateArray     00000001800e5270     libmx:libmx.dll
 0002:00000278       __imp_mxDestroyArray       00000001800e5278     libmx:libmx.dll
 0002:00000280       __imp_mxGetPr              00000001800e5280     libmx:libmx.dll
 0002:00000288       __imp_mxGetString_730      00000001800e5288     libmx:libmx.dll
 0002:00000290       __imp_mxGetScalar          00000001800e5290     libmx:libmx.dll
 0002:00000298       __imp_mxCreateDoubleMatrix_730 00000001800e5298     libmx:libmx.dll
 0002:000002a0       __imp_mxCreateLogicalScalar 00000001800e52a0     libmx:libmx.dll
 0002:000002a8       __imp_mxIsChar             00000001800e52a8     libmx:libmx.dll
 0002:000002b0       \177libmx_NULL_THUNK_DATA  00000001800e52b0     libmx:libmx.dll
 0002:000002b8       __imp_utMalloc             00000001800e52b8     libut:libut.dll
 0002:000002c0       __imp_utFree               00000001800e52c0     libut:libut.dll
 0002:000002c8       \177libut_NULL_THUNK_DATA  00000001800e52c8     libut:libut.dll
 0002:000002d0       __imp_cv_script_init_switch 00000001800e52d0     sf_runtime:sf_runtime.dll
 0002:000002d8       __imp_sf_debug_terminate   00000001800e52d8     sf_runtime:sf_runtime.dll
 0002:000002e0       __imp_sf_debug_create_debug_instance_struct 00000001800e52e0     sf_runtime:sf_runtime.dll
 0002:000002e8       __imp_sf_debug_api         00000001800e52e8     sf_runtime:sf_runtime.dll
 0002:000002f0       __imp_sf_debug_size_eq_check_1d 00000001800e52f0     sf_runtime:sf_runtime.dll
 0002:000002f8       __imp_call_sf_machine_global_method_dispatcher 00000001800e52f8     sf_runtime:sf_runtime.dll
 0002:00000300       __imp_sf_clear_error_manager_info 00000001800e5300     sf_runtime:sf_runtime.dll
 0002:00000308       __imp_sf_mex_error_direct_call 00000001800e5308     sf_runtime:sf_runtime.dll
 0002:00000310       __imp_sf_debug_get_animation 00000001800e5310     sf_runtime:sf_runtime.dll
 0002:00000318       __imp_sf_debug_set_animation 00000001800e5318     sf_runtime:sf_runtime.dll
 0002:00000320       __imp_sf_debug_set_honor_breakpoints 00000001800e5320     sf_runtime:sf_runtime.dll
 0002:00000328       __imp_sf_debug_animate     00000001800e5328     sf_runtime:sf_runtime.dll
 0002:00000330       __imp_sf_is_chart_inlinable 00000001800e5330     sf_runtime:sf_runtime.dll
 0002:00000338       __imp_sf_debug_read_before_write_error 00000001800e5338     sf_runtime:sf_runtime.dll
 0002:00000340       __imp_cv_eval_point        00000001800e5340     sf_runtime:sf_runtime.dll
 0002:00000348       __imp_sf_get_dwork_info_from_mat_file 00000001800e5348     sf_runtime:sf_runtime.dll
 0002:00000350       __imp_sf_debug_set_chart_substate_index 00000001800e5350     sf_runtime:sf_runtime.dll
 0002:00000358       __imp_sf_debug_set_chart_state_substate_count 00000001800e5358     sf_runtime:sf_runtime.dll
 0002:00000360       __imp_sf_debug_non_negative_check 00000001800e5360     sf_runtime:sf_runtime.dll
 0002:00000368       __imp_ssGetDWork_wrapper   00000001800e5368     sf_runtime:sf_runtime.dll
 0002:00000370       __imp_sf_set_encoded_dwork_info 00000001800e5370     sf_runtime:sf_runtime.dll
 0002:00000378       __imp_cv_eml_init_saturation 00000001800e5378     sf_runtime:sf_runtime.dll
 0002:00000380       __imp_sf_mex_call_debug    00000001800e5380     sf_runtime:sf_runtime.dll
 0002:00000388       __imp_cv_eml_init_if       00000001800e5388     sf_runtime:sf_runtime.dll
 0002:00000390       __imp_cv_eml_init_mcdc     00000001800e5390     sf_runtime:sf_runtime.dll
 0002:00000398       __imp_cv_eml_init_relational 00000001800e5398     sf_runtime:sf_runtime.dll
 0002:000003a0       __imp_sf_clear_rtw_identifier 00000001800e53a0     sf_runtime:sf_runtime.dll
 0002:000003a8       __imp_sf_mex_getcell       00000001800e53a8     sf_runtime:sf_runtime.dll
 0002:000003b0       __imp_sf_mex_setcell       00000001800e53b0     sf_runtime:sf_runtime.dll
 0002:000003b8       __imp_sf_debug_integer_check 00000001800e53b8     sf_runtime:sf_runtime.dll
 0002:000003c0       __imp_sf_debug_eml_data_array_bounds_error_check 00000001800e53c0     sf_runtime:sf_runtime.dll
 0002:000003c8       __imp_cv_script_eval       00000001800e53c8     sf_runtime:sf_runtime.dll
 0002:000003d0       __imp_cv_eval_saturation   00000001800e53d0     sf_runtime:sf_runtime.dll
 0002:000003d8       __imp_sf_debug_symbol_switch 00000001800e53d8     sf_runtime:sf_runtime.dll
 0002:000003e0       __imp_cv_eval_relational   00000001800e53e0     sf_runtime:sf_runtime.dll
 0002:000003e8       __imp_sf_debug_symbol_scope_push 00000001800e53e8     sf_runtime:sf_runtime.dll
 0002:000003f0       __imp_sf_debug_call        00000001800e53f0     sf_runtime:sf_runtime.dll
 0002:000003f8       __imp_sf_debug_data_range_wrapper 00000001800e53f8     sf_runtime:sf_runtime.dll
 0002:00000400       __imp_sf_debug_symbol_scope_push_eml 00000001800e5400     sf_runtime:sf_runtime.dll
 0002:00000408       __imp_sf_mex_check_struct  00000001800e5408     sf_runtime:sf_runtime.dll
 0002:00000410       __imp_sf_debug_set_chart_state_substate_index 00000001800e5410     sf_runtime:sf_runtime.dll
 0002:00000418       __imp_sf_mex_getfield      00000001800e5418     sf_runtime:sf_runtime.dll
 0002:00000420       __imp_sf_debug_symbol_scope_add_eml_importable 00000001800e5420     sf_runtime:sf_runtime.dll
 0002:00000428       __imp_sf_debug_symbol_scope_add_eml 00000001800e5428     sf_runtime:sf_runtime.dll
 0002:00000430       __imp_cv_eml_eval          00000001800e5430     sf_runtime:sf_runtime.dll
 0002:00000438       __imp_eml_debug_line_call  00000001800e5438     sf_runtime:sf_runtime.dll
 0002:00000440       __imp_sf_debug_symbol_scope_pop 00000001800e5440     sf_runtime:sf_runtime.dll
 0002:00000448       __imp_sf_debug_check_for_state_inconsistency 00000001800e5448     sf_runtime:sf_runtime.dll
 0002:00000450       __imp_sf_get_time          00000001800e5450     sf_runtime:sf_runtime.dll
 0002:00000458       __imp_sf_mex_import        00000001800e5458     sf_runtime:sf_runtime.dll
 0002:00000460       __imp_sf_mex_dup           00000001800e5460     sf_runtime:sf_runtime.dll
 0002:00000468       __imp_sf_debug_get_script_id 00000001800e5468     sf_runtime:sf_runtime.dll
 0002:00000470       __imp_sf_debug_set_script_translation 00000001800e5470     sf_runtime:sf_runtime.dll
 0002:00000478       __imp_sf_debug_initialize_chart 00000001800e5478     sf_runtime:sf_runtime.dll
 0002:00000480       __imp_sf_debug_set_chart_disable_implicit_casting 00000001800e5480     sf_runtime:sf_runtime.dll
 0002:00000488       __imp_sf_debug_set_chart_event_thresholds 00000001800e5488     sf_runtime:sf_runtime.dll
 0002:00000490       __imp_sf_debug_set_chart_data_props 00000001800e5490     sf_runtime:sf_runtime.dll
 0002:00000498       __imp_sf_debug_set_chart_state_info 00000001800e5498     sf_runtime:sf_runtime.dll
 0002:000004a0       __imp_sf_debug_set_chart_substate_count 00000001800e54a0     sf_runtime:sf_runtime.dll
 0002:000004a8       __imp_sf_debug_set_chart_decomposition 00000001800e54a8     sf_runtime:sf_runtime.dll
 0002:000004b0       __imp_sf_debug_cv_init_chart 00000001800e54b0     sf_runtime:sf_runtime.dll
 0002:000004b8       __imp_sf_debug_cv_init_state 00000001800e54b8     sf_runtime:sf_runtime.dll
 0002:000004c0       __imp_sf_debug_cv_init_trans 00000001800e54c0     sf_runtime:sf_runtime.dll
 0002:000004c8       __imp_cv_eml_init_script   00000001800e54c8     sf_runtime:sf_runtime.dll
 0002:000004d0       __imp_cv_eml_init_fcn      00000001800e54d0     sf_runtime:sf_runtime.dll
 0002:000004d8       __imp_cv_script_init_script 00000001800e54d8     sf_runtime:sf_runtime.dll
 0002:000004e0       __imp_cv_script_init_fcn   00000001800e54e0     sf_runtime:sf_runtime.dll
 0002:000004e8       __imp_cv_script_init_saturation 00000001800e54e8     sf_runtime:sf_runtime.dll
 0002:000004f0       __imp_cv_script_init_if    00000001800e54f0     sf_runtime:sf_runtime.dll
 0002:000004f8       __imp_cv_script_init_mcdc  00000001800e54f8     sf_runtime:sf_runtime.dll
 0002:00000500       __imp_cv_script_init_relational 00000001800e5500     sf_runtime:sf_runtime.dll
 0002:00000508       __imp_sf_debug_set_chart_data_compiled_props 00000001800e5508     sf_runtime:sf_runtime.dll
 0002:00000510       __imp_sf_debug_set_instance_data_value_ptr 00000001800e5510     sf_runtime:sf_runtime.dll
 0002:00000518       __imp_sf_debug_reset_current_state_configuration 00000001800e5518     sf_runtime:sf_runtime.dll
 0002:00000520       __imp_sf_mex_decode_encoded_mx_struct_array 00000001800e5520     sf_runtime:sf_runtime.dll
 0002:00000528       __imp_ssGetInputPortSignal_wrapper 00000001800e5528     sf_runtime:sf_runtime.dll
 0002:00000530       __imp_ssGetOutputPortSignal_wrapper 00000001800e5530     sf_runtime:sf_runtime.dll
 0002:00000538       __imp_sim_mode_is_rtw_gen  00000001800e5538     sf_runtime:sf_runtime.dll
 0002:00000540       __imp_sim_mode_is_external 00000001800e5540     sf_runtime:sf_runtime.dll
 0002:00000548       __imp_sf_rtw_info_uint_prop 00000001800e5548     sf_runtime:sf_runtime.dll
 0002:00000550       __imp_sf_update_buildInfo  00000001800e5550     sf_runtime:sf_runtime.dll
 0002:00000558       __imp_sf_mark_chart_expressionable_inputs 00000001800e5558     sf_runtime:sf_runtime.dll
 0002:00000560       __imp_sf_mark_chart_reusable_outputs 00000001800e5560     sf_runtime:sf_runtime.dll
 0002:00000568       __imp_sf_set_rtw_dwork_info 00000001800e5568     sf_runtime:sf_runtime.dll
 0002:00000570       __imp_sf_mex_error_message 00000001800e5570     sf_runtime:sf_runtime.dll
 0002:00000578       __imp_sf_mex_create        00000001800e5578     sf_runtime:sf_runtime.dll
 0002:00000580       __imp_sf_mex_addfield      00000001800e5580     sf_runtime:sf_runtime.dll
 0002:00000588       __imp_sf_mex_createcellmatrix 00000001800e5588     sf_runtime:sf_runtime.dll
 0002:00000590       __imp_sf_mex_duplicatearraysafe 00000001800e5590     sf_runtime:sf_runtime.dll
 0002:00000598       __imp_sf_mex_destroy       00000001800e5598     sf_runtime:sf_runtime.dll
 0002:000005a0       __imp_sf_mex_createstruct  00000001800e55a0     sf_runtime:sf_runtime.dll
 0002:000005a8       __imp_sf_mex_assign        00000001800e55a8     sf_runtime:sf_runtime.dll
 0002:000005b0       __imp_sf_mex_emlrtNameCapturePostProcessR2012a 00000001800e55b0     sf_runtime:sf_runtime.dll
 0002:000005b8       __imp_sf_load_rtw_optimization_info 00000001800e55b8     sf_runtime:sf_runtime.dll
 0002:000005c0       __imp_sf_debug_initialize_machine 00000001800e55c0     sf_runtime:sf_runtime.dll
 0002:000005c8       __imp_sf_debug_set_machine_event_thresholds 00000001800e55c8     sf_runtime:sf_runtime.dll
 0002:000005d0       __imp_callMdlMethodAndReportError 00000001800e55d0     sf_runtime:sf_runtime.dll
 0002:000005d8       __imp_sf_debug_set_machine_data_thresholds 00000001800e55d8     sf_runtime:sf_runtime.dll
 0002:000005e0       \177sf_runtime_NULL_THUNK_DATA 00000001800e55e0     sf_runtime:sf_runtime.dll
 0002:000005e8       __xc_a                     00000001800e55e8     MSVCRT:cinitexe.obj
 0002:000005f0       __xc_z                     00000001800e55f0     MSVCRT:cinitexe.obj
 0002:000005f8       __xi_a                     00000001800e55f8     MSVCRT:cinitexe.obj
 0002:00000608       __xi_z                     00000001800e5608     MSVCRT:cinitexe.obj
 0002:00000610       __real@41e016f2b4800000    00000001800e5610     Walking_ATRIAS_sfun.obj
 0002:00000618       __real@41e4dfd305200000    00000001800e5618     Walking_ATRIAS_sfun.obj
 0002:00000620       __real@41c0feec00800000    00000001800e5620     Walking_ATRIAS_sfun.obj
 0002:00000628       __real@41d3b98d1b000000    00000001800e5628     Walking_ATRIAS_sfun.obj
 0002:00000630       __real@41caabceaf000000    00000001800e5630     Walking_ATRIAS_sfun.obj
 0002:00000638       __real@41d8790afc800000    00000001800e5638     Walking_ATRIAS_sfun.obj
 0002:00000640       __real@41c49f8dcb800000    00000001800e5640     Walking_ATRIAS_sfun.obj
 0002:00000648       __real@4199e4f9b4000000    00000001800e5648     Walking_ATRIAS_sfun.obj
 0002:00000650       __real@41c3884fce800000    00000001800e5650     Walking_ATRIAS_sfun.obj
 0002:00000658       __real@41e677b420000000    00000001800e5658     Walking_ATRIAS_sfun.obj
 0002:00000660       __real@41d8b55c66c00000    00000001800e5660     Walking_ATRIAS_sfun.obj
 0002:00000668       __real@41cee07534800000    00000001800e5668     Walking_ATRIAS_sfun.obj
 0002:00000670       __real@41e1b1673d000000    00000001800e5670     Walking_ATRIAS_sfun.obj
 0002:00000678       __real@41de585b39400000    00000001800e5678     Walking_ATRIAS_sfun.obj
 0002:00000680       __real@41e6a2e19a400000    00000001800e5680     Walking_ATRIAS_sfun.obj
 0002:00000688       __real@417c6b55d0000000    00000001800e5688     Walking_ATRIAS_sfun.obj
 0002:00000690       __real@41c5049bf7000000    00000001800e5690     c1_Walking_ATRIAS.obj
 0002:00000698       __real@41ea42e923000000    00000001800e5698     c1_Walking_ATRIAS.obj
 0002:000006a0       __real@41e39551ce800000    00000001800e56a0     c1_Walking_ATRIAS.obj
 0002:000006a8       __real@41e9f55c54a00000    00000001800e56a8     c1_Walking_ATRIAS.obj
 0002:000006b0       __real@4024000000000000    00000001800e56b0     c1_Walking_ATRIAS.obj
 0002:000006b8       __real@3ff0000000000000    00000001800e56b8     c1_Walking_ATRIAS.obj
 0002:000006c0       __real@4008000000000000    00000001800e56c0     c1_Walking_ATRIAS.obj
 0002:000006c8       __real@4014000000000000    00000001800e56c8     c1_Walking_ATRIAS.obj
 0002:000006d0       __real@4022000000000000    00000001800e56d0     c1_Walking_ATRIAS.obj
 0002:000006e0       __mask@@NegDouble@         00000001800e56e0     c1_Walking_ATRIAS.obj
 0002:000006f0       __real@3e601b2b29a4692b    00000001800e56f0     c1_Walking_ATRIAS.obj
 0002:000006f8       __real@4060000000000000    00000001800e56f8     c1_Walking_ATRIAS.obj
 0002:00000700       __real@4000000000000000    00000001800e5700     c1_Walking_ATRIAS.obj
 0002:00000708       __real@3f947ae147ae1480    00000001800e5708     c1_Walking_ATRIAS.obj
 0002:00000710       __real@3e45798ee2308c3a    00000001800e5710     c1_Walking_ATRIAS.obj
 0002:00000718       __real@405fc00000000000    00000001800e5718     c1_Walking_ATRIAS.obj
 0002:00000720       __real@0000000000000000    00000001800e5720     c1_Walking_ATRIAS.obj
 0002:00000728       __real@4070000000000000    00000001800e5728     c1_Walking_ATRIAS.obj
 0002:00000730       __real@3fef5c28f5c28f5c    00000001800e5730     c1_Walking_ATRIAS.obj
 0002:00000738       __real@3f50624dd2f1a9fc    00000001800e5738     c1_Walking_ATRIAS.obj
 0002:00000740       __real@0010000000000000    00000001800e5740     c1_Walking_ATRIAS.obj
 0002:00000748       __real@41dcaa962b000000    00000001800e5748     c2_Walking_ATRIAS.obj
 0002:00000750       __real@41e64cb749200000    00000001800e5750     c2_Walking_ATRIAS.obj
 0002:00000758       __real@41e98ffbf5000000    00000001800e5758     c2_Walking_ATRIAS.obj
 0002:00000760       __real@41ee33b2e1800000    00000001800e5760     c2_Walking_ATRIAS.obj
 0002:00000768       __real@401921fb54442d18    00000001800e5768     c2_Walking_ATRIAS.obj
 0002:00000770       __real@4018000000000000    00000001800e5770     c2_Walking_ATRIAS.obj
 0002:00000778       __real@bff0000000000000    00000001800e5778     c2_Walking_ATRIAS.obj
 0002:00000780       __real@400921fb54442d18    00000001800e5780     c2_Walking_ATRIAS.obj
 0002:00000788       __real@41e536525bc00000    00000001800e5788     c4_Walking_ATRIAS.obj
 0002:00000790       __real@41d11c4c22400000    00000001800e5790     c4_Walking_ATRIAS.obj
 0002:00000798       __real@41cd18b9b8000000    00000001800e5798     c4_Walking_ATRIAS.obj
 0002:000007a0       __real@41e6bd77c4a00000    00000001800e57a0     c4_Walking_ATRIAS.obj
 0002:000007a8       __real@c00becde5da115a9    00000001800e57a8     c4_Walking_ATRIAS.obj
 0002:000007b0       __real@400becde5da115a9    00000001800e57b0     c4_Walking_ATRIAS.obj
 0002:000007b8       __real@4066800000000000    00000001800e57b8     c4_Walking_ATRIAS.obj
 0002:000007c0       __real@41d7d17a3d400000    00000001800e57c0     c31_Walking_ATRIAS.obj
 0002:000007c8       __real@41ec15224c600000    00000001800e57c8     c31_Walking_ATRIAS.obj
 0002:000007d0       __real@41edac0dcd600000    00000001800e57d0     c31_Walking_ATRIAS.obj
 0002:000007d8       __real@41ce9b0e78800000    00000001800e57d8     c31_Walking_ATRIAS.obj
 0002:000007e0       __real@402a000000000000    00000001800e57e0     c31_Walking_ATRIAS.obj
 0002:000007e8       __real@41e97af89a400000    00000001800e57e8     c35_Walking_ATRIAS.obj
 0002:000007f0       __real@41e1c47081800000    00000001800e57f0     c35_Walking_ATRIAS.obj
 0002:000007f8       __real@41b28fab4d000000    00000001800e57f8     c35_Walking_ATRIAS.obj
 0002:00000800       __real@41ec06a7b7a00000    00000001800e5800     c35_Walking_ATRIAS.obj
 0002:00000808       __real@40c0000000000000    00000001800e5808     c35_Walking_ATRIAS.obj
 0002:00000810       __real@404e000000000000    00000001800e5810     c35_Walking_ATRIAS.obj
 0002:00000818       __real@41b10c576e000000    00000001800e5818     c36_Walking_ATRIAS.obj
 0002:00000820       __real@41c69c3e4c800000    00000001800e5820     c36_Walking_ATRIAS.obj
 0002:00000828       __real@41d1ba2983800000    00000001800e5828     c36_Walking_ATRIAS.obj
 0002:00000830       __real@41d7e8f8e5400000    00000001800e5830     c36_Walking_ATRIAS.obj
 0002:00000838       __real@3f459af348ce267c    00000001800e5838     c36_Walking_ATRIAS.obj
 0002:00000840       __real@4065800000000000    00000001800e5840     c36_Walking_ATRIAS.obj
 0002:00000848       __real@400599999999999a    00000001800e5848     c36_Walking_ATRIAS.obj
 0002:00000850       __real@41c7882719000000    00000001800e5850     c37_Walking_ATRIAS.obj
 0002:00000858       __real@41c37a5c05800000    00000001800e5858     c37_Walking_ATRIAS.obj
 0002:00000860       __real@41e44a3f46e00000    00000001800e5860     c37_Walking_ATRIAS.obj
 0002:00000868       __real@41e002c230e00000    00000001800e5868     c37_Walking_ATRIAS.obj
 0002:00000870       __real@40a1f80000000000    00000001800e5870     c37_Walking_ATRIAS.obj
 0002:00000878       __real@40ac200000000000    00000001800e5878     c37_Walking_ATRIAS.obj
 0002:00000880       __real@404e19999999999a    00000001800e5880     c37_Walking_ATRIAS.obj
 0002:00000888       __real@4094500000000000    00000001800e5888     c37_Walking_ATRIAS.obj
 0002:00000890       __real@41e418cbcc000000    00000001800e5890     c38_Walking_ATRIAS.obj
 0002:00000898       __real@41e3b715cce00000    00000001800e5898     c38_Walking_ATRIAS.obj
 0002:000008a0       __real@41ec1b410aa00000    00000001800e58a0     c38_Walking_ATRIAS.obj
 0002:000008a8       __real@41df0fd608c00000    00000001800e58a8     c38_Walking_ATRIAS.obj
 0002:000008b0       __real@403e000000000000    00000001800e58b0     c38_Walking_ATRIAS.obj
 0002:000008b8       __real@419341f388000000    00000001800e58b8     c39_Walking_ATRIAS.obj
 0002:000008c0       __real@41ea38e53e600000    00000001800e58c0     c39_Walking_ATRIAS.obj
 0002:000008c8       __real@41e4ce3bcbe00000    00000001800e58c8     c39_Walking_ATRIAS.obj
 0002:000008d0       __real@41de29f854c00000    00000001800e58d0     c39_Walking_ATRIAS.obj
 0002:000008d8       __real@41f0000000000000    00000001800e58d8     c39_Walking_ATRIAS.obj
 0002:000008e0       __real@41dce5cde8800000    00000001800e58e0     c43_Walking_ATRIAS.obj
 0002:000008e8       __real@41e20e651b000000    00000001800e58e8     c43_Walking_ATRIAS.obj
 0002:000008f0       __real@41991239bc000000    00000001800e58f0     c43_Walking_ATRIAS.obj
 0002:000008f8       __real@41da039b54c00000    00000001800e58f8     c43_Walking_ATRIAS.obj
 0002:00000900       __real@4010000000000000    00000001800e5900     c43_Walking_ATRIAS.obj
 0002:00000908       __real@4034000000000000    00000001800e5908     c43_Walking_ATRIAS.obj
 0002:00000910       __real@41d8f4b9a0c00000    00000001800e5910     c44_Walking_ATRIAS.obj
 0002:00000918       __real@41c2806644000000    00000001800e5918     c44_Walking_ATRIAS.obj
 0002:00000920       __real@41a63876e8000000    00000001800e5920     c44_Walking_ATRIAS.obj
 0002:00000928       __real@41ea24c305000000    00000001800e5928     c44_Walking_ATRIAS.obj
 0002:00000930       __real@41d81a605c000000    00000001800e5930     c45_Walking_ATRIAS.obj
 0002:00000938       __real@41cc14f06a800000    00000001800e5938     c45_Walking_ATRIAS.obj
 0002:00000940       __real@41b885d12d000000    00000001800e5940     c45_Walking_ATRIAS.obj
 0002:00000948       __real@41cced6730800000    00000001800e5948     c45_Walking_ATRIAS.obj
 0002:00000950       __real@41e101492ea00000    00000001800e5950     c48_Walking_ATRIAS.obj
 0002:00000958       __real@41e4fa46e0a00000    00000001800e5958     c48_Walking_ATRIAS.obj
 0002:00000960       __real@41a95e0396000000    00000001800e5960     c48_Walking_ATRIAS.obj
 0002:00000968       __real@41d7675d1b000000    00000001800e5968     c48_Walking_ATRIAS.obj
 0002:00000970       __real@41c1871b15000000    00000001800e5970     c49_Walking_ATRIAS.obj
 0002:00000978       __real@41c9f06be0800000    00000001800e5978     c49_Walking_ATRIAS.obj
 0002:00000980       __real@41bb328832000000    00000001800e5980     c49_Walking_ATRIAS.obj
 0002:00000988       __real@41c8c2206d000000    00000001800e5988     c49_Walking_ATRIAS.obj
 0002:00000990       __real@401c000000000000    00000001800e5990     c49_Walking_ATRIAS.obj
 0002:00000998       __real@3fe0000000000000    00000001800e5998     c49_Walking_ATRIAS.obj
 0002:000009a0       __real@3cb0000000000000    00000001800e59a0     c49_Walking_ATRIAS.obj
 0002:000009a8       __real@4049000000000000    00000001800e59a8     c49_Walking_ATRIAS.obj
 0002:000009b0       __real@41b229634f000000    00000001800e59b0     c50_Walking_ATRIAS.obj
 0002:000009b8       __real@41ebf84b22a00000    00000001800e59b8     c50_Walking_ATRIAS.obj
 0002:000009c0       __real@41c51e8eb3800000    00000001800e59c0     c50_Walking_ATRIAS.obj
 0002:000009c8       __real@41d196b6b0400000    00000001800e59c8     c50_Walking_ATRIAS.obj
 0002:000009d0       __real@41d154970d400000    00000001800e59d0     c59_Walking_ATRIAS.obj
 0002:000009d8       __real@41b76283aa000000    00000001800e59d8     c59_Walking_ATRIAS.obj
 0002:000009e0       __real@41d7dc7529800000    00000001800e59e0     c59_Walking_ATRIAS.obj
 0002:000009e8       __real@41d4bc173ac00000    00000001800e59e8     c59_Walking_ATRIAS.obj
 0002:000009f0       __real@4033000000000000    00000001800e59f0     c59_Walking_ATRIAS.obj
 0002:000009f8       __real@41d648ef30000000    00000001800e59f8     c60_Walking_ATRIAS.obj
 0002:00000a00       __real@41d323868cc00000    00000001800e5a00     c60_Walking_ATRIAS.obj
 0002:00000a08       __real@41d1f2b0db800000    00000001800e5a08     c60_Walking_ATRIAS.obj
 0002:00000a10       __real@41c5027feb000000    00000001800e5a10     c60_Walking_ATRIAS.obj
 0002:00000a18       __real@405e000000000000    00000001800e5a18     c60_Walking_ATRIAS.obj
 0002:00000a20       __real@4044000000000000    00000001800e5a20     c60_Walking_ATRIAS.obj
 0002:00000a28       __real@4044800000000000    00000001800e5a28     c60_Walking_ATRIAS.obj
 0002:00000a30       __real@0000000000000001    00000001800e5a30     c60_Walking_ATRIAS.obj
 0002:00000a40       DYNAMIC_DIMENSION_DEF      00000001800e5a40     Walking_ATRIAS_sfun_registry.obj
 0002:00000a60       _ssBadLevel2InputAccessMsg 00000001800e5a60     Walking_ATRIAS_sfun_registry.obj
 0002:00000bf0       _ssBadLevel2DirectFeedMsg  00000001800e5bf0     Walking_ATRIAS_sfun_registry.obj
 0002:00000d30       _ssBadLevel2DirectFeedSolutionMsg 00000001800e5d30     Walking_ATRIAS_sfun_registry.obj
 0002:00000da0       _ssBadLevel2ZeroDirectFeedMsg 00000001800e5da0     Walking_ATRIAS_sfun_registry.obj
 0002:00000ee0       _ssBadLevel2ZeroDirectFeedMsg2 00000001800e5ee0     Walking_ATRIAS_sfun_registry.obj
 0002:00000fc8       __real@41602cbca0000000    00000001800e5fc8     Walking_ATRIAS_sfun_registry.obj
 0002:00000fd0       _pRawDllMain               00000001800e5fd0     MSVCRT:crtdll.obj
 0002:00000fd0       _pDefaultRawDllMain        00000001800e5fd0     MSVCRT:crtdll.obj
 0002:00000fe8       ?ProcessDetach@NativeDll@<CrtImplementationDetails>@@0IB 00000001800e5fe8     MSVCRT:tncleanup.obj
 0002:00000fec       ?ProcessAttach@NativeDll@<CrtImplementationDetails>@@0IB 00000001800e5fec     MSVCRT:tncleanup.obj
 0002:00000ff0       ?ThreadAttach@NativeDll@<CrtImplementationDetails>@@0IB 00000001800e5ff0     MSVCRT:tncleanup.obj
 0002:00000ff4       ?ThreadDetach@NativeDll@<CrtImplementationDetails>@@0IB 00000001800e5ff4     MSVCRT:tncleanup.obj
 0002:00000ff8       ?ProcessVerifier@NativeDll@<CrtImplementationDetails>@@0IB 00000001800e5ff8     MSVCRT:tncleanup.obj
 0002:00001000       __rtc_iaa                  00000001800e6000     MSVCRT:_initsect_.obj
 0002:00001008       __rtc_izz                  00000001800e6008     MSVCRT:_initsect_.obj
 0002:00001010       __rtc_taa                  00000001800e6010     MSVCRT:_initsect_.obj
 0002:00001018       __rtc_tzz                  00000001800e6018     MSVCRT:_initsect_.obj
 0002:000035e4       __IMPORT_DESCRIPTOR_sf_runtime 00000001800e85e4     sf_runtime:sf_runtime.dll
 0002:000035f8       __IMPORT_DESCRIPTOR_libmx  00000001800e85f8     libmx:libmx.dll
 0002:0000360c       __IMPORT_DESCRIPTOR_libmex 00000001800e860c     libmex:libmex.dll
 0002:00003620       __IMPORT_DESCRIPTOR_libut  00000001800e8620     libut:libut.dll
 0002:00003634       __IMPORT_DESCRIPTOR_libmwmathutil 00000001800e8634     libmwmathutil:libmwmathutil.dll
 0002:00003648       __IMPORT_DESCRIPTOR_MSVCR100 00000001800e8648     MSVCRT:MSVCR100.dll
 0002:0000365c       __IMPORT_DESCRIPTOR_KERNEL32 00000001800e865c     kernel32:KERNEL32.dll
 0002:00003670       __NULL_IMPORT_DESCRIPTOR   00000001800e8670     sf_runtime:sf_runtime.dll
 0003:0003f7c0       DYNAMIC_DIMENSION          00000001801297c0     Walking_ATRIAS_sfun_registry.obj
 0003:000403c8       __security_cookie          000000018012a3c8     MSVCRT:gs_cookie.obj
 0003:000403d0       __security_cookie_complement 000000018012a3d0     MSVCRT:gs_cookie.obj
 0003:000403d8       _fltused                   000000018012a3d8     MSVCRT:dllsupp.obj
 0003:000403e0       __native_dllmain_reason    000000018012a3e0     MSVCRT:natstart.obj
 0003:000403e4       __native_vcclrit_reason    000000018012a3e4     MSVCRT:natstart.obj
 0003:00040698       sfGlobalDebugInstanceStruct 000000018012a698     Walking_ATRIAS_sfun_registry.obj
 0003:00040c20       ?__type_info_root_node@@3U__type_info_node@@A 000000018012ac20     MSVCRT:tncleanup.obj
 0003:00040c30       _Walking_ATRIASMachineNumber_ 000000018012ac30     <common>
 0003:00040c34       __native_startup_state     000000018012ac34     <common>
 0003:00040c38       __native_startup_lock      000000018012ac38     <common>
 0003:00040c40       __onexitend                000000018012ac40     <common>
 0003:00040c48       __onexitbegin              000000018012ac48     <common>
 0003:00040c50       __dyn_tls_init_callback    000000018012ac50     <common>

 entry point at        0001:000e2b1c

 Static symbols

 0001:00002b90       c1_info_helper             0000000180003b90 f   c1_Walking_ATRIAS.obj
 0001:0000c800       c1_emlrt_marshallOut       000000018000d800 f   c1_Walking_ATRIAS.obj
 0001:0000c890       c1_b_emlrt_marshallOut     000000018000d890 f   c1_Walking_ATRIAS.obj
[...]
 0001:000a4b90       sf_opaque_terminate_c49_Walking_ATRIAS 00000001800a5b90 f   c49_Walking_ATRIAS.obj
 0001:000a4c30       finalize_c49_Walking_ATRIAS 00000001800a5c30 f   c49_Walking_ATRIAS.obj
 0001:000a4c40       sf_opaque_init_subchart_simstructs 00000001800a5c40 f   c49_Walking_ATRIAS.obj
 0001:000a4c60       initSimStructsc49_Walking_ATRIAS 00000001800a5c60 f   c49_Walking_ATRIAS.obj
 0001:000a4c70       mdlRTW_c49_Walking_ATRIAS  00000001800a5c70 f   c49_Walking_ATRIAS.obj
 0001:000a4d20       c50_info_helper            00000001800a5d20 f   c50_Walking_ATRIAS.obj
 0001:000a5df0       c50_emlrt_marshallOut      00000001800a6df0 f   c50_Walking_ATRIAS.obj
 0001:000a5e80       c50_b_emlrt_marshallOut    00000001800a6e80 f   c50_Walking_ATRIAS.obj
 0001:000a68d0       mdlProcessParameters_c50_Walking_ATRIAS 00000001800a78d0 f   c50_Walking_ATRIAS.obj
 0001:000a69b0       initialize_params_c50_Walking_ATRIAS 00000001800a79b0 f   c50_Walking_ATRIAS.obj
 0001:000a69c0       mdlSetWorkWidths_c50_Walking_ATRIAS 00000001800a79c0 f   c50_Walking_ATRIAS.obj
 0001:000a6ef0       sf_get_instance_specialization 00000001800a7ef0 f   c50_Walking_ATRIAS.obj
 0001:000a6f00       mdlStart_c50_Walking_ATRIAS 00000001800a7f00 f   c50_Walking_ATRIAS.obj
 0001:000a7180       init_dsm_address_info      00000001800a8180 f   c50_Walking_ATRIAS.obj
 0001:000a7190       init_simulink_io_address   00000001800a8190 f   c50_Walking_ATRIAS.obj
 0001:000a7220       sf_get_sim_state_info_c50_Walking_ATRIAS 00000001800a8220 f   c50_Walking_ATRIAS.obj
 0001:000a72e0       chart_debug_initialization 00000001800a82e0 f   c50_Walking_ATRIAS.obj
 0001:000a7d80       init_script_number_translation 00000001800a8d80 f   c50_Walking_ATRIAS.obj
 0001:000a7da0       c50_sf_marshallOut         00000001800a8da0 f   c50_Walking_ATRIAS.obj
 0001:000a7f20       c50_sf_marshallIn          00000001800a8f20 f   c50_Walking_ATRIAS.obj
 0001:000a8030       c50_b_emlrt_marshallIn     00000001800a9030 f   c50_Walking_ATRIAS.obj
 0001:000a8120       c50_b_sf_marshallOut       00000001800a9120 f   c50_Walking_ATRIAS.obj
 0001:000a81d0       c50_c_sf_marshallOut       00000001800a91d0 f   c50_Walking_ATRIAS.obj
 0001:000a8360       sf_opaque_initialize_c50_Walking_ATRIAS 00000001800a9360 f   c50_Walking_ATRIAS.obj
 0001:000a83a0       initialize_c50_Walking_ATRIAS 00000001800a93a0 f   c50_Walking_ATRIAS.obj
 0001:000a83f0       sf_opaque_enable_c50_Walking_ATRIAS 00000001800a93f0 f   c50_Walking_ATRIAS.obj
 0001:000a8410       enable_c50_Walking_ATRIAS  00000001800a9410 f   c50_Walking_ATRIAS.obj
 0001:000a8440       sf_opaque_disable_c50_Walking_ATRIAS 00000001800a9440 f   c50_Walking_ATRIAS.obj
 0001:000a8460       disable_c50_Walking_ATRIAS 00000001800a9460 f   c50_Walking_ATRIAS.obj
 0001:000a8490       sf_opaque_gateway_c50_Walking_ATRIAS 00000001800a9490 f   c50_Walking_ATRIAS.obj
 0001:000a84b0       sf_gateway_c50_Walking_ATRIAS 00000001800a94b0 f   c50_Walking_ATRIAS.obj
 0001:000a8790       c50_chartstep_c50_Walking_ATRIAS 00000001800a9790 f   c50_Walking_ATRIAS.obj
 0001:000ab2a0       c50_d_sf_marshallOut       00000001800ac2a0 f   c50_Walking_ATRIAS.obj
 0001:000ab350       c50_b_sf_marshallIn        00000001800ac350 f   c50_Walking_ATRIAS.obj
 0001:000ab3f0       c50_c_emlrt_marshallIn     00000001800ac3f0 f   c50_Walking_ATRIAS.obj
 0001:000ab480       sf_opaque_get_sim_state_c50_Walking_ATRIAS 00000001800ac480 f   c50_Walking_ATRIAS.obj
 0001:000ab4d0       get_sim_state_c50_Walking_ATRIAS 00000001800ac4d0 f   c50_Walking_ATRIAS.obj
 0001:000ab6e0       sf_opaque_set_sim_state_c50_Walking_ATRIAS 00000001800ac6e0 f   c50_Walking_ATRIAS.obj
 0001:000ab730       set_sim_state_c50_Walking_ATRIAS 00000001800ac730 f   c50_Walking_ATRIAS.obj
 0001:000ab860       c50_update_debugger_state_c50_Walking_ATRIAS 00000001800ac860 f   c50_Walking_ATRIAS.obj
 0001:000ab870       c50_emlrt_marshallIn       00000001800ac870 f   c50_Walking_ATRIAS.obj
 0001:000ab8e0       c50_e_emlrt_marshallIn     00000001800ac8e0 f   c50_Walking_ATRIAS.obj
 0001:000ab940       c50_f_emlrt_marshallIn     00000001800ac940 f   c50_Walking_ATRIAS.obj
 0001:000ab9d0       sf_opaque_terminate_c50_Walking_ATRIAS 00000001800ac9d0 f   c50_Walking_ATRIAS.obj
 0001:000aba70       finalize_c50_Walking_ATRIAS 00000001800aca70 f   c50_Walking_ATRIAS.obj
 0001:000aba80       sf_opaque_init_subchart_simstructs 00000001800aca80 f   c50_Walking_ATRIAS.obj
 0001:000abaa0       initSimStructsc50_Walking_ATRIAS 00000001800acaa0 f   c50_Walking_ATRIAS.obj
 0001:000abab0       mdlRTW_c50_Walking_ATRIAS  00000001800acab0 f   c50_Walking_ATRIAS.obj
 0001:000abb60       c59_info_helper            00000001800acb60 f   c59_Walking_ATRIAS.obj
 0001:000b1340       c59_emlrt_marshallOut      00000001800b2340 f   c59_Walking_ATRIAS.obj
 0001:000b13d0       c59_b_emlrt_marshallOut    00000001800b23d0 f   c59_Walking_ATRIAS.obj
 0001:000b2700       mdlProcessParameters_c59_Walking_ATRIAS 00000001800b3700 f   c59_Walking_ATRIAS.obj
 0001:000b27e0       initialize_params_c59_Walking_ATRIAS 00000001800b37e0 f   c59_Walking_ATRIAS.obj
 0001:000b27f0       mdlSetWorkWidths_c59_Walking_ATRIAS 00000001800b37f0 f   c59_Walking_ATRIAS.obj
 0001:000b2e40       sf_get_instance_specialization 00000001800b3e40 f   c59_Walking_ATRIAS.obj
 0001:000b2e50       mdlStart_c59_Walking_ATRIAS 00000001800b3e50 f   c59_Walking_ATRIAS.obj
 0001:000b30d0       init_dsm_address_info      00000001800b40d0 f   c59_Walking_ATRIAS.obj
 0001:000b30e0       init_simulink_io_address   00000001800b40e0 f   c59_Walking_ATRIAS.obj
 0001:000b3240       sf_get_sim_state_info_c59_Walking_ATRIAS 00000001800b4240 f   c59_Walking_ATRIAS.obj
 0001:000b3300       chart_debug_initialization 00000001800b4300 f   c59_Walking_ATRIAS.obj
 0001:000b4890       init_script_number_translation 00000001800b5890 f   c59_Walking_ATRIAS.obj
 0001:000b48b0       c59_sf_marshallOut         00000001800b58b0 f   c59_Walking_ATRIAS.obj
 0001:000b4a20       c59_sf_marshallIn          00000001800b5a20 f   c59_Walking_ATRIAS.obj
 0001:000b4b50       c59_b_emlrt_marshallIn     00000001800b5b50 f   c59_Walking_ATRIAS.obj
 0001:000b4c50       c59_b_sf_marshallOut       00000001800b5c50 f   c59_Walking_ATRIAS.obj
 0001:000b4d00       c59_c_sf_marshallOut       00000001800b5d00 f   c59_Walking_ATRIAS.obj
 0001:000b4e60       c59_d_sf_marshallOut       00000001800b5e60 f   c59_Walking_ATRIAS.obj
 0001:000b4f80       c59_e_sf_marshallOut       00000001800b5f80 f   c59_Walking_ATRIAS.obj
 0001:000b5030       c59_f_sf_marshallOut       00000001800b6030 f   c59_Walking_ATRIAS.obj
 0001:000b5180       c59_g_sf_marshallOut       00000001800b6180 f   c59_Walking_ATRIAS.obj
 0001:000b52f0       sf_opaque_initialize_c59_Walking_ATRIAS 00000001800b62f0 f   c59_Walking_ATRIAS.obj
 0001:000b5330       initialize_c59_Walking_ATRIAS 00000001800b6330 f   c59_Walking_ATRIAS.obj
 0001:000b5380       sf_opaque_enable_c59_Walking_ATRIAS 00000001800b6380 f   c59_Walking_ATRIAS.obj
 0001:000b53a0       enable_c59_Walking_ATRIAS  00000001800b63a0 f   c59_Walking_ATRIAS.obj
 0001:000b53d0       sf_opaque_disable_c59_Walking_ATRIAS 00000001800b63d0 f   c59_Walking_ATRIAS.obj
 0001:000b53f0       disable_c59_Walking_ATRIAS 00000001800b63f0 f   c59_Walking_ATRIAS.obj
 0001:000b5420       sf_opaque_gateway_c59_Walking_ATRIAS 00000001800b6420 f   c59_Walking_ATRIAS.obj
 0001:000b5440       sf_gateway_c59_Walking_ATRIAS 00000001800b6440 f   c59_Walking_ATRIAS.obj
 0001:000b5a40       c59_chartstep_c59_Walking_ATRIAS 00000001800b6a40 f   c59_Walking_ATRIAS.obj
 0001:000b6f90       c59_b_sf_marshallIn        00000001800b7f90 f   c59_Walking_ATRIAS.obj
 0001:000b7030       c59_c_emlrt_marshallIn     00000001800b8030 f   c59_Walking_ATRIAS.obj
 0001:000b70c0       c59_realmax                00000001800b80c0 f   c59_Walking_ATRIAS.obj
 0001:000b70d0       sf_opaque_get_sim_state_c59_Walking_ATRIAS 00000001800b80d0 f   c59_Walking_ATRIAS.obj
 0001:000b7120       get_sim_state_c59_Walking_ATRIAS 00000001800b8120 f   c59_Walking_ATRIAS.obj
 0001:000b73f0       sf_opaque_set_sim_state_c59_Walking_ATRIAS 00000001800b83f0 f   c59_Walking_ATRIAS.obj
 0001:000b7440       set_sim_state_c59_Walking_ATRIAS 00000001800b8440 f   c59_Walking_ATRIAS.obj
 0001:000b75f0       c59_update_debugger_state_c59_Walking_ATRIAS 00000001800b85f0 f   c59_Walking_ATRIAS.obj
 0001:000b7600       c59_emlrt_marshallIn       00000001800b8600 f   c59_Walking_ATRIAS.obj
 0001:000b7670       c59_e_emlrt_marshallIn     00000001800b8670 f   c59_Walking_ATRIAS.obj
 0001:000b76d0       c59_f_emlrt_marshallIn     00000001800b86d0 f   c59_Walking_ATRIAS.obj
 0001:000b7760       sf_opaque_terminate_c59_Walking_ATRIAS 00000001800b8760 f   c59_Walking_ATRIAS.obj
 0001:000b7800       finalize_c59_Walking_ATRIAS 00000001800b8800 f   c59_Walking_ATRIAS.obj
 0001:000b7810       sf_opaque_init_subchart_simstructs 00000001800b8810 f   c59_Walking_ATRIAS.obj
 0001:000b7830       initSimStructsc59_Walking_ATRIAS 00000001800b8830 f   c59_Walking_ATRIAS.obj
 0001:000b7840       mdlRTW_c59_Walking_ATRIAS  00000001800b8840 f   c59_Walking_ATRIAS.obj
 0001:000b7900       c60_info_helper            00000001800b8900 f   c60_Walking_ATRIAS.obj
 0001:000c1570       c60_emlrt_marshallOut      00000001800c2570 f   c60_Walking_ATRIAS.obj
 0001:000c1600       c60_b_emlrt_marshallOut    00000001800c2600 f   c60_Walking_ATRIAS.obj
 0001:000c1670       c60_b_info_helper          00000001800c2670 f   c60_Walking_ATRIAS.obj
 0001:000cb2e0       c60_c_info_helper          00000001800cc2e0 f   c60_Walking_ATRIAS.obj
 0001:000ceb50       mdlProcessParameters_c60_Walking_ATRIAS 00000001800cfb50 f   c60_Walking_ATRIAS.obj
 0001:000cec30       initialize_params_c60_Walking_ATRIAS 00000001800cfc30 f   c60_Walking_ATRIAS.obj
 0001:000cec40       mdlSetWorkWidths_c60_Walking_ATRIAS 00000001800cfc40 f   c60_Walking_ATRIAS.obj
 0001:000cf200       sf_get_instance_specialization 00000001800d0200 f   c60_Walking_ATRIAS.obj
 0001:000cf210       mdlStart_c60_Walking_ATRIAS 00000001800d0210 f   c60_Walking_ATRIAS.obj
 0001:000cf490       init_dsm_address_info      00000001800d0490 f   c60_Walking_ATRIAS.obj
 0001:000cf4a0       init_simulink_io_address   00000001800d04a0 f   c60_Walking_ATRIAS.obj
 0001:000cf5e0       sf_get_sim_state_info_c60_Walking_ATRIAS 00000001800d05e0 f   c60_Walking_ATRIAS.obj
 0001:000cf6a0       chart_debug_initialization 00000001800d06a0 f   c60_Walking_ATRIAS.obj
 0001:000d1000       init_script_number_translation 00000001800d2000 f   c60_Walking_ATRIAS.obj
 0001:000d10f0       c60_sf_marshallOut         00000001800d20f0 f   c60_Walking_ATRIAS.obj
 0001:000d11a0       c60_sf_marshallIn          00000001800d21a0 f   c60_Walking_ATRIAS.obj
 0001:000d1240       c60_b_emlrt_marshallIn     00000001800d2240 f   c60_Walking_ATRIAS.obj
 0001:000d12d0       c60_b_sf_marshallOut       00000001800d22d0 f   c60_Walking_ATRIAS.obj
 0001:000d1450       c60_b_sf_marshallIn        00000001800d2450 f   c60_Walking_ATRIAS.obj
 0001:000d1560       c60_d_emlrt_marshallIn     00000001800d2560 f   c60_Walking_ATRIAS.obj
 0001:000d1650       c60_c_sf_marshallOut       00000001800d2650 f   c60_Walking_ATRIAS.obj
 0001:000d17e0       c60_d_sf_marshallOut       00000001800d27e0 f   c60_Walking_ATRIAS.obj
 0001:000d1890       sf_opaque_initialize_c60_Walking_ATRIAS 00000001800d2890 f   c60_Walking_ATRIAS.obj
 0001:000d18d0       initialize_c60_Walking_ATRIAS 00000001800d28d0 f   c60_Walking_ATRIAS.obj
 0001:000d1920       sf_opaque_enable_c60_Walking_ATRIAS 00000001800d2920 f   c60_Walking_ATRIAS.obj
 0001:000d1940       enable_c60_Walking_ATRIAS  00000001800d2940 f   c60_Walking_ATRIAS.obj
 0001:000d1970       sf_opaque_disable_c60_Walking_ATRIAS 00000001800d2970 f   c60_Walking_ATRIAS.obj
 0001:000d1990       disable_c60_Walking_ATRIAS 00000001800d2990 f   c60_Walking_ATRIAS.obj
 0001:000d19c0       sf_opaque_gateway_c60_Walking_ATRIAS 00000001800d29c0 f   c60_Walking_ATRIAS.obj
 0001:000d19e0       sf_gateway_c60_Walking_ATRIAS 00000001800d29e0 f   c60_Walking_ATRIAS.obj
 0001:000d2840       c60_MARLOSafety_ATRIAS     00000001800d3840 f   c60_Walking_ATRIAS.obj
 0001:000d4cc0       c60_MARLOBasicSafetyLimits2 00000001800d5cc0 f   c60_Walking_ATRIAS.obj
 0001:000d60d0       c60_MARLOBasicSafetyLimits3 00000001800d70d0 f   c60_Walking_ATRIAS.obj
 0001:000d74b0       c60_MARLOBasicSafetyLimits 00000001800d84b0 f   c60_Walking_ATRIAS.obj
 0001:000d8880       c60_e_sf_marshallOut       00000001800d9880 f   c60_Walking_ATRIAS.obj
 0001:000d89d0       c60_c_sf_marshallIn        00000001800d99d0 f   c60_Walking_ATRIAS.obj
 0001:000d8ad0       c60_e_emlrt_marshallIn     00000001800d9ad0 f   c60_Walking_ATRIAS.obj
 0001:000d8bc0       c60_d_sf_marshallIn        00000001800d9bc0 f   c60_Walking_ATRIAS.obj
 0001:000d8ce0       c60_f_emlrt_marshallIn     00000001800d9ce0 f   c60_Walking_ATRIAS.obj
 0001:000d8de0       c60_f_sf_marshallOut       00000001800d9de0 f   c60_Walking_ATRIAS.obj
 0001:000d9030       c60_g_sf_marshallOut       00000001800da030 f   c60_Walking_ATRIAS.obj
 0001:000d91b0       c60_e_sf_marshallIn        00000001800da1b0 f   c60_Walking_ATRIAS.obj
 0001:000d92e0       c60_g_emlrt_marshallIn     00000001800da2e0 f   c60_Walking_ATRIAS.obj
 0001:000d93d0       c60_f_sf_marshallIn        00000001800da3d0 f   c60_Walking_ATRIAS.obj
 0001:000d9470       c60_h_emlrt_marshallIn     00000001800da470 f   c60_Walking_ATRIAS.obj
 0001:000d9500       c60_h_sf_marshallOut       00000001800da500 f   c60_Walking_ATRIAS.obj
 0001:000d9680       c60_eml_scalar_eg          00000001800da680 f   c60_Walking_ATRIAS.obj
 0001:000d9690       c60_mpower                 00000001800da690 f   c60_Walking_ATRIAS.obj
 0001:000d9710       c60_b_mpower               00000001800da710 f   c60_Walking_ATRIAS.obj
 0001:000d9790       c60_b_eml_scalar_eg        00000001800da790 f   c60_Walking_ATRIAS.obj
 0001:000d97a0       c60_sum                    00000001800da7a0 f   c60_Walking_ATRIAS.obj
 0001:000d98e0       c60_intmin                 00000001800da8e0 f   c60_Walking_ATRIAS.obj
 0001:000d9900       c60_isfinite               00000001800da900 f   c60_Walking_ATRIAS.obj
 0001:000d9ac0       c60_any                    00000001800daac0 f   c60_Walking_ATRIAS.obj
 0001:000d9cc0       c60_abs                    00000001800dacc0 f   c60_Walking_ATRIAS.obj
 0001:000d9ec0       c60_eml_error              00000001800daec0 f   c60_Walking_ATRIAS.obj
 0001:000da010       c60_bsearch                00000001800db010 f   c60_Walking_ATRIAS.obj
 0001:000dadb0       c60_b_eml_xgemm            00000001800dbdb0 f   c60_Walking_ATRIAS.obj
 0001:000dae90       sf_opaque_get_sim_state_c60_Walking_ATRIAS 00000001800dbe90 f   c60_Walking_ATRIAS.obj
 0001:000daee0       get_sim_state_c60_Walking_ATRIAS 00000001800dbee0 f   c60_Walking_ATRIAS.obj
 0001:000db2f0       sf_opaque_set_sim_state_c60_Walking_ATRIAS 00000001800dc2f0 f   c60_Walking_ATRIAS.obj
 0001:000db340       set_sim_state_c60_Walking_ATRIAS 00000001800dc340 f   c60_Walking_ATRIAS.obj
 0001:000db530       c60_update_debugger_state_c60_Walking_ATRIAS 00000001800dc530 f   c60_Walking_ATRIAS.obj
 0001:000db540       c60_emlrt_marshallIn       00000001800dc540 f   c60_Walking_ATRIAS.obj
 0001:000db5b0       c60_c_emlrt_marshallIn     00000001800dc5b0 f   c60_Walking_ATRIAS.obj
 0001:000db620       c60_j_emlrt_marshallIn     00000001800dc620 f   c60_Walking_ATRIAS.obj
 0001:000db680       c60_k_emlrt_marshallIn     00000001800dc680 f   c60_Walking_ATRIAS.obj
 0001:000db710       sf_opaque_terminate_c60_Walking_ATRIAS 00000001800dc710 f   c60_Walking_ATRIAS.obj
 0001:000db7b0       finalize_c60_Walking_ATRIAS 00000001800dc7b0 f   c60_Walking_ATRIAS.obj
 0001:000db7c0       sf_opaque_init_subchart_simstructs 00000001800dc7c0 f   c60_Walking_ATRIAS.obj
 0001:000db7e0       initSimStructsc60_Walking_ATRIAS 00000001800dc7e0 f   c60_Walking_ATRIAS.obj
 0001:000db7f0       mdlRTW_c60_Walking_ATRIAS  00000001800dc7f0 f   c60_Walking_ATRIAS.obj
 0001:000dc5f0       getChartInfoFromSimStruct  00000001800dd5f0 f   Walking_ATRIAS_sfun_registry.obj
 0001:000ddc90       _ssFatalError              00000001800dec90 f   Walking_ATRIAS_sfun_registry.obj
 0001:000e0d40       ProcessMexSfunctionCmdLineCall 00000001800e1d40 f   Walking_ATRIAS_sfun_registry.obj
 0001:000e0f10       sf_debug_api_wrapper       00000001800e1f10 f   Walking_ATRIAS_sfun_registry.obj
 0001:000e0f60       mdlStart                   00000001800e1f60 f   Walking_ATRIAS_sfun_registry.obj
 0001:000e0f90       mdl_start_processing       00000001800e1f90 f   Walking_ATRIAS_sfun_registry.obj
 0001:000e1050       mdlTerminate               00000001800e2050 f   Walking_ATRIAS_sfun_registry.obj
 0001:000e1080       mdl_terminate_processing   00000001800e2080 f   Walking_ATRIAS_sfun_registry.obj
 0001:000e1100       mdlInitializeSampleTimes   00000001800e2100 f   Walking_ATRIAS_sfun_registry.obj
 0001:000e1130       mdlZeroCrossings           00000001800e2130 f   Walking_ATRIAS_sfun_registry.obj
 0001:000e1160       mdl_zeroCrossings_processing 00000001800e2160 f   Walking_ATRIAS_sfun_registry.obj
 0001:000e11a0       mdlDerivatives             00000001800e21a0 f   Walking_ATRIAS_sfun_registry.obj
 0001:000e11d0       mdl_derivatives_processing 00000001800e21d0 f   Walking_ATRIAS_sfun_registry.obj
 0001:000e1220       mdlInitializeConditions    00000001800e2220 f   Walking_ATRIAS_sfun_registry.obj
 0001:000e1250       mdl_initialize_conditions_processing 00000001800e2250 f   Walking_ATRIAS_sfun_registry.obj
 0001:000e12a0       mdlEnable                  00000001800e22a0 f   Walking_ATRIAS_sfun_registry.obj
 0001:000e12d0       mdl_enable_processing      00000001800e22d0 f   Walking_ATRIAS_sfun_registry.obj
 0001:000e1310       mdlDisable                 00000001800e2310 f   Walking_ATRIAS_sfun_registry.obj
 0001:000e1340       mdl_disable_processing     00000001800e2340 f   Walking_ATRIAS_sfun_registry.obj
 0001:000e1380       mdlOutputs                 00000001800e2380 f   Walking_ATRIAS_sfun_registry.obj
 0001:000e13b0       mdl_outputs_processing     00000001800e23b0 f   Walking_ATRIAS_sfun_registry.obj
 0001:000e1490       mdl_outputs_continuous_legacy 00000001800e2490 f   Walking_ATRIAS_sfun_registry.obj
 0001:000e1580       mdlGetTimeOfNextVarHit     00000001800e2580 f   Walking_ATRIAS_sfun_registry.obj
 0001:000e15d0       _ProcessMexSfunctionCmdLineCall 00000001800e25d0 f   Walking_ATRIAS_sfun_registry.obj
 0001:000e1d20       mdlSetWorkWidths           00000001800e2d20 f   Walking_ATRIAS_sfun_registry.obj
 0001:000e1d50       mdlProcessParameters       00000001800e2d50 f   Walking_ATRIAS_sfun_registry.obj
 0001:000e1d80       mdlInitializeSizes         00000001800e2d80 f   Walking_ATRIAS_sfun_registry.obj
 0001:000e1db0       mdlExtModeExec             00000001800e2db0 f   Walking_ATRIAS_sfun_registry.obj
 0001:000e1de0       mdl_ext_mode_exec_processing 00000001800e2de0 f   Walking_ATRIAS_sfun_registry.obj
 0001:000e1e20       mdlRTW                     00000001800e2e20 f   Walking_ATRIAS_sfun_registry.obj
 0001:000e1e60       _CreateSimStruct           00000001800e2e60 f   Walking_ATRIAS_sfun_registry.obj
 0001:000e1ff0       _RegNumInputPortsCB        00000001800e2ff0 f   Walking_ATRIAS_sfun_registry.obj
 0001:000e2070       _RegNumOutputPortsCB       00000001800e3070 f   Walking_ATRIAS_sfun_registry.obj
 0001:000e2724       pre_c_init                 00000001800e3724 f   MSVCRT:crtdll.obj
 0001:000e29e0       __DllMainCRTStartup        00000001800e39e0 f   MSVCRT:crtdll.obj
 0001:000e3050       __DllMainCRTStartup$filt$0 00000001800e4050 f   MSVCRT:crtdll.obj
 0001:000e3080       __DllMainCRTStartup$fin$1  00000001800e4080 f   MSVCRT:crtdll.obj
 0001:000e309a       _onexit$fin$0              00000001800e409a f   MSVCRT:atonexit.obj
 0001:000e30c0       _IsNonwritableInCurrentImage$filt$0 00000001800e40c0 f   MSVCRT:pesect.obj
