 DDA2D_OSU3Dv2_sfun

 Timestamp is 56381cb9 (Mon Nov 02 21:32:25 2015)

 Preferred load address is 0000000180000000

 Start         Length     Name                   Class
 0001:00000000 002bf394H .text                   CODE
 0001:002bf3a0 00000092H .text$x                 CODE
 0002:00000000 00000678H .idata$5                DATA
 0002:00000678 00000008H .CRT$XCA                DATA
 0002:00000680 00000008H .CRT$XCZ                DATA
 0002:00000688 00000008H .CRT$XIA                DATA
 0002:00000690 00000008H .CRT$XIAA               DATA
 0002:00000698 00000008H .CRT$XIZ                DATA
 0002:000006a0 00000d4cH .rdata                  DATA
 0002:000013f0 00000008H .rtc$IAA                DATA
 0002:000013f8 00000008H .rtc$IZZ                DATA
 0002:00001400 00000008H .rtc$TAA                DATA
 0002:00001408 00000008H .rtc$TZZ                DATA
 0002:00001410 0000362cH .xdata                  DATA
 0002:00004a3c 000000a0H .idata$2                DATA
 0002:00004adc 00000014H .idata$3                DATA
 0002:00004af0 00000678H .idata$4                DATA
 0002:00005168 00001292H .idata$6                DATA
 0002:00006400 00000058H .edata                  DATA
 0003:00000000 000a96c8H .data                   DATA
 0003:000a96d0 00000c28H .bss                    DATA
 0004:00000000 00003984H .pdata                  DATA

  Address         Publics by Value              Rva+Base               Lib:Object

 0000:00000000       ___safe_se_handler_table   0000000000000000     <absolute>
 0000:00000000       ___safe_se_handler_count   0000000000000000     <absolute>
 0000:00000000       __ImageBase                0000000180000000     <linker-defined>
 0001:00000000       DDA2D_OSU3Dv2_initializer  0000000180001000 f   DDA2D_OSU3Dv2_sfun.obj
 0001:00000010       DDA2D_OSU3Dv2_terminator   0000000180001010 f   DDA2D_OSU3Dv2_sfun.obj
 0001:00000020       sf_DDA2D_OSU3Dv2_method_dispatcher 0000000180001020 f   DDA2D_OSU3Dv2_sfun.obj
 0001:00000210       sf_DDA2D_OSU3Dv2_uses_exported_functions 0000000180001210 f   DDA2D_OSU3Dv2_sfun.obj
 0001:00000250       sf_DDA2D_OSU3Dv2_process_testpoint_info_call 0000000180001250 f   DDA2D_OSU3Dv2_sfun.obj
 0001:000003d0       sf_DDA2D_OSU3Dv2_process_check_sum_call 00000001800013d0 f   DDA2D_OSU3Dv2_sfun.obj
 0001:00000940       sf_DDA2D_OSU3Dv2_autoinheritance_info 0000000180001940 f   DDA2D_OSU3Dv2_sfun.obj
 0001:00000ea0       sf_DDA2D_OSU3Dv2_get_eml_resolved_functions_info 0000000180001ea0 f   DDA2D_OSU3Dv2_sfun.obj
 0001:00001310       sf_DDA2D_OSU3Dv2_third_party_uses_info 0000000180002310 f   DDA2D_OSU3Dv2_sfun.obj
 0001:00001710       sf_DDA2D_OSU3Dv2_jit_fallback_info 0000000180002710 f   DDA2D_OSU3Dv2_sfun.obj
 0001:00001b10       sf_DDA2D_OSU3Dv2_updateBuildInfo_args_info 0000000180002b10 f   DDA2D_OSU3Dv2_sfun.obj
 0001:00001f10       sf_DDA2D_OSU3Dv2_get_post_codegen_info 0000000180002f10 f   DDA2D_OSU3Dv2_sfun.obj
 0001:000022b0       DDA2D_OSU3Dv2_debug_initialize 00000001800032b0 f   DDA2D_OSU3Dv2_sfun.obj
 0001:00002330       DDA2D_OSU3Dv2_register_exported_symbols 0000000180003330 f   DDA2D_OSU3Dv2_sfun.obj
 0001:00002340       load_DDA2D_OSU3Dv2_optimization_info 0000000180003340 f   DDA2D_OSU3Dv2_sfun.obj
 0001:00002390       unload_DDA2D_OSU3Dv2_optimization_info 0000000180003390 f   DDA2D_OSU3Dv2_sfun.obj
 0001:000023c0       sf_c2_DDA2D_OSU3Dv2_get_eml_resolved_functions_info 00000001800033c0 f   c2_DDA2D_OSU3Dv2.obj
 0001:0001fa90       sf_c2_DDA2D_OSU3Dv2_get_check_sum 0000000180020a90 f   c2_DDA2D_OSU3Dv2.obj
 0001:0001fb10       sf_c2_DDA2D_OSU3Dv2_get_autoinheritance_info 0000000180020b10 f   c2_DDA2D_OSU3Dv2.obj
 0001:000211a0       sf_c2_DDA2D_OSU3Dv2_third_party_uses_info 00000001800221a0 f   c2_DDA2D_OSU3Dv2.obj
 0001:000211d0       sf_c2_DDA2D_OSU3Dv2_jit_fallback_info 00000001800221d0 f   c2_DDA2D_OSU3Dv2.obj
 0001:000212a0       sf_c2_DDA2D_OSU3Dv2_updateBuildInfo_args_info 00000001800222a0 f   c2_DDA2D_OSU3Dv2.obj
 0001:000212d0       sf_c2_DDA2D_OSU3Dv2_get_post_codegen_info 00000001800222d0 f   c2_DDA2D_OSU3Dv2.obj
 0001:000213a0       c2_DDA2D_OSU3Dv2_method_dispatcher 00000001800223a0 f   c2_DDA2D_OSU3Dv2.obj
 0001:00043310       sf_c3_DDA2D_OSU3Dv2_get_eml_resolved_functions_info 0000000180044310 f   c3_DDA2D_OSU3Dv2.obj
 0001:0004d0f0       sf_c3_DDA2D_OSU3Dv2_get_check_sum 000000018004e0f0 f   c3_DDA2D_OSU3Dv2.obj
 0001:0004d170       sf_c3_DDA2D_OSU3Dv2_get_autoinheritance_info 000000018004e170 f   c3_DDA2D_OSU3Dv2.obj
 0001:0004e000       sf_c3_DDA2D_OSU3Dv2_third_party_uses_info 000000018004f000 f   c3_DDA2D_OSU3Dv2.obj
 0001:0004e030       sf_c3_DDA2D_OSU3Dv2_jit_fallback_info 000000018004f030 f   c3_DDA2D_OSU3Dv2.obj
 0001:0004e100       sf_c3_DDA2D_OSU3Dv2_updateBuildInfo_args_info 000000018004f100 f   c3_DDA2D_OSU3Dv2.obj
 0001:0004e130       sf_c3_DDA2D_OSU3Dv2_get_post_codegen_info 000000018004f130 f   c3_DDA2D_OSU3Dv2.obj
 0001:0004e200       c3_DDA2D_OSU3Dv2_method_dispatcher 000000018004f200 f   c3_DDA2D_OSU3Dv2.obj
 0001:00057250       sf_c4_DDA2D_OSU3Dv2_get_eml_resolved_functions_info 0000000180058250 f   c4_DDA2D_OSU3Dv2.obj
 0001:000572d0       sf_c4_DDA2D_OSU3Dv2_get_check_sum 00000001800582d0 f   c4_DDA2D_OSU3Dv2.obj
 0001:00057350       sf_c4_DDA2D_OSU3Dv2_get_autoinheritance_info 0000000180058350 f   c4_DDA2D_OSU3Dv2.obj
 0001:00057900       sf_c4_DDA2D_OSU3Dv2_third_party_uses_info 0000000180058900 f   c4_DDA2D_OSU3Dv2.obj
 0001:00057930       sf_c4_DDA2D_OSU3Dv2_jit_fallback_info 0000000180058930 f   c4_DDA2D_OSU3Dv2.obj
 0001:00057a00       sf_c4_DDA2D_OSU3Dv2_updateBuildInfo_args_info 0000000180058a00 f   c4_DDA2D_OSU3Dv2.obj
 0001:00057a30       sf_c4_DDA2D_OSU3Dv2_get_post_codegen_info 0000000180058a30 f   c4_DDA2D_OSU3Dv2.obj
 0001:00057b00       c4_DDA2D_OSU3Dv2_method_dispatcher 0000000180058b00 f   c4_DDA2D_OSU3Dv2.obj
 0001:0005a660       sf_c8_DDA2D_OSU3Dv2_get_eml_resolved_functions_info 000000018005b660 f   c8_DDA2D_OSU3Dv2.obj
 0001:00064440       sf_c8_DDA2D_OSU3Dv2_get_check_sum 0000000180065440 f   c8_DDA2D_OSU3Dv2.obj
 0001:000644c0       sf_c8_DDA2D_OSU3Dv2_get_autoinheritance_info 00000001800654c0 f   c8_DDA2D_OSU3Dv2.obj
 0001:00065350       sf_c8_DDA2D_OSU3Dv2_third_party_uses_info 0000000180066350 f   c8_DDA2D_OSU3Dv2.obj
 0001:00065380       sf_c8_DDA2D_OSU3Dv2_jit_fallback_info 0000000180066380 f   c8_DDA2D_OSU3Dv2.obj
 0001:00065450       sf_c8_DDA2D_OSU3Dv2_updateBuildInfo_args_info 0000000180066450 f   c8_DDA2D_OSU3Dv2.obj
 0001:00065480       sf_c8_DDA2D_OSU3Dv2_get_post_codegen_info 0000000180066480 f   c8_DDA2D_OSU3Dv2.obj
 0001:00065550       c8_DDA2D_OSU3Dv2_method_dispatcher 0000000180066550 f   c8_DDA2D_OSU3Dv2.obj
 0001:0006e730       sf_c9_DDA2D_OSU3Dv2_get_eml_resolved_functions_info 000000018006f730 f   c9_DDA2D_OSU3Dv2.obj
 0001:00072580       sf_c9_DDA2D_OSU3Dv2_get_check_sum 0000000180073580 f   c9_DDA2D_OSU3Dv2.obj
 0001:00072600       sf_c9_DDA2D_OSU3Dv2_get_autoinheritance_info 0000000180073600 f   c9_DDA2D_OSU3Dv2.obj
 0001:000734c0       sf_c9_DDA2D_OSU3Dv2_third_party_uses_info 00000001800744c0 f   c9_DDA2D_OSU3Dv2.obj
 0001:000734f0       sf_c9_DDA2D_OSU3Dv2_jit_fallback_info 00000001800744f0 f   c9_DDA2D_OSU3Dv2.obj
 0001:000735c0       sf_c9_DDA2D_OSU3Dv2_updateBuildInfo_args_info 00000001800745c0 f   c9_DDA2D_OSU3Dv2.obj
 0001:000735f0       sf_c9_DDA2D_OSU3Dv2_get_post_codegen_info 00000001800745f0 f   c9_DDA2D_OSU3Dv2.obj
 0001:000736c0       c9_DDA2D_OSU3Dv2_method_dispatcher 00000001800746c0 f   c9_DDA2D_OSU3Dv2.obj
 0001:00097d90       sf_c11_DDA2D_OSU3Dv2_get_eml_resolved_functions_info 0000000180098d90 f   c11_DDA2D_OSU3Dv2.obj
 0001:0009bbe0       sf_c11_DDA2D_OSU3Dv2_get_check_sum 000000018009cbe0 f   c11_DDA2D_OSU3Dv2.obj
 0001:0009bc60       sf_c11_DDA2D_OSU3Dv2_get_autoinheritance_info 000000018009cc60 f   c11_DDA2D_OSU3Dv2.obj
 0001:0009c0c0       sf_c11_DDA2D_OSU3Dv2_third_party_uses_info 000000018009d0c0 f   c11_DDA2D_OSU3Dv2.obj
 0001:0009c0f0       sf_c11_DDA2D_OSU3Dv2_jit_fallback_info 000000018009d0f0 f   c11_DDA2D_OSU3Dv2.obj
 0001:0009c1c0       sf_c11_DDA2D_OSU3Dv2_updateBuildInfo_args_info 000000018009d1c0 f   c11_DDA2D_OSU3Dv2.obj
 0001:0009c1f0       sf_c11_DDA2D_OSU3Dv2_get_post_codegen_info 000000018009d1f0 f   c11_DDA2D_OSU3Dv2.obj
 0001:0009c2c0       c11_DDA2D_OSU3Dv2_method_dispatcher 000000018009d2c0 f   c11_DDA2D_OSU3Dv2.obj
 0001:000b12a0       sf_c64_DDA2D_OSU3Dv2_get_eml_resolved_functions_info 00000001800b22a0 f   c64_DDA2D_OSU3Dv2.obj
 0001:000b6700       sf_c64_DDA2D_OSU3Dv2_get_check_sum 00000001800b7700 f   c64_DDA2D_OSU3Dv2.obj
 0001:000b6780       sf_c64_DDA2D_OSU3Dv2_get_autoinheritance_info 00000001800b7780 f   c64_DDA2D_OSU3Dv2.obj
 0001:000b6d30       sf_c64_DDA2D_OSU3Dv2_third_party_uses_info 00000001800b7d30 f   c64_DDA2D_OSU3Dv2.obj
 0001:000b6d60       sf_c64_DDA2D_OSU3Dv2_jit_fallback_info 00000001800b7d60 f   c64_DDA2D_OSU3Dv2.obj
 0001:000b6e30       sf_c64_DDA2D_OSU3Dv2_updateBuildInfo_args_info 00000001800b7e30 f   c64_DDA2D_OSU3Dv2.obj
 0001:000b6e60       sf_c64_DDA2D_OSU3Dv2_get_post_codegen_info 00000001800b7e60 f   c64_DDA2D_OSU3Dv2.obj
 0001:000b6f30       c64_DDA2D_OSU3Dv2_method_dispatcher 00000001800b7f30 f   c64_DDA2D_OSU3Dv2.obj
 0001:000b9d70       sf_c65_DDA2D_OSU3Dv2_get_eml_resolved_functions_info 00000001800bad70 f   c65_DDA2D_OSU3Dv2.obj
 0001:000bde40       sf_c65_DDA2D_OSU3Dv2_get_check_sum 00000001800bee40 f   c65_DDA2D_OSU3Dv2.obj
 0001:000bdec0       sf_c65_DDA2D_OSU3Dv2_get_autoinheritance_info 00000001800beec0 f   c65_DDA2D_OSU3Dv2.obj
 0001:000bec10       sf_c65_DDA2D_OSU3Dv2_third_party_uses_info 00000001800bfc10 f   c65_DDA2D_OSU3Dv2.obj
 0001:000bec40       sf_c65_DDA2D_OSU3Dv2_jit_fallback_info 00000001800bfc40 f   c65_DDA2D_OSU3Dv2.obj
 0001:000bed10       sf_c65_DDA2D_OSU3Dv2_updateBuildInfo_args_info 00000001800bfd10 f   c65_DDA2D_OSU3Dv2.obj
 0001:000bed40       sf_c65_DDA2D_OSU3Dv2_get_post_codegen_info 00000001800bfd40 f   c65_DDA2D_OSU3Dv2.obj
 0001:000bee10       c65_DDA2D_OSU3Dv2_method_dispatcher 00000001800bfe10 f   c65_DDA2D_OSU3Dv2.obj
 0001:000cc620       sf_c66_DDA2D_OSU3Dv2_get_eml_resolved_functions_info 00000001800cd620 f   c66_DDA2D_OSU3Dv2.obj
 0001:000d0200       sf_c66_DDA2D_OSU3Dv2_get_check_sum 00000001800d1200 f   c66_DDA2D_OSU3Dv2.obj
 0001:000d0280       sf_c66_DDA2D_OSU3Dv2_get_autoinheritance_info 00000001800d1280 f   c66_DDA2D_OSU3Dv2.obj
 0001:000d0ff0       sf_c66_DDA2D_OSU3Dv2_third_party_uses_info 00000001800d1ff0 f   c66_DDA2D_OSU3Dv2.obj
 0001:000d1020       sf_c66_DDA2D_OSU3Dv2_jit_fallback_info 00000001800d2020 f   c66_DDA2D_OSU3Dv2.obj
 0001:000d10f0       sf_c66_DDA2D_OSU3Dv2_updateBuildInfo_args_info 00000001800d20f0 f   c66_DDA2D_OSU3Dv2.obj
 0001:000d1120       sf_c66_DDA2D_OSU3Dv2_get_post_codegen_info 00000001800d2120 f   c66_DDA2D_OSU3Dv2.obj
 0001:000d11f0       c66_DDA2D_OSU3Dv2_method_dispatcher 00000001800d21f0 f   c66_DDA2D_OSU3Dv2.obj
 0001:000da4f0       sf_c67_DDA2D_OSU3Dv2_get_eml_resolved_functions_info 00000001800db4f0 f   c67_DDA2D_OSU3Dv2.obj
 0001:000f76e0       sf_c67_DDA2D_OSU3Dv2_get_check_sum 00000001800f86e0 f   c67_DDA2D_OSU3Dv2.obj
 0001:000f7760       sf_c67_DDA2D_OSU3Dv2_get_autoinheritance_info 00000001800f8760 f   c67_DDA2D_OSU3Dv2.obj
 0001:000f80d0       sf_c67_DDA2D_OSU3Dv2_third_party_uses_info 00000001800f90d0 f   c67_DDA2D_OSU3Dv2.obj
 0001:000f8100       sf_c67_DDA2D_OSU3Dv2_jit_fallback_info 00000001800f9100 f   c67_DDA2D_OSU3Dv2.obj
 0001:000f81d0       sf_c67_DDA2D_OSU3Dv2_updateBuildInfo_args_info 00000001800f91d0 f   c67_DDA2D_OSU3Dv2.obj
 0001:000f8200       sf_c67_DDA2D_OSU3Dv2_get_post_codegen_info 00000001800f9200 f   c67_DDA2D_OSU3Dv2.obj
 0001:000f82d0       c67_DDA2D_OSU3Dv2_method_dispatcher 00000001800f92d0 f   c67_DDA2D_OSU3Dv2.obj
 0001:00121560       sf_c68_DDA2D_OSU3Dv2_get_eml_resolved_functions_info 0000000180122560 f   c68_DDA2D_OSU3Dv2.obj
 0001:00154e90       sf_c68_DDA2D_OSU3Dv2_get_check_sum 0000000180155e90 f   c68_DDA2D_OSU3Dv2.obj
 0001:00154f10       sf_c68_DDA2D_OSU3Dv2_get_autoinheritance_info 0000000180155f10 f   c68_DDA2D_OSU3Dv2.obj
 0001:00157770       sf_c68_DDA2D_OSU3Dv2_third_party_uses_info 0000000180158770 f   c68_DDA2D_OSU3Dv2.obj
 0001:001577a0       sf_c68_DDA2D_OSU3Dv2_jit_fallback_info 00000001801587a0 f   c68_DDA2D_OSU3Dv2.obj
 0001:00157870       sf_c68_DDA2D_OSU3Dv2_updateBuildInfo_args_info 0000000180158870 f   c68_DDA2D_OSU3Dv2.obj
 0001:001578a0       sf_c68_DDA2D_OSU3Dv2_get_post_codegen_info 00000001801588a0 f   c68_DDA2D_OSU3Dv2.obj
 0001:00157970       c68_DDA2D_OSU3Dv2_method_dispatcher 0000000180158970 f   c68_DDA2D_OSU3Dv2.obj
 0001:001c70d0       sf_c69_DDA2D_OSU3Dv2_get_eml_resolved_functions_info 00000001801c80d0 f   c69_DDA2D_OSU3Dv2.obj
 0001:001fa290       sf_c69_DDA2D_OSU3Dv2_get_check_sum 00000001801fb290 f   c69_DDA2D_OSU3Dv2.obj
 0001:001fa310       sf_c69_DDA2D_OSU3Dv2_get_autoinheritance_info 00000001801fb310 f   c69_DDA2D_OSU3Dv2.obj
 0001:001fc290       sf_c69_DDA2D_OSU3Dv2_third_party_uses_info 00000001801fd290 f   c69_DDA2D_OSU3Dv2.obj
 0001:001fc2c0       sf_c69_DDA2D_OSU3Dv2_jit_fallback_info 00000001801fd2c0 f   c69_DDA2D_OSU3Dv2.obj
 0001:001fc390       sf_c69_DDA2D_OSU3Dv2_updateBuildInfo_args_info 00000001801fd390 f   c69_DDA2D_OSU3Dv2.obj
 0001:001fc3c0       sf_c69_DDA2D_OSU3Dv2_get_post_codegen_info 00000001801fd3c0 f   c69_DDA2D_OSU3Dv2.obj
 0001:001fc490       sf_c69_DDA2D_OSU3Dv2_get_testpoint_info 00000001801fd490 f   c69_DDA2D_OSU3Dv2.obj
 0001:001fc4a0       c69_DDA2D_OSU3Dv2_method_dispatcher 00000001801fd4a0 f   c69_DDA2D_OSU3Dv2.obj
 0001:0029bd30       sf_c70_DDA2D_OSU3Dv2_get_eml_resolved_functions_info 000000018029cd30 f   c70_DDA2D_OSU3Dv2.obj
 0001:0029bdb0       sf_c70_DDA2D_OSU3Dv2_get_check_sum 000000018029cdb0 f   c70_DDA2D_OSU3Dv2.obj
 0001:0029be30       sf_c70_DDA2D_OSU3Dv2_get_autoinheritance_info 000000018029ce30 f   c70_DDA2D_OSU3Dv2.obj
 0001:0029c7a0       sf_c70_DDA2D_OSU3Dv2_third_party_uses_info 000000018029d7a0 f   c70_DDA2D_OSU3Dv2.obj
 0001:0029c7d0       sf_c70_DDA2D_OSU3Dv2_jit_fallback_info 000000018029d7d0 f   c70_DDA2D_OSU3Dv2.obj
 0001:0029c8a0       sf_c70_DDA2D_OSU3Dv2_updateBuildInfo_args_info 000000018029d8a0 f   c70_DDA2D_OSU3Dv2.obj
 0001:0029c8d0       sf_c70_DDA2D_OSU3Dv2_get_post_codegen_info 000000018029d8d0 f   c70_DDA2D_OSU3Dv2.obj
 0001:0029c9a0       c70_DDA2D_OSU3Dv2_method_dispatcher 000000018029d9a0 f   c70_DDA2D_OSU3Dv2.obj
 0001:002b7b10       sf_process_check_sum_call  00000001802b8b10 f   DDA2D_OSU3Dv2_sfun_registry.obj
 0001:002b7b60       sf_process_machine_uses_exported_functions_call 00000001802b8b60 f   DDA2D_OSU3Dv2_sfun_registry.obj
 0001:002b7cb0       sf_process_testpoint_info_call 00000001802b8cb0 f   DDA2D_OSU3Dv2_sfun_registry.obj
 0001:002b7d00       sf_process_autoinheritance_call 00000001802b8d00 f   DDA2D_OSU3Dv2_sfun_registry.obj
 0001:002b7ea0       sf_process_get_third_party_uses_info_call 00000001802b8ea0 f   DDA2D_OSU3Dv2_sfun_registry.obj
 0001:002b8040       sf_process_get_jit_fallback_info_call 00000001802b9040 f   DDA2D_OSU3Dv2_sfun_registry.obj
 0001:002b81e0       sf_process_get_updateBuildInfo_args_info_call 00000001802b91e0 f   DDA2D_OSU3Dv2_sfun_registry.obj
 0001:002b8380       sf_process_get_eml_resolved_functions_info_call 00000001802b9380 f   DDA2D_OSU3Dv2_sfun_registry.obj
 0001:002b8500       sf_process_get_post_codegen_info 00000001802b9500 f   DDA2D_OSU3Dv2_sfun_registry.obj
 0001:002b8650       sf_mex_unlock_call         00000001802b9650 f   DDA2D_OSU3Dv2_sfun_registry.obj
 0001:002b8700       sf_machine_global_initializer_called 00000001802b9700 f   DDA2D_OSU3Dv2_sfun_registry.obj
 0001:002b8730       sf_machine_global_method_dispatcher 00000001802b9730 f   DDA2D_OSU3Dv2_sfun_registry.obj
 0001:002b8790       sf_machine_global_terminator 00000001802b9790 f   DDA2D_OSU3Dv2_sfun_registry.obj
 0001:002b87e0       sf_register_machine_exported_symbols 00000001802b97e0 f   DDA2D_OSU3Dv2_sfun_registry.obj
 0001:002b8800       callCustomFcn              00000001802b9800 f   DDA2D_OSU3Dv2_sfun_registry.obj
 0001:002b8810       sf_machine_global_initializer 00000001802b9810 f   DDA2D_OSU3Dv2_sfun_registry.obj
 0001:002b8890       mdlGetSimState             00000001802b9890 f   DDA2D_OSU3Dv2_sfun_registry.obj
 0001:002b8910       mdlSetSimState             00000001802b9910 f   DDA2D_OSU3Dv2_sfun_registry.obj
 0001:002b8950       _ssSetStateAbsTol          00000001802b9950 f   DDA2D_OSU3Dv2_sfun_registry.obj
 0001:002b8a30       _ssGetAbsTol               00000001802b9a30 f   DDA2D_OSU3Dv2_sfun_registry.obj
 0001:002b8aa0       _ssSetInputPortMatrixDimensions 00000001802b9aa0 f   DDA2D_OSU3Dv2_sfun_registry.obj
 0001:002b8bb0       _ssSetOutputPortMatrixDimensions 00000001802b9bb0 f   DDA2D_OSU3Dv2_sfun_registry.obj
 0001:002b8cc0       _ssSetInputPortVectorDimension 00000001802b9cc0 f   DDA2D_OSU3Dv2_sfun_registry.obj
 0001:002b8d90       _ssSetOutputPortVectorDimension 00000001802b9d90 f   DDA2D_OSU3Dv2_sfun_registry.obj
 0001:002b8e60       ssIsRunTimeParamTunable    00000001802b9e60 f   DDA2D_OSU3Dv2_sfun_registry.obj
 0001:002b8ed0       ssGetSFuncBlockHandle      00000001802b9ed0 f   DDA2D_OSU3Dv2_sfun_registry.obj
 0001:002b8f40       _ssGetCurrentInputPortWidth 00000001802b9f40 f   DDA2D_OSU3Dv2_sfun_registry.obj
 0001:002b9060       _ssGetCurrentOutputPortWidth 00000001802ba060 f   DDA2D_OSU3Dv2_sfun_registry.obj
 0001:002b9180       _ssGetCallSystemNumFcnCallDestinations 00000001802ba180 f   DDA2D_OSU3Dv2_sfun_registry.obj
 0001:002b91f0       ssWarning                  00000001802ba1f0 f   DDA2D_OSU3Dv2_sfun_registry.obj
 0001:002b9300       ssGetIsZeroCrossControlDisabled 00000001802ba300 f   DDA2D_OSU3Dv2_sfun_registry.obj
 0001:002b9370       ssSetIsInputPortUsedForContZcSignal 00000001802ba370 f   DDA2D_OSU3Dv2_sfun_registry.obj
 0001:002b93e0       ssSetZcSignalIsZcElementDisc 00000001802ba3e0 f   DDA2D_OSU3Dv2_sfun_registry.obj
 0001:002b9490       ssSetZcSignalName          00000001802ba490 f   DDA2D_OSU3Dv2_sfun_registry.obj
 0001:002b9500       ssSetZcSignalWidth         00000001802ba500 f   DDA2D_OSU3Dv2_sfun_registry.obj
 0001:002b9570       ssSetZcSignalZcEventType   00000001802ba570 f   DDA2D_OSU3Dv2_sfun_registry.obj
 0001:002b95e0       ssSetZcSignalType          00000001802ba5e0 f   DDA2D_OSU3Dv2_sfun_registry.obj
 0001:002b9650       ssSetZcSignalZcTol         00000001802ba650 f   DDA2D_OSU3Dv2_sfun_registry.obj
 0001:002b96c0       ssSetZcSignalNeedsEventNotification 00000001802ba6c0 f   DDA2D_OSU3Dv2_sfun_registry.obj
 0001:002b9730       ssCreateAndAddZcSignalInfo 00000001802ba730 f   DDA2D_OSU3Dv2_sfun_registry.obj
 0001:002b97a0       ssCloneAndAddZcSignalInfo  00000001802ba7a0 f   DDA2D_OSU3Dv2_sfun_registry.obj
 0001:002b9810       ssGetNumZcSignals          00000001802ba810 f   DDA2D_OSU3Dv2_sfun_registry.obj
 0001:002b9880       ssGetZcSignalVector        00000001802ba880 f   DDA2D_OSU3Dv2_sfun_registry.obj
 0001:002b98f0       ssGetZcSignalZcEvents      00000001802ba8f0 f   DDA2D_OSU3Dv2_sfun_registry.obj
 0001:002b9960       ssGetZcSignalName          00000001802ba960 f   DDA2D_OSU3Dv2_sfun_registry.obj
 0001:002b99d0       ssGetZcSignalWidth         00000001802ba9d0 f   DDA2D_OSU3Dv2_sfun_registry.obj
 0001:002b9a40       ssGetZcSignalZcEventType   00000001802baa40 f   DDA2D_OSU3Dv2_sfun_registry.obj
 0001:002b9ab0       ssGetZcSignalType          00000001802baab0 f   DDA2D_OSU3Dv2_sfun_registry.obj
 0001:002b9b20       ssGetZcSignalZcTol         00000001802bab20 f   DDA2D_OSU3Dv2_sfun_registry.obj
 0001:002b9ba0       ssGetZcSignalNeedsEventNotification 00000001802baba0 f   DDA2D_OSU3Dv2_sfun_registry.obj
 0001:002b9c10       ssGetZcSignalIsZcElementDisc 00000001802bac10 f   DDA2D_OSU3Dv2_sfun_registry.obj
 0001:002b9cb0       ssGetIsInputPortElementContinuous 00000001802bacb0 f   DDA2D_OSU3Dv2_sfun_registry.obj
 0001:002b9d50       _ssGetInputPortSignalPtrsFcn 00000001802bad50 f   DDA2D_OSU3Dv2_sfun_registry.obj
 0001:002ba010       _ssGetInputPortSignalFcn   00000001802bb010 f   DDA2D_OSU3Dv2_sfun_registry.obj
 0001:002ba230       _ssSetInputPortDirectFeedThroughFcn 00000001802bb230 f   DDA2D_OSU3Dv2_sfun_registry.obj
 0001:002ba390       _ssSetInputPortReusableFcn 00000001802bb390 f   DDA2D_OSU3Dv2_sfun_registry.obj
 0001:002ba480       _ssSetOutputPortReusableFcn 00000001802bb480 f   DDA2D_OSU3Dv2_sfun_registry.obj
 0001:002ba560       ssGetDTypeIdFromMxArray    00000001802bb560 f   DDA2D_OSU3Dv2_sfun_registry.obj
 0001:002ba680       ssWriteRTWStr              00000001802bb680 f   DDA2D_OSU3Dv2_sfun_registry.obj
 0001:002ba6e0       ssWriteRTWMxVectParam      00000001802bb6e0 f   DDA2D_OSU3Dv2_sfun_registry.obj
 0001:002ba740       ssWriteRTWMx2dMatParam     00000001802bb740 f   DDA2D_OSU3Dv2_sfun_registry.obj
 0001:002ba7c0       ssWriteRTWNameValuePair    00000001802bb7c0 f   DDA2D_OSU3Dv2_sfun_registry.obj
 0001:002bacb0       ssWriteRTWParameters       00000001802bbcb0 f   DDA2D_OSU3Dv2_sfun_registry.obj
 0001:002bb2b0       ssWriteRTWParamSettings    00000001802bc2b0 f   DDA2D_OSU3Dv2_sfun_registry.obj
 0001:002bb980       ssWriteRTWWorkVect         00000001802bc980 f   DDA2D_OSU3Dv2_sfun_registry.obj
 0001:002bbe80       mexFunction                00000001802bce80 f   DDA2D_OSU3Dv2_sfun_registry.obj
 0001:002be3d0       ProcessMexSfunctionEveryCall 00000001802bf3d0 f   DDA2D_OSU3Dv2_sfun_registry.obj
 0001:002be552       sf_debug_set_machine_data_thresholds 00000001802bf552 f   sf_runtime:sf_runtime.dll
 0001:002be558       sf_debug_set_machine_event_thresholds 00000001802bf558 f   sf_runtime:sf_runtime.dll
 0001:002be55e       sf_debug_initialize_machine 00000001802bf55e f   sf_runtime:sf_runtime.dll
 0001:002be564       sf_load_rtw_optimization_info 00000001802bf564 f   sf_runtime:sf_runtime.dll
 0001:002be56a       sf_mex_emlrtNameCapturePostProcessR2012a 00000001802bf56a f   sf_runtime:sf_runtime.dll
 0001:002be570       sf_mex_assign              00000001802bf570 f   sf_runtime:sf_runtime.dll
 0001:002be576       sf_mex_createstruct        00000001802bf576 f   sf_runtime:sf_runtime.dll
 0001:002be57c       sf_mex_destroy             00000001802bf57c f   sf_runtime:sf_runtime.dll
 0001:002be582       sf_mex_duplicatearraysafe  00000001802bf582 f   sf_runtime:sf_runtime.dll
 0001:002be588       sf_mex_createcellmatrix    00000001802bf588 f   sf_runtime:sf_runtime.dll
 0001:002be58e       sf_mex_addfield            00000001802bf58e f   sf_runtime:sf_runtime.dll
 0001:002be594       sf_mex_create              00000001802bf594 f   sf_runtime:sf_runtime.dll
 0001:002be59a       sf_mex_error_message       00000001802bf59a f   sf_runtime:sf_runtime.dll
 0001:002be5a0       sf_mex_import_named        00000001802bf5a0 f   sf_runtime:sf_runtime.dll
 0001:002be5a6       sf_mex_get_sfun_param      00000001802bf5a6 f   sf_runtime:sf_runtime.dll
 0001:002be5ac       sf_set_rtw_dwork_info      00000001802bf5ac f   sf_runtime:sf_runtime.dll
 0001:002be5b2       sf_mark_chart_reusable_outputs 00000001802bf5b2 f   sf_runtime:sf_runtime.dll
 0001:002be5b8       sf_mark_chart_expressionable_inputs 00000001802bf5b8 f   sf_runtime:sf_runtime.dll
 0001:002be5be       sf_update_buildInfo        00000001802bf5be f   sf_runtime:sf_runtime.dll
 0001:002be5c4       sf_rtw_info_uint_prop      00000001802bf5c4 f   sf_runtime:sf_runtime.dll
 0001:002be5ca       sf_is_chart_inlinable      00000001802bf5ca f   sf_runtime:sf_runtime.dll
 0001:002be5d0       sim_mode_is_external       00000001802bf5d0 f   sf_runtime:sf_runtime.dll
 0001:002be5d6       sim_mode_is_rtw_gen        00000001802bf5d6 f   sf_runtime:sf_runtime.dll
 0001:002be5dc       ssGetOutputPortSignal_wrapper 00000001802bf5dc f   sf_runtime:sf_runtime.dll
 0001:002be5e2       ssGetInputPortSignal_wrapper 00000001802bf5e2 f   sf_runtime:sf_runtime.dll
 0001:002be5e8       sf_mex_decode_encoded_mx_struct_array 00000001802bf5e8 f   sf_runtime:sf_runtime.dll
 0001:002be5ee       sf_debug_reset_current_state_configuration 00000001802bf5ee f   sf_runtime:sf_runtime.dll
 0001:002be5f4       sf_debug_set_instance_data_value_ptr 00000001802bf5f4 f   sf_runtime:sf_runtime.dll
 0001:002be5fa       sf_debug_set_chart_data_compiled_props 00000001802bf5fa f   sf_runtime:sf_runtime.dll
 0001:002be600       cv_script_init_fcn         00000001802bf600 f   sf_runtime:sf_runtime.dll
 0001:002be606       cv_script_init_script      00000001802bf606 f   sf_runtime:sf_runtime.dll
 0001:002be60c       cv_eml_init_relational     00000001802bf60c f   sf_runtime:sf_runtime.dll
 0001:002be612       cv_eml_init_if             00000001802bf612 f   sf_runtime:sf_runtime.dll
 0001:002be618       cv_eml_init_fcn            00000001802bf618 f   sf_runtime:sf_runtime.dll
 0001:002be61e       cv_eml_init_script         00000001802bf61e f   sf_runtime:sf_runtime.dll
 0001:002be624       sf_debug_cv_init_trans     00000001802bf624 f   sf_runtime:sf_runtime.dll
 0001:002be62a       sf_debug_cv_init_state     00000001802bf62a f   sf_runtime:sf_runtime.dll
 0001:002be630       sf_debug_cv_init_chart     00000001802bf630 f   sf_runtime:sf_runtime.dll
 0001:002be636       sf_debug_set_chart_decomposition 00000001802bf636 f   sf_runtime:sf_runtime.dll
 0001:002be63c       sf_debug_set_chart_substate_count 00000001802bf63c f   sf_runtime:sf_runtime.dll
 0001:002be642       sf_debug_set_chart_state_info 00000001802bf642 f   sf_runtime:sf_runtime.dll
 0001:002be648       sf_debug_set_chart_data_props 00000001802bf648 f   sf_runtime:sf_runtime.dll
 0001:002be64e       sf_debug_set_chart_event_thresholds 00000001802bf64e f   sf_runtime:sf_runtime.dll
 0001:002be654       sf_debug_set_chart_disable_implicit_casting 00000001802bf654 f   sf_runtime:sf_runtime.dll
 0001:002be65a       sf_debug_initialize_chart  00000001802bf65a f   sf_runtime:sf_runtime.dll
 0001:002be660       sf_debug_set_script_translation 00000001802bf660 f   sf_runtime:sf_runtime.dll
 0001:002be666       sf_debug_get_script_id     00000001802bf666 f   sf_runtime:sf_runtime.dll
 0001:002be66c       sf_mex_dup                 00000001802bf66c f   sf_runtime:sf_runtime.dll
 0001:002be672       sf_mex_import              00000001802bf672 f   sf_runtime:sf_runtime.dll
 0001:002be678       sf_get_time                00000001802bf678 f   sf_runtime:sf_runtime.dll
 0001:002be67e       sf_debug_check_for_state_inconsistency 00000001802bf67e f   sf_runtime:sf_runtime.dll
 0001:002be684       sf_debug_symbol_scope_pop  00000001802bf684 f   sf_runtime:sf_runtime.dll
 0001:002be68a       sf_debug_data_range_wrapper 00000001802bf68a f   sf_runtime:sf_runtime.dll
 0001:002be690       sf_debug_call              00000001802bf690 f   sf_runtime:sf_runtime.dll
 0001:002be696       sf_debug_symbol_scope_push 00000001802bf696 f   sf_runtime:sf_runtime.dll
 0001:002be69c       sf_debug_symbol_switch     00000001802bf69c f   sf_runtime:sf_runtime.dll
 0001:002be6a2       cv_eval_relational         00000001802bf6a2 f   sf_runtime:sf_runtime.dll
 0001:002be6a8       eml_debug_line_call        00000001802bf6a8 f   sf_runtime:sf_runtime.dll
 0001:002be6ae       cv_eml_eval                00000001802bf6ae f   sf_runtime:sf_runtime.dll
 0001:002be6b4       sf_debug_symbol_scope_add_eml 00000001802bf6b4 f   sf_runtime:sf_runtime.dll
 0001:002be6ba       sf_debug_symbol_scope_add_eml_importable 00000001802bf6ba f   sf_runtime:sf_runtime.dll
 0001:002be6c0       sf_debug_symbol_scope_push_eml 00000001802bf6c0 f   sf_runtime:sf_runtime.dll
 0001:002be6c6       cv_script_eval             00000001802bf6c6 f   sf_runtime:sf_runtime.dll
 0001:002be6cc       sf_mex_call_debug          00000001802bf6cc f   sf_runtime:sf_runtime.dll
 0001:002be6d2       sf_debug_eml_data_array_bounds_error_check 00000001802bf6d2 f   sf_runtime:sf_runtime.dll
 0001:002be6d8       sf_debug_integer_check     00000001802bf6d8 f   sf_runtime:sf_runtime.dll
 0001:002be6de       sf_mex_setcell             00000001802bf6de f   sf_runtime:sf_runtime.dll
 0001:002be6e4       sf_mex_getcell             00000001802bf6e4 f   sf_runtime:sf_runtime.dll
 0001:002be6ea       sf_clear_rtw_identifier    00000001802bf6ea f   sf_runtime:sf_runtime.dll
 0001:002be6f0       sf_mex_getfield            00000001802bf6f0 f   sf_runtime:sf_runtime.dll
 0001:002be6f6       sf_mex_check_struct        00000001802bf6f6 f   sf_runtime:sf_runtime.dll
 0001:002be6fc       cv_script_init_for         00000001802bf6fc f   sf_runtime:sf_runtime.dll
 0001:002be702       sf_debug_sub_assign_size_check_nd 00000001802bf702 f   sf_runtime:sf_runtime.dll
 0001:002be708       cv_eml_init_mcdc           00000001802bf708 f   sf_runtime:sf_runtime.dll
 0001:002be70e       cv_script_init_relational  00000001802bf70e f   sf_runtime:sf_runtime.dll
 0001:002be714       cv_script_init_mcdc        00000001802bf714 f   sf_runtime:sf_runtime.dll
 0001:002be71a       cv_script_init_if          00000001802bf71a f   sf_runtime:sf_runtime.dll
 0001:002be720       cv_script_init_switch      00000001802bf720 f   sf_runtime:sf_runtime.dll
 0001:002be726       cv_eml_init_switch         00000001802bf726 f   sf_runtime:sf_runtime.dll
 0001:002be72c       sf_debug_size_eq_check_1d  00000001802bf72c f   sf_runtime:sf_runtime.dll
 0001:002be732       sf_mex_listen_for_ctrl_c   00000001802bf732 f   sf_runtime:sf_runtime.dll
 0001:002be738       sf_debug_non_negative_check 00000001802bf738 f   sf_runtime:sf_runtime.dll
 0001:002be73e       sf_set_encoded_dwork_info  00000001802bf73e f   sf_runtime:sf_runtime.dll
 0001:002be744       ssGetDWork_wrapper         00000001802bf744 f   sf_runtime:sf_runtime.dll
 0001:002be74a       cv_eml_init_for            00000001802bf74a f   sf_runtime:sf_runtime.dll
 0001:002be750       sf_debug_cv_init_relationalop 00000001802bf750 f   sf_runtime:sf_runtime.dll
 0001:002be756       sf_debug_set_chart_state_substate_index 00000001802bf756 f   sf_runtime:sf_runtime.dll
 0001:002be75c       sf_debug_set_chart_state_substate_count 00000001802bf75c f   sf_runtime:sf_runtime.dll
 0001:002be762       sf_debug_set_chart_substate_index 00000001802bf762 f   sf_runtime:sf_runtime.dll
 0001:002be768       sf_debug_set_chart_event_scope 00000001802bf768 f   sf_runtime:sf_runtime.dll
 0001:002be76e       sf_mex_createstructarray   00000001802bf76e f   sf_runtime:sf_runtime.dll
 0001:002be774       sf_get_output_port_reusable 00000001802bf774 f   sf_runtime:sf_runtime.dll
 0001:002be77a       sf_get_dwork_info_from_mat_file 00000001802bf77a f   sf_runtime:sf_runtime.dll
 0001:002be780       sf_mex_sub                 00000001802bf780 f   sf_runtime:sf_runtime.dll
 0001:002be786       cv_eval_point              00000001802bf786 f   sf_runtime:sf_runtime.dll
 0001:002be78c       sf_debug_unset_instance_data_value_ptr 00000001802bf78c f   sf_runtime:sf_runtime.dll
 0001:002be792       sf_debug_symbol_scope_add_importable 00000001802bf792 f   sf_runtime:sf_runtime.dll
 0001:002be798       sf_debug_symbol_scope_add_eml_dyn_importable 00000001802bf798 f   sf_runtime:sf_runtime.dll
 0001:002be79e       sf_mex_import_vs           00000001802bf79e f   sf_runtime:sf_runtime.dll
 0001:002be7a4       sf_debug_for_loop_vector_check 00000001802bf7a4 f   sf_runtime:sf_runtime.dll
 0001:002be7aa       sf_debug_animate           00000001802bf7aa f   sf_runtime:sf_runtime.dll
 0001:002be7b0       sf_debug_set_honor_breakpoints 00000001802bf7b0 f   sf_runtime:sf_runtime.dll
 0001:002be7b6       sf_debug_set_animation     00000001802bf7b6 f   sf_runtime:sf_runtime.dll
 0001:002be7bc       sf_debug_get_animation     00000001802bf7bc f   sf_runtime:sf_runtime.dll
 0001:002be7c2       sf_debug_terminate         00000001802bf7c2 f   sf_runtime:sf_runtime.dll
 0001:002be7c8       sf_debug_create_debug_instance_struct 00000001802bf7c8 f   sf_runtime:sf_runtime.dll
 0001:002be7ce       sf_debug_api               00000001802bf7ce f   sf_runtime:sf_runtime.dll
 0001:002be7d4       callMdlMethodAndReportError 00000001802bf7d4 f   sf_runtime:sf_runtime.dll
 0001:002be7da       call_sf_machine_global_method_dispatcher 00000001802bf7da f   sf_runtime:sf_runtime.dll
 0001:002be7e0       sf_clear_error_manager_info 00000001802bf7e0 f   sf_runtime:sf_runtime.dll
 0001:002be7e6       sf_mex_error_direct_call   00000001802bf7e6 f   sf_runtime:sf_runtime.dll
 0001:002be7ec       mxCreateLogicalScalar      00000001802bf7ec f   libmx:libmx.dll
 0001:002be7f2       mxCreateDoubleMatrix_730   00000001802bf7f2 f   libmx:libmx.dll
 0001:002be7f8       mxGetScalar                00000001802bf7f8 f   libmx:libmx.dll
 0001:002be7fe       mxGetString_730            00000001802bf7fe f   libmx:libmx.dll
 0001:002be804       mxIsChar                   00000001802bf804 f   libmx:libmx.dll
 0001:002be80a       mxGetPr                    00000001802bf80a f   libmx:libmx.dll
 0001:002be810       mxDestroyArray             00000001802bf810 f   libmx:libmx.dll
 0001:002be816       mxDuplicateArray           00000001802bf816 f   libmx:libmx.dll
 0001:002be81c       mxCreateDoubleScalar       00000001802bf81c f   libmx:libmx.dll
 0001:002be822       mxSetField_730             00000001802bf822 f   libmx:libmx.dll
 0001:002be828       mxCreateString             00000001802bf828 f   libmx:libmx.dll
 0001:002be82e       mxCreateStructMatrix_730   00000001802bf82e f   libmx:libmx.dll
 0001:002be834       mxCreateCellMatrix_730     00000001802bf834 f   libmx:libmx.dll
 0001:002be83a       mxCreateCellArray_730      00000001802bf83a f   libmx:libmx.dll
 0001:002be840       mxCreateStructArray_730    00000001802bf840 f   libmx:libmx.dll
 0001:002be846       mxGetNaN                   00000001802bf846 f   libmx:libmx.dll
 0001:002be84c       mxGetInf                   00000001802bf84c f   libmx:libmx.dll
 0001:002be852       mxGetClassID               00000001802bf852 f   libmx:libmx.dll
 0001:002be858       mxIsNumeric                00000001802bf858 f   libmx:libmx.dll
 0001:002be85e       mxIsComplex                00000001802bf85e f   libmx:libmx.dll
 0001:002be864       mxGetN                     00000001802bf864 f   libmx:libmx.dll
 0001:002be86a       mxGetM                     00000001802bf86a f   libmx:libmx.dll
 0001:002be870       mxCalloc                   00000001802bf870 f   libmx:libmx.dll
 0001:002be876       mexMakeArrayPersistent     00000001802bf876 f   libmex:libmex.dll
 0001:002be87c       mexUnlock                  00000001802bf87c f   libmex:libmex.dll
 0001:002be882       mexIsLocked                00000001802bf882 f   libmex:libmex.dll
 0001:002be888       mexWarnMsgTxt              00000001802bf888 f   libmex:libmex.dll
 0001:002be88e       mexCallMATLABWithObject    00000001802bf88e f   libmex:libmex.dll
 0001:002be894       mexErrMsgTxt               00000001802bf894 f   libmex:libmex.dll
 0001:002be89a       mexLock                    00000001802bf89a f   libmex:libmex.dll
 0001:002be8a0       utMalloc                   00000001802bf8a0 f   libut:libut.dll
 0001:002be8a6       utFree                     00000001802bf8a6 f   libut:libut.dll
 0001:002be8ac       muDoubleScalarSqrt         00000001802bf8ac f   libmwmathutil:libmwmathutil.dll
 0001:002be8b2       muDoubleScalarCos          00000001802bf8b2 f   libmwmathutil:libmwmathutil.dll
 0001:002be8b8       muDoubleScalarSin          00000001802bf8b8 f   libmwmathutil:libmwmathutil.dll
 0001:002be8be       muDoubleScalarAbs          00000001802bf8be f   libmwmathutil:libmwmathutil.dll
 0001:002be8c4       muDoubleScalarMax          00000001802bf8c4 f   libmwmathutil:libmwmathutil.dll
 0001:002be8ca       muDoubleScalarMin          00000001802bf8ca f   libmwmathutil:libmwmathutil.dll
 0001:002be8d0       muDoubleScalarSign         00000001802bf8d0 f   libmwmathutil:libmwmathutil.dll
 0001:002be8d6       muDoubleScalarPower        00000001802bf8d6 f   libmwmathutil:libmwmathutil.dll
 0001:002be8dc       muDoubleScalarFloor        00000001802bf8dc f   libmwmathutil:libmwmathutil.dll
 0001:002be8e2       muDoubleScalarIsNaN        00000001802bf8e2 f   libmwmathutil:libmwmathutil.dll
 0001:002be8e8       muDoubleScalarAtan         00000001802bf8e8 f   libmwmathutil:libmwmathutil.dll
 0001:002be8ee       muDoubleScalarCeil         00000001802bf8ee f   libmwmathutil:libmwmathutil.dll
 0001:002be8f4       muDoubleScalarRound        00000001802bf8f4 f   libmwmathutil:libmwmathutil.dll
 0001:002be8fa       muDoubleScalarIsInf        00000001802bf8fa f   libmwmathutil:libmwmathutil.dll
 0001:002be900       dtrsm                      00000001802bf900 f   libmwblas:libmwblas.dll
 0001:002be906       dgemm                      00000001802bf906 f   libmwblas:libmwblas.dll
 0001:002be90c       __GSHandlerCheckCommon     00000001802bf90c f   MSVCRT:gshandler.obj
 0001:002be970       __GSHandlerCheck           00000001802bf970 f   MSVCRT:gshandler.obj
 0001:002be98e       strcmp                     00000001802bf98e f   MSVCRT:MSVCR100.dll
 0001:002be9b0       __security_check_cookie    00000001802bf9b0 f   MSVCRT:amdsecgs.obj
 0001:002be9d0       strlen                     00000001802bf9d0 f   MSVCRT:MSVCR100.dll
 0001:002be9d6       memset                     00000001802bf9d6 f   MSVCRT:MSVCR100.dll
 0001:002be9f0       __chkstk                   00000001802bf9f0 f   MSVCRT:chkstk.obj
 0001:002be9f0       _alloca_probe              00000001802bf9f0     MSVCRT:chkstk.obj
 0001:002bea3e       ldexp                      00000001802bfa3e f   MSVCRT:MSVCR100.dll
 0001:002bea44       frexp                      00000001802bfa44 f   MSVCRT:MSVCR100.dll
 0001:002bea4a       free                       00000001802bfa4a f   MSVCRT:MSVCR100.dll
 0001:002bea50       sprintf                    00000001802bfa50 f   MSVCRT:MSVCR100.dll
 0001:002bea56       malloc                     00000001802bfa56 f   MSVCRT:MSVCR100.dll
 0001:002bea5c       strcat                     00000001802bfa5c f   MSVCRT:MSVCR100.dll
 0001:002bea62       memcpy                     00000001802bfa62 f   MSVCRT:MSVCR100.dll
 0001:002bea68       NtCurrentTeb               00000001802bfa68 f i MSVCRT:crtdll.obj
 0001:002bead4       _CRT_INIT                  00000001802bfad4 f   MSVCRT:crtdll.obj
 0001:002bee6c       _DllMainCRTStartup         00000001802bfe6c f   MSVCRT:crtdll.obj
 0001:002beeac       __report_gsfailure         00000001802bfeac f   MSVCRT:gs_report.obj
 0001:002beff8       __clean_type_info_names    00000001802bfff8 f   MSVCRT:tncleanup.obj
 0001:002bf004       _onexit                    00000001802c0004 f   MSVCRT:atonexit.obj
 0001:002bf0b4       atexit                     00000001802c00b4 f   MSVCRT:atonexit.obj
 0001:002bf0cc       _RTC_Initialize            00000001802c00cc f   MSVCRT:_initsect_.obj
 0001:002bf104       _RTC_Terminate             00000001802c0104 f   MSVCRT:_initsect_.obj
 0001:002bf13c       _malloc_crt                00000001802c013c f   MSVCRT:MSVCR100.dll
 0001:002bf150       _ValidateImageBase         00000001802c0150 f   MSVCRT:pesect.obj
 0001:002bf180       _FindPESection             00000001802c0180 f   MSVCRT:pesect.obj
 0001:002bf1d0       _IsNonwritableInCurrentImage 00000001802c01d0 f   MSVCRT:pesect.obj
 0001:002bf212       _initterm                  00000001802c0212 f   MSVCRT:MSVCR100.dll
 0001:002bf218       _initterm_e                00000001802c0218 f   MSVCRT:MSVCR100.dll
 0001:002bf21e       _encoded_null              00000001802c021e f   MSVCRT:MSVCR100.dll
 0001:002bf224       _amsg_exit                 00000001802c0224 f   MSVCRT:MSVCR100.dll
 0001:002bf22a       __C_specific_handler       00000001802c022a f   MSVCRT:MSVCR100.dll
 0001:002bf230       __CppXcptFilter            00000001802c0230 f   MSVCRT:MSVCR100.dll
 0001:002bf238       DllMain                    00000001802c0238 f   MSVCRT:dllmain.obj
 0001:002bf25c       __security_init_cookie     00000001802c025c f   MSVCRT:gs_support.obj
 0001:002bf310       __crt_debugger_hook        00000001802c0310 f   MSVCRT:MSVCR100.dll
 0001:002bf316       __clean_type_info_names_internal 00000001802c0316 f   MSVCRT:MSVCR100.dll
 0001:002bf31c       _unlock                    00000001802c031c f   MSVCRT:MSVCR100.dll
 0001:002bf322       __dllonexit                00000001802c0322 f   MSVCRT:MSVCR100.dll
 0001:002bf328       _lock                      00000001802c0328 f   MSVCRT:MSVCR100.dll
 0001:002bf32e       EncodePointer              00000001802c032e f   kernel32:KERNEL32.dll
 0001:002bf334       DecodePointer              00000001802c0334 f   kernel32:KERNEL32.dll
 0001:002bf33a       Sleep                      00000001802c033a f   kernel32:KERNEL32.dll
 0001:002bf340       TerminateProcess           00000001802c0340 f   kernel32:KERNEL32.dll
 0001:002bf346       GetCurrentProcess          00000001802c0346 f   kernel32:KERNEL32.dll
 0001:002bf34c       UnhandledExceptionFilter   00000001802c034c f   kernel32:KERNEL32.dll
 0001:002bf352       SetUnhandledExceptionFilter 00000001802c0352 f   kernel32:KERNEL32.dll
 0001:002bf358       IsDebuggerPresent          00000001802c0358 f   kernel32:KERNEL32.dll
 0001:002bf35e       RtlVirtualUnwind           00000001802c035e f   kernel32:KERNEL32.dll
 0001:002bf364       RtlLookupFunctionEntry     00000001802c0364 f   kernel32:KERNEL32.dll
 0001:002bf36a       RtlCaptureContext          00000001802c036a f   kernel32:KERNEL32.dll
 0001:002bf370       DisableThreadLibraryCalls  00000001802c0370 f   kernel32:KERNEL32.dll
 0001:002bf376       QueryPerformanceCounter    00000001802c0376 f   kernel32:KERNEL32.dll
 0001:002bf37c       GetTickCount               00000001802c037c f   kernel32:KERNEL32.dll
 0001:002bf382       GetCurrentThreadId         00000001802c0382 f   kernel32:KERNEL32.dll
 0001:002bf388       GetCurrentProcessId        00000001802c0388 f   kernel32:KERNEL32.dll
 0001:002bf38e       GetSystemTimeAsFileTime    00000001802c038e f   kernel32:KERNEL32.dll
 0002:00000000       __imp_GetCurrentProcessId  00000001802c1000     kernel32:KERNEL32.dll
 0002:00000008       __imp_GetCurrentThreadId   00000001802c1008     kernel32:KERNEL32.dll
 0002:00000010       __imp_GetTickCount         00000001802c1010     kernel32:KERNEL32.dll
 0002:00000018       __imp_QueryPerformanceCounter 00000001802c1018     kernel32:KERNEL32.dll
 0002:00000020       __imp_DisableThreadLibraryCalls 00000001802c1020     kernel32:KERNEL32.dll
 0002:00000028       __imp_RtlCaptureContext    00000001802c1028     kernel32:KERNEL32.dll
 0002:00000030       __imp_RtlLookupFunctionEntry 00000001802c1030     kernel32:KERNEL32.dll
 0002:00000038       __imp_RtlVirtualUnwind     00000001802c1038     kernel32:KERNEL32.dll
 0002:00000040       __imp_IsDebuggerPresent    00000001802c1040     kernel32:KERNEL32.dll
 0002:00000048       __imp_SetUnhandledExceptionFilter 00000001802c1048     kernel32:KERNEL32.dll
 0002:00000050       __imp_UnhandledExceptionFilter 00000001802c1050     kernel32:KERNEL32.dll
 0002:00000058       __imp_GetCurrentProcess    00000001802c1058     kernel32:KERNEL32.dll
 0002:00000060       __imp_TerminateProcess     00000001802c1060     kernel32:KERNEL32.dll
 0002:00000068       __imp_Sleep                00000001802c1068     kernel32:KERNEL32.dll
 0002:00000070       __imp_DecodePointer        00000001802c1070     kernel32:KERNEL32.dll
 0002:00000078       __imp_EncodePointer        00000001802c1078     kernel32:KERNEL32.dll
 0002:00000080       __imp_GetSystemTimeAsFileTime 00000001802c1080     kernel32:KERNEL32.dll
 0002:00000088       \177KERNEL32_NULL_THUNK_DATA 00000001802c1088     kernel32:KERNEL32.dll
 0002:00000090       __imp__onexit              00000001802c1090     MSVCRT:MSVCR100.dll
 0002:00000098       __imp__lock                00000001802c1098     MSVCRT:MSVCR100.dll
 0002:000000a0       __imp___dllonexit          00000001802c10a0     MSVCRT:MSVCR100.dll
 0002:000000a8       __imp__unlock              00000001802c10a8     MSVCRT:MSVCR100.dll
 0002:000000b0       __imp___clean_type_info_names_internal 00000001802c10b0     MSVCRT:MSVCR100.dll
 0002:000000b8       __imp___crt_debugger_hook  00000001802c10b8     MSVCRT:MSVCR100.dll
 0002:000000c0       __imp___CppXcptFilter      00000001802c10c0     MSVCRT:MSVCR100.dll
 0002:000000c8       __imp___C_specific_handler 00000001802c10c8     MSVCRT:MSVCR100.dll
 0002:000000d0       __imp__amsg_exit           00000001802c10d0     MSVCRT:MSVCR100.dll
 0002:000000d8       __imp__encoded_null        00000001802c10d8     MSVCRT:MSVCR100.dll
 0002:000000e0       __imp__initterm_e          00000001802c10e0     MSVCRT:MSVCR100.dll
 0002:000000e8       __imp__initterm            00000001802c10e8     MSVCRT:MSVCR100.dll
 0002:000000f0       __imp__malloc_crt          00000001802c10f0     MSVCRT:MSVCR100.dll
 0002:000000f8       __imp_memcpy               00000001802c10f8     MSVCRT:MSVCR100.dll
 0002:00000100       __imp_strcat               00000001802c1100     MSVCRT:MSVCR100.dll
 0002:00000108       __imp_malloc               00000001802c1108     MSVCRT:MSVCR100.dll
 0002:00000110       __imp_sprintf              00000001802c1110     MSVCRT:MSVCR100.dll
 0002:00000118       __imp_free                 00000001802c1118     MSVCRT:MSVCR100.dll
 0002:00000120       __imp_frexp                00000001802c1120     MSVCRT:MSVCR100.dll
 0002:00000128       __imp_ldexp                00000001802c1128     MSVCRT:MSVCR100.dll
 0002:00000130       __imp_memset               00000001802c1130     MSVCRT:MSVCR100.dll
 0002:00000138       __imp_strlen               00000001802c1138     MSVCRT:MSVCR100.dll
 0002:00000140       __imp_strcmp               00000001802c1140     MSVCRT:MSVCR100.dll
 0002:00000148       \177MSVCR100_NULL_THUNK_DATA 00000001802c1148     MSVCRT:MSVCR100.dll
 0002:00000150       __imp_mexUnlock            00000001802c1150     libmex:libmex.dll
 0002:00000158       __imp_mexMakeArrayPersistent 00000001802c1158     libmex:libmex.dll
 0002:00000160       __imp_mexIsLocked          00000001802c1160     libmex:libmex.dll
 0002:00000168       __imp_mexWarnMsgTxt        00000001802c1168     libmex:libmex.dll
 0002:00000170       __imp_mexCallMATLABWithObject 00000001802c1170     libmex:libmex.dll
 0002:00000178       __imp_mexErrMsgTxt         00000001802c1178     libmex:libmex.dll
 0002:00000180       __imp_mexLock              00000001802c1180     libmex:libmex.dll
 0002:00000188       \177libmex_NULL_THUNK_DATA 00000001802c1188     libmex:libmex.dll
 0002:00000190       __imp_dgemm                00000001802c1190     libmwblas:libmwblas.dll
 0002:00000198       __imp_dtrsm                00000001802c1198     libmwblas:libmwblas.dll
 0002:000001a0       \177libmwblas_NULL_THUNK_DATA 00000001802c11a0     libmwblas:libmwblas.dll
 0002:000001a8       __imp_muDoubleScalarSign   00000001802c11a8     libmwmathutil:libmwmathutil.dll
 0002:000001b0       __imp_muDoubleScalarMin    00000001802c11b0     libmwmathutil:libmwmathutil.dll
 0002:000001b8       __imp_muDoubleScalarMax    00000001802c11b8     libmwmathutil:libmwmathutil.dll
 0002:000001c0       __imp_muDoubleScalarAbs    00000001802c11c0     libmwmathutil:libmwmathutil.dll
 0002:000001c8       __imp_muDoubleScalarSin    00000001802c11c8     libmwmathutil:libmwmathutil.dll
 0002:000001d0       __imp_muDoubleScalarPower  00000001802c11d0     libmwmathutil:libmwmathutil.dll
 0002:000001d8       __imp_muDoubleScalarSqrt   00000001802c11d8     libmwmathutil:libmwmathutil.dll
 0002:000001e0       __imp_muDoubleScalarAtan   00000001802c11e0     libmwmathutil:libmwmathutil.dll
 0002:000001e8       __imp_muDoubleScalarCeil   00000001802c11e8     libmwmathutil:libmwmathutil.dll
 0002:000001f0       __imp_muDoubleScalarRound  00000001802c11f0     libmwmathutil:libmwmathutil.dll
 0002:000001f8       __imp_muDoubleScalarIsInf  00000001802c11f8     libmwmathutil:libmwmathutil.dll
 0002:00000200       __imp_muDoubleScalarFloor  00000001802c1200     libmwmathutil:libmwmathutil.dll
 0002:00000208       __imp_muDoubleScalarCos    00000001802c1208     libmwmathutil:libmwmathutil.dll
 0002:00000210       __imp_muDoubleScalarIsNaN  00000001802c1210     libmwmathutil:libmwmathutil.dll
 0002:00000218       \177libmwmathutil_NULL_THUNK_DATA 00000001802c1218     libmwmathutil:libmwmathutil.dll
 0002:00000220       __imp_mxCalloc             00000001802c1220     libmx:libmx.dll
 0002:00000228       __imp_mxGetM               00000001802c1228     libmx:libmx.dll
 0002:00000230       __imp_mxGetN               00000001802c1230     libmx:libmx.dll
 0002:00000238       __imp_mxIsComplex          00000001802c1238     libmx:libmx.dll
 0002:00000240       __imp_mxIsNumeric          00000001802c1240     libmx:libmx.dll
 0002:00000248       __imp_mxGetClassID         00000001802c1248     libmx:libmx.dll
 0002:00000250       __imp_mxGetInf             00000001802c1250     libmx:libmx.dll
 0002:00000258       __imp_mxGetNaN             00000001802c1258     libmx:libmx.dll
 0002:00000260       __imp_mxCreateStructArray_730 00000001802c1260     libmx:libmx.dll
 0002:00000268       __imp_mxCreateCellArray_730 00000001802c1268     libmx:libmx.dll
 0002:00000270       __imp_mxCreateCellMatrix_730 00000001802c1270     libmx:libmx.dll
 0002:00000278       __imp_mxCreateStructMatrix_730 00000001802c1278     libmx:libmx.dll
 0002:00000280       __imp_mxCreateString       00000001802c1280     libmx:libmx.dll
 0002:00000288       __imp_mxSetField_730       00000001802c1288     libmx:libmx.dll
 0002:00000290       __imp_mxCreateDoubleScalar 00000001802c1290     libmx:libmx.dll
 0002:00000298       __imp_mxDuplicateArray     00000001802c1298     libmx:libmx.dll
 0002:000002a0       __imp_mxDestroyArray       00000001802c12a0     libmx:libmx.dll
 0002:000002a8       __imp_mxGetPr              00000001802c12a8     libmx:libmx.dll
 0002:000002b0       __imp_mxIsChar             00000001802c12b0     libmx:libmx.dll
 0002:000002b8       __imp_mxGetString_730      00000001802c12b8     libmx:libmx.dll
 0002:000002c0       __imp_mxGetScalar          00000001802c12c0     libmx:libmx.dll
 0002:000002c8       __imp_mxCreateDoubleMatrix_730 00000001802c12c8     libmx:libmx.dll
 0002:000002d0       __imp_mxCreateLogicalScalar 00000001802c12d0     libmx:libmx.dll
 0002:000002d8       \177libmx_NULL_THUNK_DATA  00000001802c12d8     libmx:libmx.dll
 0002:000002e0       __imp_utMalloc             00000001802c12e0     libut:libut.dll
 0002:000002e8       __imp_utFree               00000001802c12e8     libut:libut.dll
 0002:000002f0       \177libut_NULL_THUNK_DATA  00000001802c12f0     libut:libut.dll
 0002:000002f8       __imp_sf_debug_unset_instance_data_value_ptr 00000001802c12f8     sf_runtime:sf_runtime.dll
 0002:00000300       __imp_sf_debug_symbol_scope_add_importable 00000001802c1300     sf_runtime:sf_runtime.dll
 0002:00000308       __imp_sf_debug_symbol_scope_add_eml_dyn_importable 00000001802c1308     sf_runtime:sf_runtime.dll
 0002:00000310       __imp_sf_mex_import_vs     00000001802c1310     sf_runtime:sf_runtime.dll
 0002:00000318       __imp_sf_debug_for_loop_vector_check 00000001802c1318     sf_runtime:sf_runtime.dll
 0002:00000320       __imp_sf_debug_animate     00000001802c1320     sf_runtime:sf_runtime.dll
 0002:00000328       __imp_sf_debug_set_honor_breakpoints 00000001802c1328     sf_runtime:sf_runtime.dll
 0002:00000330       __imp_sf_debug_set_animation 00000001802c1330     sf_runtime:sf_runtime.dll
 0002:00000338       __imp_sf_get_output_port_reusable 00000001802c1338     sf_runtime:sf_runtime.dll
 0002:00000340       __imp_sf_debug_terminate   00000001802c1340     sf_runtime:sf_runtime.dll
 0002:00000348       __imp_sf_debug_create_debug_instance_struct 00000001802c1348     sf_runtime:sf_runtime.dll
 0002:00000350       __imp_sf_debug_api         00000001802c1350     sf_runtime:sf_runtime.dll
 0002:00000358       __imp_callMdlMethodAndReportError 00000001802c1358     sf_runtime:sf_runtime.dll
 0002:00000360       __imp_call_sf_machine_global_method_dispatcher 00000001802c1360     sf_runtime:sf_runtime.dll
 0002:00000368       __imp_sf_clear_error_manager_info 00000001802c1368     sf_runtime:sf_runtime.dll
 0002:00000370       __imp_sf_mex_error_direct_call 00000001802c1370     sf_runtime:sf_runtime.dll
 0002:00000378       __imp_sf_update_buildInfo  00000001802c1378     sf_runtime:sf_runtime.dll
 0002:00000380       __imp_sf_mex_createstructarray 00000001802c1380     sf_runtime:sf_runtime.dll
 0002:00000388       __imp_sf_debug_set_chart_event_scope 00000001802c1388     sf_runtime:sf_runtime.dll
 0002:00000390       __imp_sf_debug_set_chart_substate_index 00000001802c1390     sf_runtime:sf_runtime.dll
 0002:00000398       __imp_sf_debug_set_chart_state_substate_count 00000001802c1398     sf_runtime:sf_runtime.dll
 0002:000003a0       __imp_sf_debug_set_chart_state_substate_index 00000001802c13a0     sf_runtime:sf_runtime.dll
 0002:000003a8       __imp_sf_debug_cv_init_relationalop 00000001802c13a8     sf_runtime:sf_runtime.dll
 0002:000003b0       __imp_cv_eval_point        00000001802c13b0     sf_runtime:sf_runtime.dll
 0002:000003b8       __imp_ssGetDWork_wrapper   00000001802c13b8     sf_runtime:sf_runtime.dll
 0002:000003c0       __imp_sf_set_encoded_dwork_info 00000001802c13c0     sf_runtime:sf_runtime.dll
 0002:000003c8       __imp_sf_debug_non_negative_check 00000001802c13c8     sf_runtime:sf_runtime.dll
 0002:000003d0       __imp_sf_mex_listen_for_ctrl_c 00000001802c13d0     sf_runtime:sf_runtime.dll
 0002:000003d8       __imp_sf_debug_size_eq_check_1d 00000001802c13d8     sf_runtime:sf_runtime.dll
 0002:000003e0       __imp_cv_eml_init_switch   00000001802c13e0     sf_runtime:sf_runtime.dll
 0002:000003e8       __imp_cv_script_init_switch 00000001802c13e8     sf_runtime:sf_runtime.dll
 0002:000003f0       __imp_cv_script_init_if    00000001802c13f0     sf_runtime:sf_runtime.dll
 0002:000003f8       __imp_cv_script_init_mcdc  00000001802c13f8     sf_runtime:sf_runtime.dll
 0002:00000400       __imp_cv_script_init_relational 00000001802c1400     sf_runtime:sf_runtime.dll
 0002:00000408       __imp_cv_eml_init_mcdc     00000001802c1408     sf_runtime:sf_runtime.dll
 0002:00000410       __imp_sf_debug_sub_assign_size_check_nd 00000001802c1410     sf_runtime:sf_runtime.dll
 0002:00000418       __imp_cv_script_init_for   00000001802c1418     sf_runtime:sf_runtime.dll
 0002:00000420       __imp_sf_mex_check_struct  00000001802c1420     sf_runtime:sf_runtime.dll
 0002:00000428       __imp_sf_mex_getfield      00000001802c1428     sf_runtime:sf_runtime.dll
 0002:00000430       __imp_sf_clear_rtw_identifier 00000001802c1430     sf_runtime:sf_runtime.dll
 0002:00000438       __imp_sf_mex_getcell       00000001802c1438     sf_runtime:sf_runtime.dll
 0002:00000440       __imp_sf_mex_setcell       00000001802c1440     sf_runtime:sf_runtime.dll
 0002:00000448       __imp_sf_debug_integer_check 00000001802c1448     sf_runtime:sf_runtime.dll
 0002:00000450       __imp_sf_debug_eml_data_array_bounds_error_check 00000001802c1450     sf_runtime:sf_runtime.dll
 0002:00000458       __imp_sf_mex_call_debug    00000001802c1458     sf_runtime:sf_runtime.dll
 0002:00000460       __imp_cv_script_eval       00000001802c1460     sf_runtime:sf_runtime.dll
 0002:00000468       __imp_sf_debug_symbol_scope_push_eml 00000001802c1468     sf_runtime:sf_runtime.dll
 0002:00000470       __imp_sf_debug_symbol_scope_add_eml_importable 00000001802c1470     sf_runtime:sf_runtime.dll
 0002:00000478       __imp_sf_mex_sub           00000001802c1478     sf_runtime:sf_runtime.dll
 0002:00000480       __imp_cv_eml_init_for      00000001802c1480     sf_runtime:sf_runtime.dll
 0002:00000488       __imp_sf_get_dwork_info_from_mat_file 00000001802c1488     sf_runtime:sf_runtime.dll
 0002:00000490       __imp_sf_debug_symbol_scope_add_eml 00000001802c1490     sf_runtime:sf_runtime.dll
 0002:00000498       __imp_cv_eml_eval          00000001802c1498     sf_runtime:sf_runtime.dll
 0002:000004a0       __imp_eml_debug_line_call  00000001802c14a0     sf_runtime:sf_runtime.dll
 0002:000004a8       __imp_cv_eval_relational   00000001802c14a8     sf_runtime:sf_runtime.dll
 0002:000004b0       __imp_sf_debug_symbol_switch 00000001802c14b0     sf_runtime:sf_runtime.dll
 0002:000004b8       __imp_sf_debug_symbol_scope_push 00000001802c14b8     sf_runtime:sf_runtime.dll
 0002:000004c0       __imp_sf_debug_call        00000001802c14c0     sf_runtime:sf_runtime.dll
 0002:000004c8       __imp_sf_debug_data_range_wrapper 00000001802c14c8     sf_runtime:sf_runtime.dll
 0002:000004d0       __imp_sf_debug_symbol_scope_pop 00000001802c14d0     sf_runtime:sf_runtime.dll
 0002:000004d8       __imp_sf_debug_check_for_state_inconsistency 00000001802c14d8     sf_runtime:sf_runtime.dll
 0002:000004e0       __imp_sf_get_time          00000001802c14e0     sf_runtime:sf_runtime.dll
 0002:000004e8       __imp_sf_mex_import        00000001802c14e8     sf_runtime:sf_runtime.dll
 0002:000004f0       __imp_sf_mex_dup           00000001802c14f0     sf_runtime:sf_runtime.dll
 0002:000004f8       __imp_sf_debug_get_script_id 00000001802c14f8     sf_runtime:sf_runtime.dll
 0002:00000500       __imp_sf_debug_set_script_translation 00000001802c1500     sf_runtime:sf_runtime.dll
 0002:00000508       __imp_sf_debug_initialize_chart 00000001802c1508     sf_runtime:sf_runtime.dll
 0002:00000510       __imp_sf_debug_set_chart_disable_implicit_casting 00000001802c1510     sf_runtime:sf_runtime.dll
 0002:00000518       __imp_sf_debug_set_chart_event_thresholds 00000001802c1518     sf_runtime:sf_runtime.dll
 0002:00000520       __imp_sf_debug_set_chart_data_props 00000001802c1520     sf_runtime:sf_runtime.dll
 0002:00000528       __imp_sf_debug_set_chart_state_info 00000001802c1528     sf_runtime:sf_runtime.dll
 0002:00000530       __imp_sf_debug_set_chart_substate_count 00000001802c1530     sf_runtime:sf_runtime.dll
 0002:00000538       __imp_sf_debug_set_chart_decomposition 00000001802c1538     sf_runtime:sf_runtime.dll
 0002:00000540       __imp_sf_debug_cv_init_chart 00000001802c1540     sf_runtime:sf_runtime.dll
 0002:00000548       __imp_sf_debug_cv_init_state 00000001802c1548     sf_runtime:sf_runtime.dll
 0002:00000550       __imp_sf_debug_cv_init_trans 00000001802c1550     sf_runtime:sf_runtime.dll
 0002:00000558       __imp_cv_eml_init_script   00000001802c1558     sf_runtime:sf_runtime.dll
 0002:00000560       __imp_cv_eml_init_fcn      00000001802c1560     sf_runtime:sf_runtime.dll
 0002:00000568       __imp_cv_eml_init_if       00000001802c1568     sf_runtime:sf_runtime.dll
 0002:00000570       __imp_cv_eml_init_relational 00000001802c1570     sf_runtime:sf_runtime.dll
 0002:00000578       __imp_cv_script_init_script 00000001802c1578     sf_runtime:sf_runtime.dll
 0002:00000580       __imp_cv_script_init_fcn   00000001802c1580     sf_runtime:sf_runtime.dll
 0002:00000588       __imp_sf_debug_set_chart_data_compiled_props 00000001802c1588     sf_runtime:sf_runtime.dll
 0002:00000590       __imp_sf_debug_set_instance_data_value_ptr 00000001802c1590     sf_runtime:sf_runtime.dll
 0002:00000598       __imp_sf_debug_reset_current_state_configuration 00000001802c1598     sf_runtime:sf_runtime.dll
 0002:000005a0       __imp_sf_mex_decode_encoded_mx_struct_array 00000001802c15a0     sf_runtime:sf_runtime.dll
 0002:000005a8       __imp_ssGetInputPortSignal_wrapper 00000001802c15a8     sf_runtime:sf_runtime.dll
 0002:000005b0       __imp_ssGetOutputPortSignal_wrapper 00000001802c15b0     sf_runtime:sf_runtime.dll
 0002:000005b8       __imp_sim_mode_is_rtw_gen  00000001802c15b8     sf_runtime:sf_runtime.dll
 0002:000005c0       __imp_sim_mode_is_external 00000001802c15c0     sf_runtime:sf_runtime.dll
 0002:000005c8       __imp_sf_is_chart_inlinable 00000001802c15c8     sf_runtime:sf_runtime.dll
 0002:000005d0       __imp_sf_rtw_info_uint_prop 00000001802c15d0     sf_runtime:sf_runtime.dll
 0002:000005d8       __imp_sf_mark_chart_expressionable_inputs 00000001802c15d8     sf_runtime:sf_runtime.dll
 0002:000005e0       __imp_sf_mark_chart_reusable_outputs 00000001802c15e0     sf_runtime:sf_runtime.dll
 0002:000005e8       __imp_sf_set_rtw_dwork_info 00000001802c15e8     sf_runtime:sf_runtime.dll
 0002:000005f0       __imp_sf_mex_get_sfun_param 00000001802c15f0     sf_runtime:sf_runtime.dll
 0002:000005f8       __imp_sf_mex_import_named  00000001802c15f8     sf_runtime:sf_runtime.dll
 0002:00000600       __imp_sf_mex_error_message 00000001802c1600     sf_runtime:sf_runtime.dll
 0002:00000608       __imp_sf_mex_create        00000001802c1608     sf_runtime:sf_runtime.dll
 0002:00000610       __imp_sf_mex_addfield      00000001802c1610     sf_runtime:sf_runtime.dll
 0002:00000618       __imp_sf_mex_createcellmatrix 00000001802c1618     sf_runtime:sf_runtime.dll
 0002:00000620       __imp_sf_mex_duplicatearraysafe 00000001802c1620     sf_runtime:sf_runtime.dll
 0002:00000628       __imp_sf_mex_destroy       00000001802c1628     sf_runtime:sf_runtime.dll
 0002:00000630       __imp_sf_mex_createstruct  00000001802c1630     sf_runtime:sf_runtime.dll
 0002:00000638       __imp_sf_mex_assign        00000001802c1638     sf_runtime:sf_runtime.dll
 0002:00000640       __imp_sf_mex_emlrtNameCapturePostProcessR2012a 00000001802c1640     sf_runtime:sf_runtime.dll
 0002:00000648       __imp_sf_load_rtw_optimization_info 00000001802c1648     sf_runtime:sf_runtime.dll
 0002:00000650       __imp_sf_debug_initialize_machine 00000001802c1650     sf_runtime:sf_runtime.dll
 0002:00000658       __imp_sf_debug_set_machine_event_thresholds 00000001802c1658     sf_runtime:sf_runtime.dll
 0002:00000660       __imp_sf_debug_get_animation 00000001802c1660     sf_runtime:sf_runtime.dll
 0002:00000668       __imp_sf_debug_set_machine_data_thresholds 00000001802c1668     sf_runtime:sf_runtime.dll
 0002:00000670       \177sf_runtime_NULL_THUNK_DATA 00000001802c1670     sf_runtime:sf_runtime.dll
 0002:00000678       __xc_a                     00000001802c1678     MSVCRT:cinitexe.obj
 0002:00000680       __xc_z                     00000001802c1680     MSVCRT:cinitexe.obj
 0002:00000688       __xi_a                     00000001802c1688     MSVCRT:cinitexe.obj
 0002:00000698       __xi_z                     00000001802c1698     MSVCRT:cinitexe.obj
 0002:000006a0       __real@41b8d2b19c000000    00000001802c16a0     DDA2D_OSU3Dv2_sfun.obj
 0002:000006a8       __real@41d7bada30000000    00000001802c16a8     DDA2D_OSU3Dv2_sfun.obj
 0002:000006b0       __real@41e6796cc9c00000    00000001802c16b0     DDA2D_OSU3Dv2_sfun.obj
 0002:000006b8       __real@41d29e45dc000000    00000001802c16b8     DDA2D_OSU3Dv2_sfun.obj
 0002:000006c0       __real@41dee11a34800000    00000001802c16c0     DDA2D_OSU3Dv2_sfun.obj
 0002:000006c8       __real@41e4b41d7d600000    00000001802c16c8     DDA2D_OSU3Dv2_sfun.obj
 0002:000006d0       __real@41e0bd6ce2800000    00000001802c16d0     DDA2D_OSU3Dv2_sfun.obj
 0002:000006d8       __real@41c36f4c3b000000    00000001802c16d8     DDA2D_OSU3Dv2_sfun.obj
 0002:000006e0       __real@41ef8cac64600000    00000001802c16e0     DDA2D_OSU3Dv2_sfun.obj
 0002:000006e8       __real@41c42e84eb000000    00000001802c16e8     DDA2D_OSU3Dv2_sfun.obj
 0002:000006f0       __real@41ed1e0c5e800000    00000001802c16f0     DDA2D_OSU3Dv2_sfun.obj
 0002:000006f8       __real@41e478fa6e600000    00000001802c16f8     DDA2D_OSU3Dv2_sfun.obj
 0002:00000700       __real@41d7c97841400000    00000001802c1700     DDA2D_OSU3Dv2_sfun.obj
 0002:00000708       __real@41c25ba1f4000000    00000001802c1708     DDA2D_OSU3Dv2_sfun.obj
 0002:00000710       __real@41d8c9e5bb400000    00000001802c1710     DDA2D_OSU3Dv2_sfun.obj
 0002:00000718       __real@41e396ee83000000    00000001802c1718     DDA2D_OSU3Dv2_sfun.obj
 0002:00000720       __real@41c5494d9c800000    00000001802c1720     c2_DDA2D_OSU3Dv2.obj
 0002:00000728       __real@41ed5e0624000000    00000001802c1728     c2_DDA2D_OSU3Dv2.obj
 0002:00000730       __real@41da15d36f400000    00000001802c1730     c2_DDA2D_OSU3Dv2.obj
 0002:00000738       __real@41dba5e563800000    00000001802c1738     c2_DDA2D_OSU3Dv2.obj
 0002:00000740       __real@4008000000000000    00000001802c1740     c2_DDA2D_OSU3Dv2.obj
 0002:00000748       __real@4030000000000000    00000001802c1748     c2_DDA2D_OSU3Dv2.obj
 0002:00000750       __real@4018000000000000    00000001802c1750     c2_DDA2D_OSU3Dv2.obj
 0002:00000758       __real@4024000000000000    00000001802c1758     c2_DDA2D_OSU3Dv2.obj
 0002:00000760       __real@3ff0000000000000    00000001802c1760     c2_DDA2D_OSU3Dv2.obj
 0002:00000768       __real@4040000000000000    00000001802c1768     c2_DDA2D_OSU3Dv2.obj
 0002:00000770       __mask@@NegDouble@         00000001802c1770     c2_DDA2D_OSU3Dv2.obj
 0002:00000780       __real@4000000000000000    00000001802c1780     c2_DDA2D_OSU3Dv2.obj
 0002:00000788       __real@c0c3880000000000    00000001802c1788     c2_DDA2D_OSU3Dv2.obj
 0002:00000790       __real@4069000000000000    00000001802c1790     c2_DDA2D_OSU3Dv2.obj
 0002:00000798       __real@4059000000000000    00000001802c1798     c2_DDA2D_OSU3Dv2.obj
 0002:000007a0       __real@408f400000000000    00000001802c17a0     c2_DDA2D_OSU3Dv2.obj
 0002:000007a8       __real@40c3880000000000    00000001802c17a8     c2_DDA2D_OSU3Dv2.obj
 0002:000007b0       __real@402e000000000000    00000001802c17b0     c2_DDA2D_OSU3Dv2.obj
 0002:000007b8       __real@bff0000000000000    00000001802c17b8     c2_DDA2D_OSU3Dv2.obj
 0002:000007c0       __real@0000000000000000    00000001802c17c0     c2_DDA2D_OSU3Dv2.obj
 0002:000007c8       __real@41cbc94630000000    00000001802c17c8     c3_DDA2D_OSU3Dv2.obj
 0002:000007d0       __real@4189992b68000000    00000001802c17d0     c3_DDA2D_OSU3Dv2.obj
 0002:000007d8       __real@41e678ada4000000    00000001802c17d8     c3_DDA2D_OSU3Dv2.obj
 0002:000007e0       __real@41e0962788800000    00000001802c17e0     c3_DDA2D_OSU3Dv2.obj
 0002:000007e8       __real@402a000000000000    00000001802c17e8     c3_DDA2D_OSU3Dv2.obj
 0002:000007f0       __real@4022000000000000    00000001802c17f0     c3_DDA2D_OSU3Dv2.obj
 0002:000007f8       __real@401c000000000000    00000001802c17f8     c3_DDA2D_OSU3Dv2.obj
 0002:00000800       __real@4014000000000000    00000001802c1800     c3_DDA2D_OSU3Dv2.obj
 0002:00000808       __real@3ff6a09e667f3bcd    00000001802c1808     c3_DDA2D_OSU3Dv2.obj
 0002:00000810       __real@41b540ac81000000    00000001802c1810     c4_DDA2D_OSU3Dv2.obj
 0002:00000818       __real@41ee2e7609800000    00000001802c1818     c4_DDA2D_OSU3Dv2.obj
 0002:00000820       __real@41e8b04023a00000    00000001802c1820     c4_DDA2D_OSU3Dv2.obj
 0002:00000828       __real@41e87e8e11a00000    00000001802c1828     c4_DDA2D_OSU3Dv2.obj
 0002:00000830       __real@41df840911800000    00000001802c1830     c9_DDA2D_OSU3Dv2.obj
 0002:00000838       __real@41ed30959f200000    00000001802c1838     c9_DDA2D_OSU3Dv2.obj
 0002:00000840       __real@41dc4830be800000    00000001802c1840     c9_DDA2D_OSU3Dv2.obj
 0002:00000848       __real@41c84669ba800000    00000001802c1848     c9_DDA2D_OSU3Dv2.obj
 0002:00000850       __real@4020000000000000    00000001802c1850     c9_DDA2D_OSU3Dv2.obj
 0002:00000858       __real@3f847ae147ae147b    00000001802c1858     c9_DDA2D_OSU3Dv2.obj
 0002:00000860       __real@bfe0000000000000    00000001802c1860     c9_DDA2D_OSU3Dv2.obj
 0002:00000868       __real@bfc779a6b50b0f28    00000001802c1868     c9_DDA2D_OSU3Dv2.obj
 0002:00000870       __real@3fe0000000000000    00000001802c1870     c9_DDA2D_OSU3Dv2.obj
 0002:00000878       __real@3fc779a6b50b0f28    00000001802c1878     c9_DDA2D_OSU3Dv2.obj
 0002:00000880       __real@41b35d6fca000000    00000001802c1880     c11_DDA2D_OSU3Dv2.obj
 0002:00000888       __real@41bdd91d84000000    00000001802c1888     c11_DDA2D_OSU3Dv2.obj
 0002:00000890       __real@41ec1f6e2f000000    00000001802c1890     c11_DDA2D_OSU3Dv2.obj
 0002:00000898       __real@41eed24e64200000    00000001802c1898     c11_DDA2D_OSU3Dv2.obj
 0002:000008a0       __real@3fd999999999999a    00000001802c18a0     c11_DDA2D_OSU3Dv2.obj
 0002:000008a8       __real@3fe28f5c28f5c28f    00000001802c18a8     c11_DDA2D_OSU3Dv2.obj
 0002:000008b0       __real@bf5f7a23879991e2    00000001802c18b0     c11_DDA2D_OSU3Dv2.obj
 0002:000008b8       __real@bf58e3bc278e0e76    00000001802c18b8     c11_DDA2D_OSU3Dv2.obj
 0002:000008c0       __real@bf290f3d0134aacf    00000001802c18c0     c11_DDA2D_OSU3Dv2.obj
 0002:000008c8       __real@3fc352c16df3f962    00000001802c18c8     c11_DDA2D_OSU3Dv2.obj
 0002:000008d0       __real@bfad57eed45e9186    00000001802c18d0     c11_DDA2D_OSU3Dv2.obj
 0002:000008d8       __real@bf4274e89b709a83    00000001802c18d8     c11_DDA2D_OSU3Dv2.obj
 0002:000008e0       __real@3f58e3bc278e0e76    00000001802c18e0     c11_DDA2D_OSU3Dv2.obj
 0002:000008e8       __real@3f5fd35a04ae3a90    00000001802c18e8     c11_DDA2D_OSU3Dv2.obj
 0002:000008f0       __real@3f5fd35c18ed8275    00000001802c18f0     c11_DDA2D_OSU3Dv2.obj
 0002:000008f8       __real@3f6000b896f5b05e    00000001802c18f8     c11_DDA2D_OSU3Dv2.obj
 0002:00000900       __real@3f5f9e80df0d9717    00000001802c1900     c11_DDA2D_OSU3Dv2.obj
 0002:00000908       __real@3f5f9e7f517ac59b    00000001802c1908     c11_DDA2D_OSU3Dv2.obj
 0002:00000910       __real@3f5f7a23879991e2    00000001802c1910     c11_DDA2D_OSU3Dv2.obj
 0002:00000918       __real@3fad57eed45e9186    00000001802c1918     c11_DDA2D_OSU3Dv2.obj
 0002:00000920       __real@bf7e9fc887c3ae40    00000001802c1920     c11_DDA2D_OSU3Dv2.obj
 0002:00000928       __real@3f7e9fc887c3ae40    00000001802c1928     c11_DDA2D_OSU3Dv2.obj
 0002:00000930       __real@3f3645333253dc98    00000001802c1930     c11_DDA2D_OSU3Dv2.obj
 0002:00000938       __real@3f7d30e8553e75dc    00000001802c1938     c11_DDA2D_OSU3Dv2.obj
 0002:00000940       __real@3fc352c59cf23193    00000001802c1940     c11_DDA2D_OSU3Dv2.obj
 0002:00000948       __real@3f58e3ba43da3bd1    00000001802c1948     c11_DDA2D_OSU3Dv2.obj
 0002:00000950       __real@3f290f3d0134aacf    00000001802c1950     c11_DDA2D_OSU3Dv2.obj
 0002:00000958       __real@3f4274e89b709a83    00000001802c1958     c11_DDA2D_OSU3Dv2.obj
 0002:00000960       __real@41ee0e8c2dc00000    00000001802c1960     c64_DDA2D_OSU3Dv2.obj
 0002:00000968       __real@41dfee22bc800000    00000001802c1968     c64_DDA2D_OSU3Dv2.obj
 0002:00000970       __real@41cfd7b533800000    00000001802c1970     c64_DDA2D_OSU3Dv2.obj
 0002:00000978       __real@41ef1a5de9c00000    00000001802c1978     c64_DDA2D_OSU3Dv2.obj
 0002:00000980       __real@4066800000000000    00000001802c1980     c64_DDA2D_OSU3Dv2.obj
 0002:00000988       __real@400921fb54442d18    00000001802c1988     c64_DDA2D_OSU3Dv2.obj
 0002:00000990       __real@41c3c144ac800000    00000001802c1990     c65_DDA2D_OSU3Dv2.obj
 0002:00000998       __real@41d58480b7c00000    00000001802c1998     c65_DDA2D_OSU3Dv2.obj
 0002:000009a0       __real@41e295dc1a000000    00000001802c19a0     c65_DDA2D_OSU3Dv2.obj
 0002:000009a8       __real@41da1647c7000000    00000001802c19a8     c65_DDA2D_OSU3Dv2.obj
 0002:000009b0       __real@41dc8f843e000000    00000001802c19b0     c66_DDA2D_OSU3Dv2.obj
 0002:000009b8       __real@41baab597e000000    00000001802c19b8     c66_DDA2D_OSU3Dv2.obj
 0002:000009c0       __real@41e1903675a00000    00000001802c19c0     c66_DDA2D_OSU3Dv2.obj
 0002:000009c8       __real@41ef2c2259000000    00000001802c19c8     c66_DDA2D_OSU3Dv2.obj
 0002:000009d0       __real@3fa999999999999a    00000001802c19d0     c66_DDA2D_OSU3Dv2.obj
 0002:000009d8       __real@3fcab6ae7d566cf4    00000001802c19d8     c66_DDA2D_OSU3Dv2.obj
 0002:000009e0       __real@3fc76fd21ff2e48f    00000001802c19e0     c66_DDA2D_OSU3Dv2.obj
 0002:000009e8       __real@40239eb851eb851f    00000001802c19e8     c66_DDA2D_OSU3Dv2.obj
 0002:000009f0       __real@404e9eb851eb851f    00000001802c19f0     c66_DDA2D_OSU3Dv2.obj
 0002:000009f8       __real@4036333333333333    00000001802c19f8     c66_DDA2D_OSU3Dv2.obj
 0002:00000a00       __real@40c1bcb99999999a    00000001802c1a00     c66_DDA2D_OSU3Dv2.obj
 0002:00000a08       __real@41dfbb0c7dc00000    00000001802c1a08     c67_DDA2D_OSU3Dv2.obj
 0002:00000a10       __real@4170ff3f50000000    00000001802c1a10     c67_DDA2D_OSU3Dv2.obj
 0002:00000a18       __real@41b602c35b000000    00000001802c1a18     c67_DDA2D_OSU3Dv2.obj
 0002:00000a20       __real@41d88c6a4f800000    00000001802c1a20     c67_DDA2D_OSU3Dv2.obj
 0002:00000a28       __real@4010000000000000    00000001802c1a28     c67_DDA2D_OSU3Dv2.obj
 0002:00000a30       __real@41ceb917dd800000    00000001802c1a30     c68_DDA2D_OSU3Dv2.obj
 0002:00000a38       __real@41e4717030e00000    00000001802c1a38     c68_DDA2D_OSU3Dv2.obj
 0002:00000a40       __real@41e14d4009800000    00000001802c1a40     c68_DDA2D_OSU3Dv2.obj
 0002:00000a48       __real@41d4051842400000    00000001802c1a48     c68_DDA2D_OSU3Dv2.obj
 0002:00000a50       __real@4031000000000000    00000001802c1a50     c68_DDA2D_OSU3Dv2.obj
 0002:00000a58       __real@402c000000000000    00000001802c1a58     c68_DDA2D_OSU3Dv2.obj
 0002:00000a60       __real@8000000000000000    00000001802c1a60     c68_DDA2D_OSU3Dv2.obj
 0002:00000a68       __real@4004f1a6c638d03f    00000001802c1a68     c68_DDA2D_OSU3Dv2.obj
 0002:00000a70       __real@bfb999999999999a    00000001802c1a70     c68_DDA2D_OSU3Dv2.obj
 0002:00000a78       __real@3ff199999999999a    00000001802c1a78     c68_DDA2D_OSU3Dv2.obj
 0002:00000a80       __real@3fb999999999999a    00000001802c1a80     c68_DDA2D_OSU3Dv2.obj
 0002:00000a88       __real@4035000000000000    00000001802c1a88     c68_DDA2D_OSU3Dv2.obj
 0002:00000a90       __real@4033000000000000    00000001802c1a90     c68_DDA2D_OSU3Dv2.obj
 0002:00000a98       __real@4034000000000000    00000001802c1a98     c68_DDA2D_OSU3Dv2.obj
 0002:00000aa0       __real@4028000000000000    00000001802c1aa0     c68_DDA2D_OSU3Dv2.obj
 0002:00000aa8       __real@c00921fb54442d18    00000001802c1aa8     c68_DDA2D_OSU3Dv2.obj
 0002:00000ab0       __real@3fe3333333333333    00000001802c1ab0     c68_DDA2D_OSU3Dv2.obj
 0002:00000ab8       __real@bfd999999999999a    00000001802c1ab8     c68_DDA2D_OSU3Dv2.obj
 0002:00000ac0       __real@bfd3333333333333    00000001802c1ac0     c68_DDA2D_OSU3Dv2.obj
 0002:00000ac8       __real@3fc999999999999a    00000001802c1ac8     c68_DDA2D_OSU3Dv2.obj
 0002:00000ad0       __real@3ff921fb54442d18    00000001802c1ad0     c68_DDA2D_OSU3Dv2.obj
 0002:00000ad8       __real@4022d97c7f3321d2    00000001802c1ad8     c68_DDA2D_OSU3Dv2.obj
 0002:00000ae0       __real@4012d97c7f3321d2    00000001802c1ae0     c68_DDA2D_OSU3Dv2.obj
 0002:00000ae8       __real@4049000000000000    00000001802c1ae8     c68_DDA2D_OSU3Dv2.obj
 0002:00000af0       __real@3f6760ca1a3ff233    00000001802c1af0     c68_DDA2D_OSU3Dv2.obj
 0002:00000af8       __real@3f46f0068db8bac7    00000001802c1af8     c68_DDA2D_OSU3Dv2.obj
 0002:00000b00       __real@403d10c0e60be308    00000001802c1b00     c68_DDA2D_OSU3Dv2.obj
 0002:00000b08       __real@40398cc997feff4c    00000001802c1b08     c68_DDA2D_OSU3Dv2.obj
 0002:00000b10       __real@4094a00000000000    00000001802c1b10     c68_DDA2D_OSU3Dv2.obj
 0002:00000b18       __real@408fe00000000000    00000001802c1b18     c68_DDA2D_OSU3Dv2.obj
 0002:00000b20       __real@3fcb9ffd60e94ee4    00000001802c1b20     c68_DDA2D_OSU3Dv2.obj
 0002:00000b28       __real@4039ae147ae147ae    00000001802c1b28     c68_DDA2D_OSU3Dv2.obj
 0002:00000b30       __real@3f9288ce703afb7f    00000001802c1b30     c68_DDA2D_OSU3Dv2.obj
 0002:00000b38       __real@3fe358e219652bd4    00000001802c1b38     c68_DDA2D_OSU3Dv2.obj
 0002:00000b40       __real@3ffbae147ae147ae    00000001802c1b40     c68_DDA2D_OSU3Dv2.obj
 0002:00000b48       __real@40416a3d70a3d70a    00000001802c1b48     c68_DDA2D_OSU3Dv2.obj
 0002:00000b50       __real@3fe999999999999a    00000001802c1b50     c68_DDA2D_OSU3Dv2.obj
 0002:00000b58       __real@3f9013a92a305532    00000001802c1b58     c68_DDA2D_OSU3Dv2.obj
 0002:00000b60       __real@bf99e83e425aee63    00000001802c1b60     c68_DDA2D_OSU3Dv2.obj
 0002:00000b68       __real@3fc375b813016484    00000001802c1b68     c68_DDA2D_OSU3Dv2.obj
 0002:00000b70       __real@3fbd1b71758e2196    00000001802c1b70     c68_DDA2D_OSU3Dv2.obj
 0002:00000b78       __real@3fc7525460aa64c3    00000001802c1b78     c68_DDA2D_OSU3Dv2.obj
 0002:00000b80       __real@3fc25e353f7ced91    00000001802c1b80     c68_DDA2D_OSU3Dv2.obj
 0002:00000b88       __real@3f89ce075f6fd220    00000001802c1b88     c68_DDA2D_OSU3Dv2.obj
 0002:00000b90       __real@3f9205bc01a36e2f    00000001802c1b90     c68_DDA2D_OSU3Dv2.obj
 0002:00000b98       __real@3f9fbe76c8b43958    00000001802c1b98     c68_DDA2D_OSU3Dv2.obj
 0002:00000ba0       __real@3f9758e219652bd4    00000001802c1ba0     c68_DDA2D_OSU3Dv2.obj
 0002:00000ba8       __real@3fdb320d9945b6c3    00000001802c1ba8     c68_DDA2D_OSU3Dv2.obj
 0002:00000bb0       __real@3fc87b352a843809    00000001802c1bb0     c68_DDA2D_OSU3Dv2.obj
 0002:00000bb8       __real@3fe5da7b0b391926    00000001802c1bb8     c68_DDA2D_OSU3Dv2.obj
 0002:00000bc0       __real@3fe52aed1394317b    00000001802c1bc0     c68_DDA2D_OSU3Dv2.obj
 0002:00000bc8       __real@3fdccccccccccccd    00000001802c1bc8     c68_DDA2D_OSU3Dv2.obj
 0002:00000bd0       __real@40501b98c7e28240    00000001802c1bd0     c68_DDA2D_OSU3Dv2.obj
 0002:00000bd8       __real@4026000000000000    00000001802c1bd8     c68_DDA2D_OSU3Dv2.obj
 0002:00000be0       __real@4092c00000000000    00000001802c1be0     c68_DDA2D_OSU3Dv2.obj
 0002:00000be8       __real@3fc51eb851eb851f    00000001802c1be8     c68_DDA2D_OSU3Dv2.obj
 0002:00000bf0       __real@4044000000000000    00000001802c1bf0     c68_DDA2D_OSU3Dv2.obj
 0002:00000bf8       __real@c0239eb851eb851f    00000001802c1bf8     c68_DDA2D_OSU3Dv2.obj
 0002:00000c00       __real@40316a3d70a3d70a    00000001802c1c00     c68_DDA2D_OSU3Dv2.obj
 0002:00000c08       __real@40350ee75ff609dd    00000001802c1c08     c68_DDA2D_OSU3Dv2.obj
 0002:00000c10       __real@3fe42c6cdaf4adbd    00000001802c1c10     c68_DDA2D_OSU3Dv2.obj
 0002:00000c18       __real@3fcccccccccccccd    00000001802c1c18     c68_DDA2D_OSU3Dv2.obj
 0002:00000c20       __real@3fd0000000000000    00000001802c1c20     c68_DDA2D_OSU3Dv2.obj
 0002:00000c28       __real@3ffeed8f3f2dde2b    00000001802c1c28     c68_DDA2D_OSU3Dv2.obj
 0002:00000c30       __real@3ffd9d15441e98f6    00000001802c1c30     c68_DDA2D_OSU3Dv2.obj
 0002:00000c38       __real@4031aea1f310f1da    00000001802c1c38     c68_DDA2D_OSU3Dv2.obj
 0002:00000c40       __real@3f85f5558aa99a4b    00000001802c1c40     c68_DDA2D_OSU3Dv2.obj
 0002:00000c48       __real@3fcb320d9945b6c3    00000001802c1c48     c68_DDA2D_OSU3Dv2.obj
 0002:00000c50       __real@bf9123299d29be62    00000001802c1c50     c68_DDA2D_OSU3Dv2.obj
 0002:00000c58       __real@3fb84ced59095b9e    00000001802c1c58     c68_DDA2D_OSU3Dv2.obj
 0002:00000c60       __real@3fb6087ca643cc08    00000001802c1c60     c68_DDA2D_OSU3Dv2.obj
 0002:00000c68       __real@4031b68aeea06fc4    00000001802c1c68     c68_DDA2D_OSU3Dv2.obj
 0002:00000c70       __real@3fcbe75b411d05d7    00000001802c1c70     c68_DDA2D_OSU3Dv2.obj
 0002:00000c78       __real@3fc1638b68a2dc27    00000001802c1c78     c68_DDA2D_OSU3Dv2.obj
 0002:00000c80       __real@3f9644a6f066a74c    00000001802c1c80     c68_DDA2D_OSU3Dv2.obj
 0002:00000c88       __real@3fbfda83d5c930f2    00000001802c1c88     c68_DDA2D_OSU3Dv2.obj
 0002:00000c90       __real@40301d03633230de    00000001802c1c90     c68_DDA2D_OSU3Dv2.obj
 0002:00000c98       __real@3f75f5558aa99a4b    00000001802c1c98     c68_DDA2D_OSU3Dv2.obj
 0002:00000ca0       __real@bf8123299d29be62    00000001802c1ca0     c68_DDA2D_OSU3Dv2.obj
 0002:00000ca8       __real@3fa089c384aee3c9    00000001802c1ca8     c68_DDA2D_OSU3Dv2.obj
 0002:00000cb0       __real@3f8644a6f066a74c    00000001802c1cb0     c68_DDA2D_OSU3Dv2.obj
 0002:00000cb8       __real@3fafda83d5c930f2    00000001802c1cb8     c68_DDA2D_OSU3Dv2.obj
 0002:00000cc0       __real@3f840a963ec2c9c4    00000001802c1cc0     c68_DDA2D_OSU3Dv2.obj
[...]
 0001:002661a0       c69_bezierterm             00000001802671a0 f   c69_DDA2D_OSU3Dv2.obj
 0001:00266930       c69_l_sf_marshallOut       0000000180267930 f   c69_DDA2D_OSU3Dv2.obj
 0001:00266a80       c69_l_sf_marshallIn        0000000180267a80 f   c69_DDA2D_OSU3Dv2.obj
 0001:00266bb0       c69_m_sf_marshallOut       0000000180267bb0 f   c69_DDA2D_OSU3Dv2.obj
 0001:00266d30       c69_m_sf_marshallIn        0000000180267d30 f   c69_DDA2D_OSU3Dv2.obj
 0001:00266e60       c69_db_emlrt_marshallIn    0000000180267e60 f   c69_DDA2D_OSU3Dv2.obj
 0001:00266f60       c69_n_sf_marshallOut       0000000180267f60 f   c69_DDA2D_OSU3Dv2.obj
 0001:002670b0       c69_n_sf_marshallIn        00000001802680b0 f   c69_DDA2D_OSU3Dv2.obj
 0001:002671c0       c69_eb_emlrt_marshallIn    00000001802681c0 f   c69_DDA2D_OSU3Dv2.obj
 0001:002672c0       c69_o_sf_marshallOut       00000001802682c0 f   c69_DDA2D_OSU3Dv2.obj
 0001:00267440       c69_o_sf_marshallIn        0000000180268440 f   c69_DDA2D_OSU3Dv2.obj
 0001:00267540       c69_fb_emlrt_marshallIn    0000000180268540 f   c69_DDA2D_OSU3Dv2.obj
 0001:00267640       c69_p_sf_marshallOut       0000000180268640 f   c69_DDA2D_OSU3Dv2.obj
 0001:002677b0       c69_p_sf_marshallIn        00000001802687b0 f   c69_DDA2D_OSU3Dv2.obj
 0001:002678b0       c69_gb_emlrt_marshallIn    00000001802688b0 f   c69_DDA2D_OSU3Dv2.obj
 0001:002679c0       c69_q_sf_marshallOut       00000001802689c0 f   c69_DDA2D_OSU3Dv2.obj
 0001:00267bd0       c69_q_sf_marshallIn        0000000180268bd0 f   c69_DDA2D_OSU3Dv2.obj
 0001:00267d60       c69_r_sf_marshallOut       0000000180268d60 f   c69_DDA2D_OSU3Dv2.obj
 0001:00267f70       c69_r_sf_marshallIn        0000000180268f70 f   c69_DDA2D_OSU3Dv2.obj
 0001:002680f0       c69_s_sf_marshallOut       00000001802690f0 f   c69_DDA2D_OSU3Dv2.obj
 0001:00269570       c69_s_sf_marshallIn        000000018026a570 f   c69_DDA2D_OSU3Dv2.obj
 0001:00269670       c69_t_sf_marshallOut       000000018026a670 f   c69_DDA2D_OSU3Dv2.obj
 0001:002697d0       c69_t_sf_marshallIn        000000018026a7d0 f   c69_DDA2D_OSU3Dv2.obj
 0001:002698d0       c69_hb_emlrt_marshallIn    000000018026a8d0 f   c69_DDA2D_OSU3Dv2.obj
 0001:002699c0       c69_u_sf_marshallOut       000000018026a9c0 f   c69_DDA2D_OSU3Dv2.obj
 0001:00269be0       c69_v_sf_marshallOut       000000018026abe0 f   c69_DDA2D_OSU3Dv2.obj
 0001:00269de0       c69_u_sf_marshallIn        000000018026ade0 f   c69_DDA2D_OSU3Dv2.obj
 0001:00269f70       c69_ib_emlrt_marshallIn    000000018026af70 f   c69_DDA2D_OSU3Dv2.obj
 0001:0026a070       c69_w_sf_marshallOut       000000018026b070 f   c69_DDA2D_OSU3Dv2.obj
 0001:0026a270       c69_v_sf_marshallIn        000000018026b270 f   c69_DDA2D_OSU3Dv2.obj
 0001:0026a400       c69_jb_emlrt_marshallIn    000000018026b400 f   c69_DDA2D_OSU3Dv2.obj
 0001:0026a500       c69_x_sf_marshallOut       000000018026b500 f   c69_DDA2D_OSU3Dv2.obj
 0001:0026a690       c69_w_sf_marshallIn        000000018026b690 f   c69_DDA2D_OSU3Dv2.obj
 0001:0026a7c0       c69_kb_emlrt_marshallIn    000000018026b7c0 f   c69_DDA2D_OSU3Dv2.obj
 0001:0026a910       c69_y_sf_marshallOut       000000018026b910 f   c69_DDA2D_OSU3Dv2.obj
 0001:0026ab00       c69_x_sf_marshallIn        000000018026bb00 f   c69_DDA2D_OSU3Dv2.obj
 0001:0026aca0       c69_lb_emlrt_marshallIn    000000018026bca0 f   c69_DDA2D_OSU3Dv2.obj
 0001:0026aea0       c69_ab_sf_marshallOut      000000018026bea0 f   c69_DDA2D_OSU3Dv2.obj
 0001:0026b090       c69_y_sf_marshallIn        000000018026c090 f   c69_DDA2D_OSU3Dv2.obj
 0001:0026b200       c69_mb_emlrt_marshallIn    000000018026c200 f   c69_DDA2D_OSU3Dv2.obj
 0001:0026b3f0       c69_bb_sf_marshallOut      000000018026c3f0 f   c69_DDA2D_OSU3Dv2.obj
 0001:0026bb50       c69_ab_sf_marshallIn       000000018026cb50 f   c69_DDA2D_OSU3Dv2.obj
 0001:0026bc50       c69_bb_sf_marshallIn       000000018026cc50 f   c69_DDA2D_OSU3Dv2.obj
 0001:0026bdc0       c69_nb_emlrt_marshallIn    000000018026cdc0 f   c69_DDA2D_OSU3Dv2.obj
 0001:0026c690       c69_checkError             000000018026d690 f   c69_DDA2D_OSU3Dv2.obj
 0001:0026e770       c69_ATRIAS3D_ZD_Output03   000000018026f770 f   c69_DDA2D_OSU3Dv2.obj
 0001:00277290       c69_c_sat                  0000000180278290 f   c69_DDA2D_OSU3Dv2.obj
 0001:00277780       c69_bezier                 0000000180278780 f   c69_DDA2D_OSU3Dv2.obj
 0001:002790c0       c69_bezierd                000000018027a0c0 f   c69_DDA2D_OSU3Dv2.obj
 0001:00279ff0       c69_beziera                000000018027aff0 f   c69_DDA2D_OSU3Dv2.obj
 0001:0027af20       c69_d_sat                  000000018027bf20 f   c69_DDA2D_OSU3Dv2.obj
 0001:0027b4b0       c69_db_sf_marshallOut      000000018027c4b0 f   c69_DDA2D_OSU3Dv2.obj
 0001:0027b620       c69_cb_sf_marshallIn       000000018027c620 f   c69_DDA2D_OSU3Dv2.obj
 0001:0027b750       c69_eb_sf_marshallOut      000000018027c750 f   c69_DDA2D_OSU3Dv2.obj
 0001:0027b890       c69_db_sf_marshallIn       000000018027c890 f   c69_DDA2D_OSU3Dv2.obj
 0001:0027b980       c69_ob_emlrt_marshallIn    000000018027c980 f   c69_DDA2D_OSU3Dv2.obj
 0001:0027ba60       c69_sendSerial             000000018027ca60 f   c69_DDA2D_OSU3Dv2.obj
 0001:0027ceb0       c69_initSerial             000000018027deb0 f   c69_DDA2D_OSU3Dv2.obj
 0001:0027f940       c69_serializeControlParamsBus 0000000180280940 f   c69_DDA2D_OSU3Dv2.obj
 0001:00284b90       c69_fb_sf_marshallOut      0000000180285b90 f   c69_DDA2D_OSU3Dv2.obj
 0001:00284cf0       c69_eb_sf_marshallIn       0000000180285cf0 f   c69_DDA2D_OSU3Dv2.obj
 0001:00284e20       c69_pb_emlrt_marshallIn    0000000180285e20 f   c69_DDA2D_OSU3Dv2.obj
 0001:00284f30       c69_eml_scalar_eg          0000000180285f30 f   c69_DDA2D_OSU3Dv2.obj
 0001:00284f40       c69_threshold              0000000180285f40 f   c69_DDA2D_OSU3Dv2.obj
 0001:00284f50       c69_rdivide                0000000180285f50 f   c69_DDA2D_OSU3Dv2.obj
 0001:00284fb0       c69_mpower                 0000000180285fb0 f   c69_DDA2D_OSU3Dv2.obj
 0001:00285020       c69_b_eml_scalar_eg        0000000180286020 f   c69_DDA2D_OSU3Dv2.obj
 0001:00285030       c69_c_eml_scalar_eg        0000000180286030 f   c69_DDA2D_OSU3Dv2.obj
 0001:00285040       c69_eml_switch_helper      0000000180286040 f   c69_DDA2D_OSU3Dv2.obj
 0001:00285050       c69_b_threshold            0000000180286050 f   c69_DDA2D_OSU3Dv2.obj
 0001:00285060       c69_nchoosek               0000000180286060 f   c69_DDA2D_OSU3Dv2.obj
 0001:00285380       c69_isfinite               0000000180286380 f   c69_DDA2D_OSU3Dv2.obj
 0001:00285450       c69_eml_warning            0000000180286450 f   c69_DDA2D_OSU3Dv2.obj
 0001:00285590       c69_power                  0000000180286590 f   c69_DDA2D_OSU3Dv2.obj
 0001:002856a0       c69_eml_error              00000001802866a0 f   c69_DDA2D_OSU3Dv2.obj
 0001:002857e0       c69_realmax                00000001802867e0 f   c69_DDA2D_OSU3Dv2.obj
 0001:002857f0       c69_eml_li_find            00000001802867f0 f   c69_DDA2D_OSU3Dv2.obj
 0001:00285970       c69_repmat                 0000000180286970 f   c69_DDA2D_OSU3Dv2.obj
 0001:002859d0       c69_b_repmat               00000001802869d0 f   c69_DDA2D_OSU3Dv2.obj
 0001:00285a30       c69_b_eml_li_find          0000000180286a30 f   c69_DDA2D_OSU3Dv2.obj
 0001:00285da0       c69_d_eml_scalar_eg        0000000180286da0 f   c69_DDA2D_OSU3Dv2.obj
 0001:00285db0       c69_any                    0000000180286db0 f   c69_DDA2D_OSU3Dv2.obj
 0001:00285e30       c69_e_eml_scalar_eg        0000000180286e30 f   c69_DDA2D_OSU3Dv2.obj
 0001:00285e40       c69_f_eml_scalar_eg        0000000180286e40 f   c69_DDA2D_OSU3Dv2.obj
 0001:00285e50       c69_do_vectors             0000000180286e50 f   c69_DDA2D_OSU3Dv2.obj
 0001:00286910       c69_g_eml_scalar_eg        0000000180287910 f   c69_DDA2D_OSU3Dv2.obj
 0001:00286920       c69_eml_xgemm              0000000180287920 f   c69_DDA2D_OSU3Dv2.obj
 0001:00286fd0       c69_use_refblas            0000000180287fd0 f   c69_DDA2D_OSU3Dv2.obj
 0001:00286fe0       c69_below_threshold        0000000180287fe0 f   c69_DDA2D_OSU3Dv2.obj
 0001:00287000       c69_mod                    0000000180288000 f   c69_DDA2D_OSU3Dv2.obj
 0001:00287250       c69_b_skip_to_last_equal_value 0000000180288250 f   c69_DDA2D_OSU3Dv2.obj
 0001:00287620       sf_opaque_ext_mode_exec_c69_DDA2D_OSU3Dv2 0000000180288620 f   c69_DDA2D_OSU3Dv2.obj
 0001:00287640       ext_mode_exec_c69_DDA2D_OSU3Dv2 0000000180288640 f   c69_DDA2D_OSU3Dv2.obj
 0001:00287660       c69_update_debugger_state_c69_DDA2D_OSU3Dv2 0000000180288660 f   c69_DDA2D_OSU3Dv2.obj
 0001:00289c30       sf_opaque_get_sim_state_c69_DDA2D_OSU3Dv2 000000018028ac30 f   c69_DDA2D_OSU3Dv2.obj
 0001:00289c80       get_sim_state_c69_DDA2D_OSU3Dv2 000000018028ac80 f   c69_DDA2D_OSU3Dv2.obj
 0001:002990c0       sf_opaque_set_sim_state_c69_DDA2D_OSU3Dv2 000000018029a0c0 f   c69_DDA2D_OSU3Dv2.obj
 0001:00299110       set_sim_state_c69_DDA2D_OSU3Dv2 000000018029a110 f   c69_DDA2D_OSU3Dv2.obj
 0001:0029b670       c69_b_emlrt_marshallIn     000000018029c670 f   c69_DDA2D_OSU3Dv2.obj
 0001:0029b6e0       c69_i_emlrt_marshallIn     000000018029c6e0 f   c69_DDA2D_OSU3Dv2.obj
 0001:0029b750       c69_k_emlrt_marshallIn     000000018029c750 f   c69_DDA2D_OSU3Dv2.obj
 0001:0029b7c0       c69_bb_emlrt_marshallIn    000000018029c7c0 f   c69_DDA2D_OSU3Dv2.obj
 0001:0029b8b0       c69_rb_emlrt_marshallIn    000000018029c8b0 f   c69_DDA2D_OSU3Dv2.obj
 0001:0029b910       c69_sb_emlrt_marshallIn    000000018029c910 f   c69_DDA2D_OSU3Dv2.obj
 0001:0029b9a0       c69_tb_emlrt_marshallIn    000000018029c9a0 f   c69_DDA2D_OSU3Dv2.obj
 0001:0029ba10       c69_vb_emlrt_marshallIn    000000018029ca10 f   c69_DDA2D_OSU3Dv2.obj
 0001:0029ba70       c69_wb_emlrt_marshallIn    000000018029ca70 f   c69_DDA2D_OSU3Dv2.obj
 0001:0029bb00       c69_xb_emlrt_marshallIn    000000018029cb00 f   c69_DDA2D_OSU3Dv2.obj
 0001:0029bb80       c69_yb_emlrt_marshallIn    000000018029cb80 f   c69_DDA2D_OSU3Dv2.obj
 0001:0029bbe0       sf_opaque_terminate_c69_DDA2D_OSU3Dv2 000000018029cbe0 f   c69_DDA2D_OSU3Dv2.obj
 0001:0029bc80       finalize_c69_DDA2D_OSU3Dv2 000000018029cc80 f   c69_DDA2D_OSU3Dv2.obj
 0001:0029bcb0       sf_opaque_init_subchart_simstructs 000000018029ccb0 f   c69_DDA2D_OSU3Dv2.obj
 0001:0029bcd0       initSimStructsc69_DDA2D_OSU3Dv2 000000018029ccd0 f   c69_DDA2D_OSU3Dv2.obj
 0001:0029bce0       sf_get_sfun_dwork_checksum 000000018029cce0 f   c69_DDA2D_OSU3Dv2.obj
 0001:0029bcf0       mdlRTW_c69_DDA2D_OSU3Dv2   000000018029ccf0 f   c69_DDA2D_OSU3Dv2.obj
 0001:0029ca10       mdlProcessParameters_c70_DDA2D_OSU3Dv2 000000018029da10 f   c70_DDA2D_OSU3Dv2.obj
 0001:0029caf0       initialize_params_c70_DDA2D_OSU3Dv2 000000018029daf0 f   c70_DDA2D_OSU3Dv2.obj
 0001:0029cb00       mdlSetWorkWidths_c70_DDA2D_OSU3Dv2 000000018029db00 f   c70_DDA2D_OSU3Dv2.obj
 0001:0029d090       sf_get_instance_specialization 000000018029e090 f   c70_DDA2D_OSU3Dv2.obj
 0001:0029d0a0       mdlStart_c70_DDA2D_OSU3Dv2 000000018029e0a0 f   c70_DDA2D_OSU3Dv2.obj
 0001:0029d320       init_dsm_address_info      000000018029e320 f   c70_DDA2D_OSU3Dv2.obj
 0001:0029d330       init_simulink_io_address   000000018029e330 f   c70_DDA2D_OSU3Dv2.obj
 0001:0029d400       sf_get_sim_state_info_c70_DDA2D_OSU3Dv2 000000018029e400 f   c70_DDA2D_OSU3Dv2.obj
 0001:0029d4c0       chart_debug_initialization 000000018029e4c0 f   c70_DDA2D_OSU3Dv2.obj
 0001:0029e400       init_script_number_translation 000000018029f400 f   c70_DDA2D_OSU3Dv2.obj
 0001:0029e420       c70_b_sf_marshallOut       000000018029f420 f   c70_DDA2D_OSU3Dv2.obj
 0001:0029e4d0       c70_c_sf_marshallOut       000000018029f4d0 f   c70_DDA2D_OSU3Dv2.obj
 0001:0029e580       c70_ControlParams1_bus_io  000000018029f580 f   c70_DDA2D_OSU3Dv2.obj
 0001:0029fc80       c70_sf_marshallOut         00000001802a0c80 f   c70_DDA2D_OSU3Dv2.obj
 0001:002a5b10       sf_opaque_initialize_c70_DDA2D_OSU3Dv2 00000001802a6b10 f   c70_DDA2D_OSU3Dv2.obj
 0001:002a5b50       initialize_c70_DDA2D_OSU3Dv2 00000001802a6b50 f   c70_DDA2D_OSU3Dv2.obj
 0001:002a5ba0       sf_opaque_enable_c70_DDA2D_OSU3Dv2 00000001802a6ba0 f   c70_DDA2D_OSU3Dv2.obj
 0001:002a5bc0       enable_c70_DDA2D_OSU3Dv2   00000001802a6bc0 f   c70_DDA2D_OSU3Dv2.obj
 0001:002a5bf0       sf_opaque_disable_c70_DDA2D_OSU3Dv2 00000001802a6bf0 f   c70_DDA2D_OSU3Dv2.obj
 0001:002a5c10       disable_c70_DDA2D_OSU3Dv2  00000001802a6c10 f   c70_DDA2D_OSU3Dv2.obj
 0001:002a5c40       sf_opaque_gateway_c70_DDA2D_OSU3Dv2 00000001802a6c40 f   c70_DDA2D_OSU3Dv2.obj
 0001:002a5c60       sf_gateway_c70_DDA2D_OSU3Dv2 00000001802a6c60 f   c70_DDA2D_OSU3Dv2.obj
 0001:002aa120       c70_sf_marshallIn          00000001802ab120 f   c70_DDA2D_OSU3Dv2.obj
 0001:002aa220       c70_b_emlrt_marshallIn     00000001802ab220 f   c70_DDA2D_OSU3Dv2.obj
 0001:002aa4b0       c70_c_emlrt_marshallIn     00000001802ab4b0 f   c70_DDA2D_OSU3Dv2.obj
 0001:002abb00       c70_d_emlrt_marshallIn     00000001802acb00 f   c70_DDA2D_OSU3Dv2.obj
 0001:002abb90       c70_e_emlrt_marshallIn     00000001802acb90 f   c70_DDA2D_OSU3Dv2.obj
 0001:002abc60       c70_f_emlrt_marshallIn     00000001802acc60 f   c70_DDA2D_OSU3Dv2.obj
 0001:002abd60       c70_g_emlrt_marshallIn     00000001802acd60 f   c70_DDA2D_OSU3Dv2.obj
 0001:002abe50       c70_h_emlrt_marshallIn     00000001802ace50 f   c70_DDA2D_OSU3Dv2.obj
 0001:002abf40       c70_i_emlrt_marshallIn     00000001802acf40 f   c70_DDA2D_OSU3Dv2.obj
 0001:002ac040       c70_j_emlrt_marshallIn     00000001802ad040 f   c70_DDA2D_OSU3Dv2.obj
 0001:002ac3e0       c70_k_emlrt_marshallIn     00000001802ad3e0 f   c70_DDA2D_OSU3Dv2.obj
 0001:002acb50       c70_l_emlrt_marshallIn     00000001802adb50 f   c70_DDA2D_OSU3Dv2.obj
 0001:002acc60       c70_m_emlrt_marshallIn     00000001802adc60 f   c70_DDA2D_OSU3Dv2.obj
 0001:002acd70       c70_n_emlrt_marshallIn     00000001802add70 f   c70_DDA2D_OSU3Dv2.obj
 0001:002ace50       c70_o_emlrt_marshallIn     00000001802ade50 f   c70_DDA2D_OSU3Dv2.obj
 0001:002ad050       c70_p_emlrt_marshallIn     00000001802ae050 f   c70_DDA2D_OSU3Dv2.obj
 0001:002ad150       c70_q_emlrt_marshallIn     00000001802ae150 f   c70_DDA2D_OSU3Dv2.obj
 0001:002ad250       c70_r_emlrt_marshallIn     00000001802ae250 f   c70_DDA2D_OSU3Dv2.obj
 0001:002ad360       c70_s_emlrt_marshallIn     00000001802ae360 f   c70_DDA2D_OSU3Dv2.obj
 0001:002ad470       c70_t_emlrt_marshallIn     00000001802ae470 f   c70_DDA2D_OSU3Dv2.obj
 0001:002ad580       c70_u_emlrt_marshallIn     00000001802ae580 f   c70_DDA2D_OSU3Dv2.obj
 0001:002adf70       c70_v_emlrt_marshallIn     00000001802aef70 f   c70_DDA2D_OSU3Dv2.obj
 0001:002ae250       c70_b_sf_marshallIn        00000001802af250 f   c70_DDA2D_OSU3Dv2.obj
 0001:002ae2f0       sf_opaque_get_sim_state_c70_DDA2D_OSU3Dv2 00000001802af2f0 f   c70_DDA2D_OSU3Dv2.obj
 0001:002ae340       get_sim_state_c70_DDA2D_OSU3Dv2 00000001802af340 f   c70_DDA2D_OSU3Dv2.obj
 0001:002b5ce0       sf_opaque_set_sim_state_c70_DDA2D_OSU3Dv2 00000001802b6ce0 f   c70_DDA2D_OSU3Dv2.obj
 0001:002b5d30       set_sim_state_c70_DDA2D_OSU3Dv2 00000001802b6d30 f   c70_DDA2D_OSU3Dv2.obj
 0001:002b7880       c70_update_debugger_state_c70_DDA2D_OSU3Dv2 00000001802b8880 f   c70_DDA2D_OSU3Dv2.obj
 0001:002b7890       c70_emlrt_marshallIn       00000001802b8890 f   c70_DDA2D_OSU3Dv2.obj
 0001:002b7900       c70_x_emlrt_marshallIn     00000001802b8900 f   c70_DDA2D_OSU3Dv2.obj
 0001:002b7960       c70_y_emlrt_marshallIn     00000001802b8960 f   c70_DDA2D_OSU3Dv2.obj
 0001:002b79f0       sf_opaque_terminate_c70_DDA2D_OSU3Dv2 00000001802b89f0 f   c70_DDA2D_OSU3Dv2.obj
 0001:002b7a90       finalize_c70_DDA2D_OSU3Dv2 00000001802b8a90 f   c70_DDA2D_OSU3Dv2.obj
 0001:002b7aa0       sf_opaque_init_subchart_simstructs 00000001802b8aa0 f   c70_DDA2D_OSU3Dv2.obj
 0001:002b7ac0       initSimStructsc70_DDA2D_OSU3Dv2 00000001802b8ac0 f   c70_DDA2D_OSU3Dv2.obj
 0001:002b7ad0       mdlRTW_c70_DDA2D_OSU3Dv2   00000001802b8ad0 f   c70_DDA2D_OSU3Dv2.obj
 0001:002b88d0       getChartInfoFromSimStruct  00000001802b98d0 f   DDA2D_OSU3Dv2_sfun_registry.obj
 0001:002b9f70       _ssFatalError              00000001802baf70 f   DDA2D_OSU3Dv2_sfun_registry.obj
 0001:002bd020       ProcessMexSfunctionCmdLineCall 00000001802be020 f   DDA2D_OSU3Dv2_sfun_registry.obj
 0001:002bd1f0       sf_debug_api_wrapper       00000001802be1f0 f   DDA2D_OSU3Dv2_sfun_registry.obj
 0001:002bd240       mdlStart                   00000001802be240 f   DDA2D_OSU3Dv2_sfun_registry.obj
 0001:002bd270       mdl_start_processing       00000001802be270 f   DDA2D_OSU3Dv2_sfun_registry.obj
 0001:002bd330       mdlTerminate               00000001802be330 f   DDA2D_OSU3Dv2_sfun_registry.obj
 0001:002bd360       mdl_terminate_processing   00000001802be360 f   DDA2D_OSU3Dv2_sfun_registry.obj
 0001:002bd3e0       mdlInitializeSampleTimes   00000001802be3e0 f   DDA2D_OSU3Dv2_sfun_registry.obj
 0001:002bd410       mdlZeroCrossings           00000001802be410 f   DDA2D_OSU3Dv2_sfun_registry.obj
 0001:002bd440       mdl_zeroCrossings_processing 00000001802be440 f   DDA2D_OSU3Dv2_sfun_registry.obj
 0001:002bd480       mdlDerivatives             00000001802be480 f   DDA2D_OSU3Dv2_sfun_registry.obj
 0001:002bd4b0       mdl_derivatives_processing 00000001802be4b0 f   DDA2D_OSU3Dv2_sfun_registry.obj
 0001:002bd500       mdlInitializeConditions    00000001802be500 f   DDA2D_OSU3Dv2_sfun_registry.obj
 0001:002bd530       mdl_initialize_conditions_processing 00000001802be530 f   DDA2D_OSU3Dv2_sfun_registry.obj
 0001:002bd580       mdlEnable                  00000001802be580 f   DDA2D_OSU3Dv2_sfun_registry.obj
 0001:002bd5b0       mdl_enable_processing      00000001802be5b0 f   DDA2D_OSU3Dv2_sfun_registry.obj
 0001:002bd5f0       mdlDisable                 00000001802be5f0 f   DDA2D_OSU3Dv2_sfun_registry.obj
 0001:002bd620       mdl_disable_processing     00000001802be620 f   DDA2D_OSU3Dv2_sfun_registry.obj
 0001:002bd660       mdlOutputs                 00000001802be660 f   DDA2D_OSU3Dv2_sfun_registry.obj
 0001:002bd690       mdl_outputs_processing     00000001802be690 f   DDA2D_OSU3Dv2_sfun_registry.obj
 0001:002bd770       mdl_outputs_continuous_legacy 00000001802be770 f   DDA2D_OSU3Dv2_sfun_registry.obj
 0001:002bd860       mdlGetTimeOfNextVarHit     00000001802be860 f   DDA2D_OSU3Dv2_sfun_registry.obj
 0001:002bd8b0       _ProcessMexSfunctionCmdLineCall 00000001802be8b0 f   DDA2D_OSU3Dv2_sfun_registry.obj
 0001:002be000       mdlSetWorkWidths           00000001802bf000 f   DDA2D_OSU3Dv2_sfun_registry.obj
 0001:002be030       mdlProcessParameters       00000001802bf030 f   DDA2D_OSU3Dv2_sfun_registry.obj
 0001:002be060       mdlInitializeSizes         00000001802bf060 f   DDA2D_OSU3Dv2_sfun_registry.obj
 0001:002be090       mdlExtModeExec             00000001802bf090 f   DDA2D_OSU3Dv2_sfun_registry.obj
 0001:002be0c0       mdl_ext_mode_exec_processing 00000001802bf0c0 f   DDA2D_OSU3Dv2_sfun_registry.obj
 0001:002be100       mdlRTW                     00000001802bf100 f   DDA2D_OSU3Dv2_sfun_registry.obj
 0001:002be140       _CreateSimStruct           00000001802bf140 f   DDA2D_OSU3Dv2_sfun_registry.obj
 0001:002be2d0       _RegNumInputPortsCB        00000001802bf2d0 f   DDA2D_OSU3Dv2_sfun_registry.obj
 0001:002be350       _RegNumOutputPortsCB       00000001802bf350 f   DDA2D_OSU3Dv2_sfun_registry.obj
 0001:002bea74       pre_c_init                 00000001802bfa74 f   MSVCRT:crtdll.obj
 0001:002bed30       __DllMainCRTStartup        00000001802bfd30 f   MSVCRT:crtdll.obj
 0001:002bf3a0       __DllMainCRTStartup$filt$0 00000001802c03a0 f   MSVCRT:crtdll.obj
 0001:002bf3d0       __DllMainCRTStartup$fin$1  00000001802c03d0 f   MSVCRT:crtdll.obj
 0001:002bf3ea       _onexit$fin$0              00000001802c03ea f   MSVCRT:atonexit.obj
 0001:002bf410       _IsNonwritableInCurrentImage$filt$0 00000001802c0410 f   MSVCRT:pesect.obj
